Archive member included to satisfy reference by file (symbol)

I:/ARM-GN~1.3/133167~1.3RE/bin/../lib/gcc/arm-none-eabi/13.3.1/thumb/v7e-m+fp/hard\libgcc.a(_arm_muldf3.o)
                              CMakeFiles/Engineering_UserDefine_Version2.elf.dir/Virtual_IIC/iic1.c.obj (__aeabi_dmul)
I:/ARM-GN~1.3/133167~1.3RE/bin/../lib/gcc/arm-none-eabi/13.3.1/thumb/v7e-m+fp/hard\libgcc.a(_arm_addsubdf3.o)
                              CMakeFiles/Engineering_UserDefine_Version2.elf.dir/Virtual_IIC/iic1.c.obj (__aeabi_i2d)
I:/ARM-GN~1.3/133167~1.3RE/bin/../lib/gcc/arm-none-eabi/13.3.1/thumb/v7e-m+fp/hard\libgcc.a(_arm_truncdfsf2.o)
                              CMakeFiles/Engineering_UserDefine_Version2.elf.dir/Virtual_IIC/iic1.c.obj (__aeabi_d2f)
I:/ARM-GN~1.3/133167~1.3RE/bin/../lib/gcc/arm-none-eabi/13.3.1/thumb/v7e-m+fp/hard\libgcc.a(_aeabi_uldivmod.o)
                              CMakeFiles/Engineering_UserDefine_Version2.elf.dir/Drivers/STM32F4xx_HAL_Driver/Src/stm32f4xx_hal_rcc.c.obj (__aeabi_uldivmod)
I:/ARM-GN~1.3/133167~1.3RE/bin/../lib/gcc/arm-none-eabi/13.3.1/thumb/v7e-m+fp/hard\libgcc.a(_udivmoddi4.o)
                              I:/ARM-GN~1.3/133167~1.3RE/bin/../lib/gcc/arm-none-eabi/13.3.1/thumb/v7e-m+fp/hard\libgcc.a(_aeabi_uldivmod.o) (__udivmoddi4)
I:/ARM-GN~1.3/133167~1.3RE/bin/../lib/gcc/arm-none-eabi/13.3.1/thumb/v7e-m+fp/hard\libgcc.a(_dvmd_tls.o)
                              I:/ARM-GN~1.3/133167~1.3RE/bin/../lib/gcc/arm-none-eabi/13.3.1/thumb/v7e-m+fp/hard\libgcc.a(_aeabi_uldivmod.o) (__aeabi_ldiv0)
I:/ARM-GN~1.3/133167~1.3RE/bin/../lib/gcc/arm-none-eabi/13.3.1/thumb/v7e-m+fp/hard\libg.a(libc_a-exit.o)
                              I:/ARM-GN~1.3/133167~1.3RE/bin/../lib/gcc/arm-none-eabi/13.3.1/thumb/v7e-m+fp/hard/crt0.o (exit)
I:/ARM-GN~1.3/133167~1.3RE/bin/../lib/gcc/arm-none-eabi/13.3.1/thumb/v7e-m+fp/hard\libg.a(libc_a-findfp.o)
                              I:/ARM-GN~1.3/133167~1.3RE/bin/../lib/gcc/arm-none-eabi/13.3.1/thumb/v7e-m+fp/hard\libg.a(libc_a-exit.o) (__stdio_exit_handler)
I:/ARM-GN~1.3/133167~1.3RE/bin/../lib/gcc/arm-none-eabi/13.3.1/thumb/v7e-m+fp/hard\libg.a(libc_a-fwalk.o)
                              I:/ARM-GN~1.3/133167~1.3RE/bin/../lib/gcc/arm-none-eabi/13.3.1/thumb/v7e-m+fp/hard\libg.a(libc_a-findfp.o) (_fwalk_sglue)
I:/ARM-GN~1.3/133167~1.3RE/bin/../lib/gcc/arm-none-eabi/13.3.1/thumb/v7e-m+fp/hard\libg.a(libc_a-stdio.o)
                              I:/ARM-GN~1.3/133167~1.3RE/bin/../lib/gcc/arm-none-eabi/13.3.1/thumb/v7e-m+fp/hard\libg.a(libc_a-findfp.o) (__sread)
I:/ARM-GN~1.3/133167~1.3RE/bin/../lib/gcc/arm-none-eabi/13.3.1/thumb/v7e-m+fp/hard\libg.a(libc_a-memset.o)
                              I:/ARM-GN~1.3/133167~1.3RE/bin/../lib/gcc/arm-none-eabi/13.3.1/thumb/v7e-m+fp/hard/crt0.o (memset)
I:/ARM-GN~1.3/133167~1.3RE/bin/../lib/gcc/arm-none-eabi/13.3.1/thumb/v7e-m+fp/hard\libg.a(libc_a-closer.o)
                              I:/ARM-GN~1.3/133167~1.3RE/bin/../lib/gcc/arm-none-eabi/13.3.1/thumb/v7e-m+fp/hard\libg.a(libc_a-stdio.o) (_close_r)
I:/ARM-GN~1.3/133167~1.3RE/bin/../lib/gcc/arm-none-eabi/13.3.1/thumb/v7e-m+fp/hard\libg.a(libc_a-reent.o)
                              I:/ARM-GN~1.3/133167~1.3RE/bin/../lib/gcc/arm-none-eabi/13.3.1/thumb/v7e-m+fp/hard\libg.a(libc_a-closer.o) (errno)
I:/ARM-GN~1.3/133167~1.3RE/bin/../lib/gcc/arm-none-eabi/13.3.1/thumb/v7e-m+fp/hard\libg.a(libc_a-impure.o)
                              I:/ARM-GN~1.3/133167~1.3RE/bin/../lib/gcc/arm-none-eabi/13.3.1/thumb/v7e-m+fp/hard\libg.a(libc_a-reent.o) (_impure_ptr)
I:/ARM-GN~1.3/133167~1.3RE/bin/../lib/gcc/arm-none-eabi/13.3.1/thumb/v7e-m+fp/hard\libg.a(libc_a-lseekr.o)
                              I:/ARM-GN~1.3/133167~1.3RE/bin/../lib/gcc/arm-none-eabi/13.3.1/thumb/v7e-m+fp/hard\libg.a(libc_a-stdio.o) (_lseek_r)
I:/ARM-GN~1.3/133167~1.3RE/bin/../lib/gcc/arm-none-eabi/13.3.1/thumb/v7e-m+fp/hard\libg.a(libc_a-readr.o)
                              I:/ARM-GN~1.3/133167~1.3RE/bin/../lib/gcc/arm-none-eabi/13.3.1/thumb/v7e-m+fp/hard\libg.a(libc_a-stdio.o) (_read_r)
I:/ARM-GN~1.3/133167~1.3RE/bin/../lib/gcc/arm-none-eabi/13.3.1/thumb/v7e-m+fp/hard\libg.a(libc_a-writer.o)
                              I:/ARM-GN~1.3/133167~1.3RE/bin/../lib/gcc/arm-none-eabi/13.3.1/thumb/v7e-m+fp/hard\libg.a(libc_a-stdio.o) (_write_r)
I:/ARM-GN~1.3/133167~1.3RE/bin/../lib/gcc/arm-none-eabi/13.3.1/thumb/v7e-m+fp/hard\libg.a(libc_a-errno.o)
                              CMakeFiles/Engineering_UserDefine_Version2.elf.dir/Core/Src/syscalls.c.obj (__errno)
I:/ARM-GN~1.3/133167~1.3RE/bin/../lib/gcc/arm-none-eabi/13.3.1/thumb/v7e-m+fp/hard\libg.a(libc_a-init.o)
                              I:/ARM-GN~1.3/133167~1.3RE/bin/../lib/gcc/arm-none-eabi/13.3.1/thumb/v7e-m+fp/hard/crt0.o (__libc_init_array)
I:/ARM-GN~1.3/133167~1.3RE/bin/../lib/gcc/arm-none-eabi/13.3.1/thumb/v7e-m+fp/hard\libg.a(libc_a-lock.o)
[...]
Memory Configuration

Name             Origin             Length             Attributes
CCMRAM           0x10000000         0x00010000         xrw
RAM              0x20000000         0x00020000         xrw
FLASH            0x08000000         0x00080000         xr
*default*        0x00000000         0xffffffff

Linker script and memory map

LOAD I:/ARM-GN~1.3/133167~1.3RE/bin/../lib/gcc/arm-none-eabi/13.3.1/thumb/v7e-m+fp/hard/crti.o
LOAD I:/ARM-GN~1.3/133167~1.3RE/bin/../lib/gcc/arm-none-eabi/13.3.1/thumb/v7e-m+fp/hard/crtbegin.o
LOAD I:/ARM-GN~1.3/133167~1.3RE/bin/../lib/gcc/arm-none-eabi/13.3.1/thumb/v7e-m+fp/hard/crt0.o
LOAD CMakeFiles/Engineering_UserDefine_Version2.elf.dir/Core/Src/dma.c.obj
LOAD CMakeFiles/Engineering_UserDefine_Version2.elf.dir/Core/Src/freertos.c.obj
LOAD CMakeFiles/Engineering_UserDefine_Version2.elf.dir/Core/Src/gpio.c.obj
LOAD CMakeFiles/Engineering_UserDefine_Version2.elf.dir/Core/Src/main.c.obj
LOAD CMakeFiles/Engineering_UserDefine_Version2.elf.dir/Core/Src/stm32f4xx_hal_msp.c.obj
LOAD CMakeFiles/Engineering_UserDefine_Version2.elf.dir/Core/Src/stm32f4xx_hal_timebase_tim.c.obj
LOAD CMakeFiles/Engineering_UserDefine_Version2.elf.dir/Core/Src/stm32f4xx_it.c.obj
LOAD CMakeFiles/Engineering_UserDefine_Version2.elf.dir/Core/Src/syscalls.c.obj
LOAD CMakeFiles/Engineering_UserDefine_Version2.elf.dir/Core/Src/sysmem.c.obj
LOAD CMakeFiles/Engineering_UserDefine_Version2.elf.dir/Core/Src/system_stm32f4xx.c.obj
LOAD CMakeFiles/Engineering_UserDefine_Version2.elf.dir/Core/Src/usart.c.obj
LOAD CMakeFiles/Engineering_UserDefine_Version2.elf.dir/Core/Startup/startup_stm32f407vetx.s.obj
LOAD CMakeFiles/Engineering_UserDefine_Version2.elf.dir/Drivers/STM32F4xx_HAL_Driver/Src/stm32f4xx_hal.c.obj
LOAD CMakeFiles/Engineering_UserDefine_Version2.elf.dir/Drivers/STM32F4xx_HAL_Driver/Src/stm32f4xx_hal_cortex.c.obj
LOAD CMakeFiles/Engineering_UserDefine_Version2.elf.dir/Drivers/STM32F4xx_HAL_Driver/Src/stm32f4xx_hal_dma.c.obj
LOAD CMakeFiles/Engineering_UserDefine_Version2.elf.dir/Drivers/STM32F4xx_HAL_Driver/Src/stm32f4xx_hal_dma_ex.c.obj
LOAD CMakeFiles/Engineering_UserDefine_Version2.elf.dir/Drivers/STM32F4xx_HAL_Driver/Src/stm32f4xx_hal_exti.c.obj
LOAD CMakeFiles/Engineering_UserDefine_Version2.elf.dir/Drivers/STM32F4xx_HAL_Driver/Src/stm32f4xx_hal_flash.c.obj
LOAD CMakeFiles/Engineering_UserDefine_Version2.elf.dir/Drivers/STM32F4xx_HAL_Driver/Src/stm32f4xx_hal_flash_ex.c.obj
LOAD CMakeFiles/Engineering_UserDefine_Version2.elf.dir/Drivers/STM32F4xx_HAL_Driver/Src/stm32f4xx_hal_flash_ramfunc.c.obj
LOAD CMakeFiles/Engineering_UserDefine_Version2.elf.dir/Drivers/STM32F4xx_HAL_Driver/Src/stm32f4xx_hal_gpio.c.obj
LOAD CMakeFiles/Engineering_UserDefine_Version2.elf.dir/Drivers/STM32F4xx_HAL_Driver/Src/stm32f4xx_hal_pwr.c.obj
LOAD CMakeFiles/Engineering_UserDefine_Version2.elf.dir/Drivers/STM32F4xx_HAL_Driver/Src/stm32f4xx_hal_pwr_ex.c.obj
LOAD CMakeFiles/Engineering_UserDefine_Version2.elf.dir/Drivers/STM32F4xx_HAL_Driver/Src/stm32f4xx_hal_rcc.c.obj
LOAD CMakeFiles/Engineering_UserDefine_Version2.elf.dir/Drivers/STM32F4xx_HAL_Driver/Src/stm32f4xx_hal_rcc_ex.c.obj
LOAD CMakeFiles/Engineering_UserDefine_Version2.elf.dir/Drivers/STM32F4xx_HAL_Driver/Src/stm32f4xx_hal_tim.c.obj
LOAD CMakeFiles/Engineering_UserDefine_Version2.elf.dir/Drivers/STM32F4xx_HAL_Driver/Src/stm32f4xx_hal_tim_ex.c.obj
LOAD CMakeFiles/Engineering_UserDefine_Version2.elf.dir/Drivers/STM32F4xx_HAL_Driver/Src/stm32f4xx_hal_uart.c.obj
LOAD CMakeFiles/Engineering_UserDefine_Version2.elf.dir/Middlewares/Third_Party/FreeRTOS/Source/CMSIS_RTOS/cmsis_os.c.obj
LOAD CMakeFiles/Engineering_UserDefine_Version2.elf.dir/Middlewares/Third_Party/FreeRTOS/Source/croutine.c.obj
LOAD CMakeFiles/Engineering_UserDefine_Version2.elf.dir/Middlewares/Third_Party/FreeRTOS/Source/event_groups.c.obj
LOAD CMakeFiles/Engineering_UserDefine_Version2.elf.dir/Middlewares/Third_Party/FreeRTOS/Source/list.c.obj
LOAD CMakeFiles/Engineering_UserDefine_Version2.elf.dir/Middlewares/Third_Party/FreeRTOS/Source/portable/GCC/ARM_CM4F/port.c.obj
LOAD CMakeFiles/Engineering_UserDefine_Version2.elf.dir/Middlewares/Third_Party/FreeRTOS/Source/portable/MemMang/heap_4.c.obj
LOAD CMakeFiles/Engineering_UserDefine_Version2.elf.dir/Middlewares/Third_Party/FreeRTOS/Source/queue.c.obj
LOAD CMakeFiles/Engineering_UserDefine_Version2.elf.dir/Middlewares/Third_Party/FreeRTOS/Source/stream_buffer.c.obj
LOAD CMakeFiles/Engineering_UserDefine_Version2.elf.dir/Middlewares/Third_Party/FreeRTOS/Source/tasks.c.obj
LOAD CMakeFiles/Engineering_UserDefine_Version2.elf.dir/Middlewares/Third_Party/FreeRTOS/Source/timers.c.obj
LOAD CMakeFiles/Engineering_UserDefine_Version2.elf.dir/USER/crc8_crc16.c.obj
LOAD CMakeFiles/Engineering_UserDefine_Version2.elf.dir/USER/encode_iic.c.obj
LOAD CMakeFiles/Engineering_UserDefine_Version2.elf.dir/USER/filter.c.obj
LOAD CMakeFiles/Engineering_UserDefine_Version2.elf.dir/USER/usart2_send.c.obj
LOAD CMakeFiles/Engineering_UserDefine_Version2.elf.dir/Virtual_IIC/iic1.c.obj
LOAD CMakeFiles/Engineering_UserDefine_Version2.elf.dir/Virtual_IIC/iic2.c.obj
LOAD CMakeFiles/Engineering_UserDefine_Version2.elf.dir/Virtual_IIC/iic3.c.obj
LOAD CMakeFiles/Engineering_UserDefine_Version2.elf.dir/Virtual_IIC/iic4.c.obj
LOAD CMakeFiles/Engineering_UserDefine_Version2.elf.dir/Virtual_IIC/iic5.c.obj
LOAD CMakeFiles/Engineering_UserDefine_Version2.elf.dir/Virtual_IIC/iic6.c.obj
START GROUP
LOAD I:/ARM-GN~1.3/133167~1.3RE/bin/../lib/gcc/arm-none-eabi/13.3.1/thumb/v7e-m+fp/hard\libgcc.a
LOAD I:/ARM-GN~1.3/133167~1.3RE/bin/../lib/gcc/arm-none-eabi/13.3.1/thumb/v7e-m+fp/hard\libg.a
LOAD I:/ARM-GN~1.3/133167~1.3RE/bin/../lib/gcc/arm-none-eabi/13.3.1/thumb/v7e-m+fp/hard\libc.a
END GROUP
LOAD I:/ARM-GN~1.3/133167~1.3RE/bin/../lib/gcc/arm-none-eabi/13.3.1/thumb/v7e-m+fp/hard/crtend.o
LOAD I:/ARM-GN~1.3/133167~1.3RE/bin/../lib/gcc/arm-none-eabi/13.3.1/thumb/v7e-m+fp/hard/crtn.o
                0x20020000                        _estack = (ORIGIN (RAM) + LENGTH (RAM))
                0x00000200                        _Min_Heap_Size = 0x200
                0x00000400                        _Min_Stack_Size = 0x400

.isr_vector     0x08000000      0x188
                0x08000000                        . = ALIGN (0x4)
 *(.isr_vector)
 .isr_vector    0x08000000      0x188 CMakeFiles/Engineering_UserDefine_Version2.elf.dir/Core/Startup/startup_stm32f407vetx.s.obj
                0x08000000                g_pfnVectors
                0x08000188                        . = ALIGN (0x4)

.text           0x08000190     0x56ec
                0x08000190                        . = ALIGN (0x4)
 *(.text)
 .text          0x08000190      0x254 I:/ARM-GN~1.3/133167~1.3RE/bin/../lib/gcc/arm-none-eabi/13.3.1/thumb/v7e-m+fp/hard\libgcc.a(_arm_muldf3.o)
                0x08000190                __muldf3
                0x08000190                __aeabi_dmul
 .text          0x080003e4      0x378 I:/ARM-GN~1.3/133167~1.3RE/bin/../lib/gcc/arm-none-eabi/13.3.1/thumb/v7e-m+fp/hard\libgcc.a(_arm_addsubdf3.o)
                0x080003e4                __aeabi_drsub
                0x080003ec                __aeabi_dsub
                0x080003ec                __subdf3
                0x080003f0                __aeabi_dadd
                0x080003f0                __adddf3
                0x08000668                __floatunsidf
                0x08000668                __aeabi_ui2d
                0x08000688                __floatsidf
                0x08000688                __aeabi_i2d
                0x080006ac                __aeabi_f2d
                0x080006ac                __extendsfdf2
                0x080006f0                __floatundidf
                0x080006f0                __aeabi_ul2d
                0x08000700                __floatdidf
                0x08000700                __aeabi_l2d
 .text          0x0800075c       0xa0 I:/ARM-GN~1.3/133167~1.3RE/bin/../lib/gcc/arm-none-eabi/13.3.1/thumb/v7e-m+fp/hard\libgcc.a(_arm_truncdfsf2.o)
                0x0800075c                __truncdfsf2
                0x0800075c                __aeabi_d2f
 .text          0x080007fc       0x30 I:/ARM-GN~1.3/133167~1.3RE/bin/../lib/gcc/arm-none-eabi/13.3.1/thumb/v7e-m+fp/hard\libgcc.a(_aeabi_uldivmod.o)
                0x080007fc                __aeabi_uldivmod
 .text          0x0800082c        0x4 I:/ARM-GN~1.3/133167~1.3RE/bin/../lib/gcc/arm-none-eabi/13.3.1/thumb/v7e-m+fp/hard\libgcc.a(_dvmd_tls.o)
                0x0800082c                __aeabi_idiv0
                0x0800082c                __aeabi_ldiv0
 .text          0x08000830      0x134 I:/ARM-GN~1.3/133167~1.3RE/bin/../lib/gcc/arm-none-eabi/13.3.1/thumb/v7e-m+fp/hard\libg.a(libc_a-memcpy.o)
                0x08000830                memcpy
 *(.text*)
 .text.deregister_tm_clones
                0x08000964       0x1c I:/ARM-GN~1.3/133167~1.3RE/bin/../lib/gcc/arm-none-eabi/13.3.1/thumb/v7e-m+fp/hard/crtbegin.o
 .text.register_tm_clones
                0x08000980       0x24 I:/ARM-GN~1.3/133167~1.3RE/bin/../lib/gcc/arm-none-eabi/13.3.1/thumb/v7e-m+fp/hard/crtbegin.o
 .text.__do_global_dtors_aux
                0x080009a4       0x28 I:/ARM-GN~1.3/133167~1.3RE/bin/../lib/gcc/arm-none-eabi/13.3.1/thumb/v7e-m+fp/hard/crtbegin.o
 .text.frame_dummy
                0x080009cc       0x24 I:/ARM-GN~1.3/133167~1.3RE/bin/../lib/gcc/arm-none-eabi/13.3.1/thumb/v7e-m+fp/hard/crtbegin.o
 .text.MX_DMA_Init
                0x080009f0       0x34 CMakeFiles/Engineering_UserDefine_Version2.elf.dir/Core/Src/dma.c.obj
                0x080009f0                MX_DMA_Init
 .text.StartTask03
                0x08000a24        0xa CMakeFiles/Engineering_UserDefine_Version2.elf.dir/Core/Src/freertos.c.obj
                0x08000a24                StartTask03
 *fill*         0x08000a2e        0x2 
 .text.vApplicationGetIdleTaskMemory
                0x08000a30       0x18 CMakeFiles/Engineering_UserDefine_Version2.elf.dir/Core/Src/freertos.c.obj
                0x08000a30                vApplicationGetIdleTaskMemory
 .text.MX_FREERTOS_Init
                0x08000a48       0x84 CMakeFiles/Engineering_UserDefine_Version2.elf.dir/Core/Src/freertos.c.obj
                0x08000a48                MX_FREERTOS_Init
 .text.MX_GPIO_Init
                0x08000acc      0x1a4 CMakeFiles/Engineering_UserDefine_Version2.elf.dir/Core/Src/gpio.c.obj
                0x08000acc                MX_GPIO_Init
 .text.delayUs  0x08000c70        0xc CMakeFiles/Engineering_UserDefine_Version2.elf.dir/Core/Src/main.c.obj
                0x08000c70                delayUs
 .text.HAL_TIM_PeriodElapsedCallback
                0x08000c7c       0x18 CMakeFiles/Engineering_UserDefine_Version2.elf.dir/Core/Src/main.c.obj
                0x08000c7c                HAL_TIM_PeriodElapsedCallback
 .text.Error_Handler
                0x08000c94        0x4 CMakeFiles/Engineering_UserDefine_Version2.elf.dir/Core/Src/main.c.obj
                0x08000c94                Error_Handler
 .text.SystemClock_Config
                0x08000c98       0xac CMakeFiles/Engineering_UserDefine_Version2.elf.dir/Core/Src/main.c.obj
                0x08000c98                SystemClock_Config
 .text.main     0x08000d44       0x20 CMakeFiles/Engineering_UserDefine_Version2.elf.dir/Core/Src/main.c.obj
                0x08000d44                main
 .text.HAL_MspInit
                0x08000d64       0x44 CMakeFiles/Engineering_UserDefine_Version2.elf.dir/Core/Src/stm32f4xx_hal_msp.c.obj
                0x08000d64                HAL_MspInit
 .text.HAL_InitTick
                0x08000da8       0xa4 CMakeFiles/Engineering_UserDefine_Version2.elf.dir/Core/Src/stm32f4xx_hal_timebase_tim.c.obj
                0x08000da8                HAL_InitTick
 .text.NMI_Handler
                0x08000e4c        0x2 CMakeFiles/Engineering_UserDefine_Version2.elf.dir/Core/Src/stm32f4xx_it.c.obj
                0x08000e4c                NMI_Handler
 .text.HardFault_Handler
                0x08000e4e        0x2 CMakeFiles/Engineering_UserDefine_Version2.elf.dir/Core/Src/stm32f4xx_it.c.obj
                0x08000e4e                HardFault_Handler
 .text.MemManage_Handler
                0x08000e50        0x2 CMakeFiles/Engineering_UserDefine_Version2.elf.dir/Core/Src/stm32f4xx_it.c.obj
                0x08000e50                MemManage_Handler
 .text.BusFault_Handler
                0x08000e52        0x2 CMakeFiles/Engineering_UserDefine_Version2.elf.dir/Core/Src/stm32f4xx_it.c.obj
                0x08000e52                BusFault_Handler
 .text.UsageFault_Handler
                0x08000e54        0x2 CMakeFiles/Engineering_UserDefine_Version2.elf.dir/Core/Src/stm32f4xx_it.c.obj
                0x08000e54                UsageFault_Handler
 .text.DebugMon_Handler
                0x08000e56        0x2 CMakeFiles/Engineering_UserDefine_Version2.elf.dir/Core/Src/stm32f4xx_it.c.obj
                0x08000e56                DebugMon_Handler
 .text.DMA1_Stream6_IRQHandler
                0x08000e58       0x10 CMakeFiles/Engineering_UserDefine_Version2.elf.dir/Core/Src/stm32f4xx_it.c.obj
                0x08000e58                DMA1_Stream6_IRQHandler
 .text.TIM4_IRQHandler
                0x08000e68       0x10 CMakeFiles/Engineering_UserDefine_Version2.elf.dir/Core/Src/stm32f4xx_it.c.obj
                0x08000e68                TIM4_IRQHandler
 .text.USART2_IRQHandler
                0x08000e78       0x10 CMakeFiles/Engineering_UserDefine_Version2.elf.dir/Core/Src/stm32f4xx_it.c.obj
                0x08000e78                USART2_IRQHandler
 .text.SystemInit
                0x08000e88       0x14 CMakeFiles/Engineering_UserDefine_Version2.elf.dir/Core/Src/system_stm32f4xx.c.obj
                0x08000e88                SystemInit
 .text.MX_USART2_UART_Init
                0x08000e9c       0x34 CMakeFiles/Engineering_UserDefine_Version2.elf.dir/Core/Src/usart.c.obj
                0x08000e9c                MX_USART2_UART_Init
 .text.HAL_UART_MspInit
                0x08000ed0       0xc0 CMakeFiles/Engineering_UserDefine_Version2.elf.dir/Core/Src/usart.c.obj
                0x08000ed0                HAL_UART_MspInit
 .text.Reset_Handler
                0x08000f90       0x50 CMakeFiles/Engineering_UserDefine_Version2.elf.dir/Core/Startup/startup_stm32f407vetx.s.obj
                0x08000f90                Reset_Handler
 .text.Default_Handler
                0x08000fe0        0x2 CMakeFiles/Engineering_UserDefine_Version2.elf.dir/Core/Startup/startup_stm32f407vetx.s.obj
                0x08000fe0                RTC_Alarm_IRQHandler
                0x08000fe0                HASH_RNG_IRQHandler
                0x08000fe0                EXTI2_IRQHandler
                0x08000fe0                TIM8_CC_IRQHandler
                0x08000fe0                TIM1_CC_IRQHandler
                0x08000fe0                DMA2_Stream5_IRQHandler
                0x08000fe0                DMA1_Stream5_IRQHandler
                0x08000fe0                PVD_IRQHandler
                0x08000fe0                SDIO_IRQHandler
                0x08000fe0                TAMP_STAMP_IRQHandler
                0x08000fe0                CAN2_RX1_IRQHandler
                0x08000fe0                EXTI3_IRQHandler
                0x08000fe0                TIM8_TRG_COM_TIM14_IRQHandler
                0x08000fe0                TIM1_UP_TIM10_IRQHandler
                0x08000fe0                TIM8_UP_TIM13_IRQHandler
                0x08000fe0                I2C3_ER_IRQHandler
                0x08000fe0                EXTI0_IRQHandler
                0x08000fe0                I2C2_EV_IRQHandler
                0x08000fe0                DMA1_Stream2_IRQHandler
                0x08000fe0                CAN1_RX0_IRQHandler
                0x08000fe0                FPU_IRQHandler
                0x08000fe0                OTG_HS_WKUP_IRQHandler
                0x08000fe0                CAN2_SCE_IRQHandler
                0x08000fe0                DMA2_Stream2_IRQHandler
                0x08000fe0                SPI1_IRQHandler
                0x08000fe0                TIM6_DAC_IRQHandler
                0x08000fe0                TIM1_BRK_TIM9_IRQHandler
                0x08000fe0                DCMI_IRQHandler
                0x08000fe0                CAN2_RX0_IRQHandler
                0x08000fe0                DMA2_Stream3_IRQHandler
                0x08000fe0                USART6_IRQHandler
                0x08000fe0                USART3_IRQHandler
                0x08000fe0                CAN1_RX1_IRQHandler
                0x08000fe0                UART5_IRQHandler
                0x08000fe0                DMA2_Stream0_IRQHandler
                0x08000fe0                I2C1_EV_IRQHandler
                0x08000fe0                DMA1_Stream1_IRQHandler
                0x08000fe0                UART4_IRQHandler
                0x08000fe0                TIM3_IRQHandler
                0x08000fe0                RCC_IRQHandler
                0x08000fe0                TIM8_BRK_TIM12_IRQHandler
                0x08000fe0                Default_Handler
                0x08000fe0                EXTI15_10_IRQHandler
                0x08000fe0                ADC_IRQHandler
                0x08000fe0                DMA1_Stream7_IRQHandler
                0x08000fe0                TIM7_IRQHandler
                0x08000fe0                CAN2_TX_IRQHandler
                0x08000fe0                TIM5_IRQHandler
                0x08000fe0                DMA2_Stream7_IRQHandler
                0x08000fe0                I2C3_EV_IRQHandler
                0x08000fe0                EXTI9_5_IRQHandler
                0x08000fe0                RTC_WKUP_IRQHandler
                0x08000fe0                ETH_WKUP_IRQHandler
                0x08000fe0                SPI2_IRQHandler
                0x08000fe0                OTG_HS_EP1_IN_IRQHandler
                0x08000fe0                DMA1_Stream0_IRQHandler
                0x08000fe0                CAN1_TX_IRQHandler
                0x08000fe0                EXTI4_IRQHandler
                0x08000fe0                FSMC_IRQHandler
                0x08000fe0                ETH_IRQHandler
                0x08000fe0                OTG_HS_EP1_OUT_IRQHandler
                0x08000fe0                WWDG_IRQHandler
                0x08000fe0                TIM2_IRQHandler
                0x08000fe0                OTG_FS_WKUP_IRQHandler
                0x08000fe0                TIM1_TRG_COM_TIM11_IRQHandler
                0x08000fe0                OTG_HS_IRQHandler
                0x08000fe0                EXTI1_IRQHandler
                0x08000fe0                I2C2_ER_IRQHandler
                0x08000fe0                DMA2_Stream1_IRQHandler
                0x08000fe0                CAN1_SCE_IRQHandler
                0x08000fe0                FLASH_IRQHandler
                0x08000fe0                DMA2_Stream4_IRQHandler
                0x08000fe0                USART1_IRQHandler
                0x08000fe0                OTG_FS_IRQHandler
                0x08000fe0                SPI3_IRQHandler
                0x08000fe0                DMA1_Stream4_IRQHandler
                0x08000fe0                I2C1_ER_IRQHandler
                0x08000fe0                DMA2_Stream6_IRQHandler
                0x08000fe0                DMA1_Stream3_IRQHandler
 *fill*         0x08000fe2        0x2 
 .text.HAL_Init
                0x08000fe4       0x34 CMakeFiles/Engineering_UserDefine_Version2.elf.dir/Drivers/STM32F4xx_HAL_Driver/Src/stm32f4xx_hal.c.obj
                0x08000fe4                HAL_Init
 .text.HAL_IncTick
                0x08001018       0x18 CMakeFiles/Engineering_UserDefine_Version2.elf.dir/Drivers/STM32F4xx_HAL_Driver/Src/stm32f4xx_hal.c.obj
                0x08001018                HAL_IncTick
 .text.HAL_GetTick
                0x08001030        0xc CMakeFiles/Engineering_UserDefine_Version2.elf.dir/Drivers/STM32F4xx_HAL_Driver/Src/stm32f4xx_hal.c.obj
                0x08001030                HAL_GetTick
 .text.__NVIC_EnableIRQ
                0x0800103c       0x1c CMakeFiles/Engineering_UserDefine_Version2.elf.dir/Drivers/STM32F4xx_HAL_Driver/Src/stm32f4xx_hal_cortex.c.obj
 .text.__NVIC_SetPriority
                0x08001058       0x28 CMakeFiles/Engineering_UserDefine_Version2.elf.dir/Drivers/STM32F4xx_HAL_Driver/Src/stm32f4xx_hal_cortex.c.obj
 .text.NVIC_EncodePriority
                0x08001080       0x3e CMakeFiles/Engineering_UserDefine_Version2.elf.dir/Drivers/STM32F4xx_HAL_Driver/Src/stm32f4xx_hal_cortex.c.obj
 *fill*         0x080010be        0x2 
 .text.HAL_NVIC_SetPriorityGrouping
                0x080010c0       0x24 CMakeFiles/Engineering_UserDefine_Version2.elf.dir/Drivers/STM32F4xx_HAL_Driver/Src/stm32f4xx_hal_cortex.c.obj
                0x080010c0                HAL_NVIC_SetPriorityGrouping
 .text.HAL_NVIC_SetPriority
                0x080010e4       0x20 CMakeFiles/Engineering_UserDefine_Version2.elf.dir/Drivers/STM32F4xx_HAL_Driver/Src/stm32f4xx_hal_cortex.c.obj
                0x080010e4                HAL_NVIC_SetPriority
 .text.HAL_NVIC_EnableIRQ
                0x08001104        0x8 CMakeFiles/Engineering_UserDefine_Version2.elf.dir/Drivers/STM32F4xx_HAL_Driver/Src/stm32f4xx_hal_cortex.c.obj
                0x08001104                HAL_NVIC_EnableIRQ
 .text.DMA_SetConfig
                0x0800110c       0x2c CMakeFiles/Engineering_UserDefine_Version2.elf.dir/Drivers/STM32F4xx_HAL_Driver/Src/stm32f4xx_hal_dma.c.obj
 .text.DMA_CalcBaseAndBitshift
                0x08001138       0x3c CMakeFiles/Engineering_UserDefine_Version2.elf.dir/Drivers/STM32F4xx_HAL_Driver/Src/stm32f4xx_hal_dma.c.obj
 .text.DMA_CheckFifoParam
                0x08001174       0x8e CMakeFiles/Engineering_UserDefine_Version2.elf.dir/Drivers/STM32F4xx_HAL_Driver/Src/stm32f4xx_hal_dma.c.obj
 *fill*         0x08001202        0x2 
 .text.HAL_DMA_Init
                0x08001204       0xcc CMakeFiles/Engineering_UserDefine_Version2.elf.dir/Drivers/STM32F4xx_HAL_Driver/Src/stm32f4xx_hal_dma.c.obj
                0x08001204                HAL_DMA_Init
 .text.HAL_DMA_Start_IT
                0x080012d0       0x6a CMakeFiles/Engineering_UserDefine_Version2.elf.dir/Drivers/STM32F4xx_HAL_Driver/Src/stm32f4xx_hal_dma.c.obj
                0x080012d0                HAL_DMA_Start_IT
 .text.HAL_DMA_Abort
                0x0800133a       0x94 CMakeFiles/Engineering_UserDefine_Version2.elf.dir/Drivers/STM32F4xx_HAL_Driver/Src/stm32f4xx_hal_dma.c.obj
                0x0800133a                HAL_DMA_Abort
 .text.HAL_DMA_Abort_IT
                0x080013ce       0x26 CMakeFiles/Engineering_UserDefine_Version2.elf.dir/Drivers/STM32F4xx_HAL_Driver/Src/stm32f4xx_hal_dma.c.obj
                0x080013ce                HAL_DMA_Abort_IT
 .text.HAL_DMA_IRQHandler
                0x080013f4      0x1dc CMakeFiles/Engineering_UserDefine_Version2.elf.dir/Drivers/STM32F4xx_HAL_Driver/Src/stm32f4xx_hal_dma.c.obj
                0x080013f4                HAL_DMA_IRQHandler
 .text.HAL_GPIO_Init
                0x080015d0      0x1ec CMakeFiles/Engineering_UserDefine_Version2.elf.dir/Drivers/STM32F4xx_HAL_Driver/Src/stm32f4xx_hal_gpio.c.obj
                0x080015d0                HAL_GPIO_Init
 .text.HAL_GPIO_WritePin
                0x080017bc        0xc CMakeFiles/Engineering_UserDefine_Version2.elf.dir/Drivers/STM32F4xx_HAL_Driver/Src/stm32f4xx_hal_gpio.c.obj
                0x080017bc                HAL_GPIO_WritePin
 .text.HAL_RCC_OscConfig
                0x080017c8      0x3f8 CMakeFiles/Engineering_UserDefine_Version2.elf.dir/Drivers/STM32F4xx_HAL_Driver/Src/stm32f4xx_hal_rcc.c.obj
                0x080017c8                HAL_RCC_OscConfig
 .text.HAL_RCC_GetSysClockFreq
                0x08001bc0       0xa8 CMakeFiles/Engineering_UserDefine_Version2.elf.dir/Drivers/STM32F4xx_HAL_Driver/Src/stm32f4xx_hal_rcc.c.obj
                0x08001bc0                HAL_RCC_GetSysClockFreq
 .text.HAL_RCC_ClockConfig
                0x08001c68      0x160 CMakeFiles/Engineering_UserDefine_Version2.elf.dir/Drivers/STM32F4xx_HAL_Driver/Src/stm32f4xx_hal_rcc.c.obj
                0x08001c68                HAL_RCC_ClockConfig
 .text.HAL_RCC_GetHCLKFreq
                0x08001dc8        0xc CMakeFiles/Engineering_UserDefine_Version2.elf.dir/Drivers/STM32F4xx_HAL_Driver/Src/stm32f4xx_hal_rcc.c.obj
                0x08001dc8                HAL_RCC_GetHCLKFreq
 .text.HAL_RCC_GetPCLK1Freq
                0x08001dd4       0x20 CMakeFiles/Engineering_UserDefine_Version2.elf.dir/Drivers/STM32F4xx_HAL_Driver/Src/stm32f4xx_hal_rcc.c.obj
                0x08001dd4                HAL_RCC_GetPCLK1Freq
 .text.HAL_RCC_GetPCLK2Freq
                0x08001df4       0x20 CMakeFiles/Engineering_UserDefine_Version2.elf.dir/Drivers/STM32F4xx_HAL_Driver/Src/stm32f4xx_hal_rcc.c.obj
                0x08001df4                HAL_RCC_GetPCLK2Freq
 .text.HAL_RCC_GetClockConfig
                0x08001e14       0x3c CMakeFiles/Engineering_UserDefine_Version2.elf.dir/Drivers/STM32F4xx_HAL_Driver/Src/stm32f4xx_hal_rcc.c.obj
                0x08001e14                HAL_RCC_GetClockConfig
 .text.HAL_TIM_Base_MspInit
                0x08001e50        0x2 CMakeFiles/Engineering_UserDefine_Version2.elf.dir/Drivers/STM32F4xx_HAL_Driver/Src/stm32f4xx_hal_tim.c.obj
                0x08001e50                HAL_TIM_Base_MspInit
 *fill*         0x08001e52        0x2 
 .text.HAL_TIM_Base_Start_IT
                0x08001e54       0x88 CMakeFiles/Engineering_UserDefine_Version2.elf.dir/Drivers/STM32F4xx_HAL_Driver/Src/stm32f4xx_hal_tim.c.obj
                0x08001e54                HAL_TIM_Base_Start_IT
 .text.HAL_TIM_OC_DelayElapsedCallback
                0x08001edc        0x2 CMakeFiles/Engineering_UserDefine_Version2.elf.dir/Drivers/STM32F4xx_HAL_Driver/Src/stm32f4xx_hal_tim.c.obj
                0x08001edc                HAL_TIM_OC_DelayElapsedCallback
 .text.HAL_TIM_IC_CaptureCallback
                0x08001ede        0x2 CMakeFiles/Engineering_UserDefine_Version2.elf.dir/Drivers/STM32F4xx_HAL_Driver/Src/stm32f4xx_hal_tim.c.obj
                0x08001ede                HAL_TIM_IC_CaptureCallback
 .text.HAL_TIM_PWM_PulseFinishedCallback
                0x08001ee0        0x2 CMakeFiles/Engineering_UserDefine_Version2.elf.dir/Drivers/STM32F4xx_HAL_Driver/Src/stm32f4xx_hal_tim.c.obj
                0x08001ee0                HAL_TIM_PWM_PulseFinishedCallback
 .text.HAL_TIM_TriggerCallback
                0x08001ee2        0x2 CMakeFiles/Engineering_UserDefine_Version2.elf.dir/Drivers/STM32F4xx_HAL_Driver/Src/stm32f4xx_hal_tim.c.obj
                0x08001ee2                HAL_TIM_TriggerCallback
 .text.HAL_TIM_IRQHandler
                0x08001ee4      0x15e CMakeFiles/Engineering_UserDefine_Version2.elf.dir/Drivers/STM32F4xx_HAL_Driver/Src/stm32f4xx_hal_tim.c.obj
                0x08001ee4                HAL_TIM_IRQHandler
 *fill*         0x08002042        0x2 
 .text.TIM_Base_SetConfig
                0x08002044       0xd8 CMakeFiles/Engineering_UserDefine_Version2.elf.dir/Drivers/STM32F4xx_HAL_Driver/Src/stm32f4xx_hal_tim.c.obj
                0x08002044                TIM_Base_SetConfig
 .text.HAL_TIM_Base_Init
                0x0800211c       0x58 CMakeFiles/Engineering_UserDefine_Version2.elf.dir/Drivers/STM32F4xx_HAL_Driver/Src/stm32f4xx_hal_tim.c.obj
                0x0800211c                HAL_TIM_Base_Init
 .text.HAL_TIMEx_CommutCallback
                0x08002174        0x2 CMakeFiles/Engineering_UserDefine_Version2.elf.dir/Drivers/STM32F4xx_HAL_Driver/Src/stm32f4xx_hal_tim_ex.c.obj
                0x08002174                HAL_TIMEx_CommutCallback
 .text.HAL_TIMEx_BreakCallback
                0x08002176        0x2 CMakeFiles/Engineering_UserDefine_Version2.elf.dir/Drivers/STM32F4xx_HAL_Driver/Src/stm32f4xx_hal_tim_ex.c.obj
                0x08002176                HAL_TIMEx_BreakCallback
 .text.UART_EndTxTransfer
                0x08002178       0x20 CMakeFiles/Engineering_UserDefine_Version2.elf.dir/Drivers/STM32F4xx_HAL_Driver/Src/stm32f4xx_hal_uart.c.obj
 .text.UART_EndRxTransfer
                0x08002198       0x5c CMakeFiles/Engineering_UserDefine_Version2.elf.dir/Drivers/STM32F4xx_HAL_Driver/Src/stm32f4xx_hal_uart.c.obj
 .text.UART_Transmit_IT
                0x080021f4       0x60 CMakeFiles/Engineering_UserDefine_Version2.elf.dir/Drivers/STM32F4xx_HAL_Driver/Src/stm32f4xx_hal_uart.c.obj
 .text.UART_SetConfig
                0x08002254      0x110 CMakeFiles/Engineering_UserDefine_Version2.elf.dir/Drivers/STM32F4xx_HAL_Driver/Src/stm32f4xx_hal_uart.c.obj
 .text.HAL_UART_Init
                0x08002364       0x60 CMakeFiles/Engineering_UserDefine_Version2.elf.dir/Drivers/STM32F4xx_HAL_Driver/Src/stm32f4xx_hal_uart.c.obj
                0x08002364                HAL_UART_Init
 .text.HAL_UART_Transmit_DMA
                0x080023c4       0x84 CMakeFiles/Engineering_UserDefine_Version2.elf.dir/Drivers/STM32F4xx_HAL_Driver/Src/stm32f4xx_hal_uart.c.obj
                0x080023c4                HAL_UART_Transmit_DMA
 .text.UART_DMATransmitCplt
                0x08002448       0x4c CMakeFiles/Engineering_UserDefine_Version2.elf.dir/Drivers/STM32F4xx_HAL_Driver/Src/stm32f4xx_hal_uart.c.obj
 .text.UART_EndTransmit_IT
                0x08002494       0x1a CMakeFiles/Engineering_UserDefine_Version2.elf.dir/Drivers/STM32F4xx_HAL_Driver/Src/stm32f4xx_hal_uart.c.obj
 .text.HAL_UART_TxHalfCpltCallback
                0x080024ae        0x2 CMakeFiles/Engineering_UserDefine_Version2.elf.dir/Drivers/STM32F4xx_HAL_Driver/Src/stm32f4xx_hal_uart.c.obj
                0x080024ae                HAL_UART_TxHalfCpltCallback
 .text.UART_DMATxHalfCplt
                0x080024b0        0xa CMakeFiles/Engineering_UserDefine_Version2.elf.dir/Drivers/STM32F4xx_HAL_Driver/Src/stm32f4xx_hal_uart.c.obj
 .text.HAL_UART_RxCpltCallback
                0x080024ba        0x2 CMakeFiles/Engineering_UserDefine_Version2.elf.dir/Drivers/STM32F4xx_HAL_Driver/Src/stm32f4xx_hal_uart.c.obj
                0x080024ba                HAL_UART_RxCpltCallback
 .text.HAL_UART_ErrorCallback
                0x080024bc        0x2 CMakeFiles/Engineering_UserDefine_Version2.elf.dir/Drivers/STM32F4xx_HAL_Driver/Src/stm32f4xx_hal_uart.c.obj
                0x080024bc                HAL_UART_ErrorCallback
 .text.UART_DMAError
                0x080024be       0x58 CMakeFiles/Engineering_UserDefine_Version2.elf.dir/Drivers/STM32F4xx_HAL_Driver/Src/stm32f4xx_hal_uart.c.obj
 .text.UART_DMAAbortOnError
                0x08002516       0x10 CMakeFiles/Engineering_UserDefine_Version2.elf.dir/Drivers/STM32F4xx_HAL_Driver/Src/stm32f4xx_hal_uart.c.obj
 .text.HAL_UARTEx_RxEventCallback
                0x08002526        0x2 CMakeFiles/Engineering_UserDefine_Version2.elf.dir/Drivers/STM32F4xx_HAL_Driver/Src/stm32f4xx_hal_uart.c.obj
                0x08002526                HAL_UARTEx_RxEventCallback
 .text.UART_Receive_IT
                0x08002528       0xe6 CMakeFiles/Engineering_UserDefine_Version2.elf.dir/Drivers/STM32F4xx_HAL_Driver/Src/stm32f4xx_hal_uart.c.obj
 *fill*         0x0800260e        0x2 
 .text.HAL_UART_IRQHandler
                0x08002610      0x284 CMakeFiles/Engineering_UserDefine_Version2.elf.dir/Drivers/STM32F4xx_HAL_Driver/Src/stm32f4xx_hal_uart.c.obj
                0x08002610                HAL_UART_IRQHandler
 .text.makeFreeRtosPriority
                0x08002894        0xc CMakeFiles/Engineering_UserDefine_Version2.elf.dir/Middlewares/Third_Party/FreeRTOS/Source/CMSIS_RTOS/cmsis_os.c.obj
 .text.osKernelStart
                0x080028a0        0xa CMakeFiles/Engineering_UserDefine_Version2.elf.dir/Middlewares/Third_Party/FreeRTOS/Source/CMSIS_RTOS/cmsis_os.c.obj
                0x080028a0                osKernelStart
 .text.osThreadCreate
                0x080028aa       0x66 CMakeFiles/Engineering_UserDefine_Version2.elf.dir/Middlewares/Third_Party/FreeRTOS/Source/CMSIS_RTOS/cmsis_os.c.obj
                0x080028aa                osThreadCreate
 .text.osDelay  0x08002910        0xe CMakeFiles/Engineering_UserDefine_Version2.elf.dir/Middlewares/Third_Party/FreeRTOS/Source/CMSIS_RTOS/cmsis_os.c.obj
                0x08002910                osDelay
 .text.vListInitialise
                0x0800291e       0x16 CMakeFiles/Engineering_UserDefine_Version2.elf.dir/Middlewares/Third_Party/FreeRTOS/Source/list.c.obj
                0x0800291e                vListInitialise
 .text.vListInitialiseItem
                0x08002934        0x6 CMakeFiles/Engineering_UserDefine_Version2.elf.dir/Middlewares/Third_Party/FreeRTOS/Source/list.c.obj
                0x08002934                vListInitialiseItem
 .text.vListInsertEnd
                0x0800293a       0x16 CMakeFiles/Engineering_UserDefine_Version2.elf.dir/Middlewares/Third_Party/FreeRTOS/Source/list.c.obj
                0x0800293a                vListInsertEnd
 .text.vListInsert
                0x08002950       0x32 CMakeFiles/Engineering_UserDefine_Version2.elf.dir/Middlewares/Third_Party/FreeRTOS/Source/list.c.obj
                0x08002950                vListInsert
 .text.uxListRemove
                0x08002982       0x26 CMakeFiles/Engineering_UserDefine_Version2.elf.dir/Middlewares/Third_Party/FreeRTOS/Source/list.c.obj
                0x08002982                uxListRemove
 .text.prvTaskExitError
                0x080029a8       0x40 CMakeFiles/Engineering_UserDefine_Version2.elf.dir/Middlewares/Third_Party/FreeRTOS/Source/portable/GCC/ARM_CM4F/port.c.obj
 .text.prvPortStartFirstTask
                0x080029e8       0x28 CMakeFiles/Engineering_UserDefine_Version2.elf.dir/Middlewares/Third_Party/FreeRTOS/Source/portable/GCC/ARM_CM4F/port.c.obj
 .text.vPortEnableVFP
                0x08002a10       0x14 CMakeFiles/Engineering_UserDefine_Version2.elf.dir/Middlewares/Third_Party/FreeRTOS/Source/portable/GCC/ARM_CM4F/port.c.obj
 .text.pxPortInitialiseStack
                0x08002a24       0x2c CMakeFiles/Engineering_UserDefine_Version2.elf.dir/Middlewares/Third_Party/FreeRTOS/Source/portable/GCC/ARM_CM4F/port.c.obj
                0x08002a24                pxPortInitialiseStack
 .text.SVC_Handler
                0x08002a50       0x24 CMakeFiles/Engineering_UserDefine_Version2.elf.dir/Middlewares/Third_Party/FreeRTOS/Source/portable/GCC/ARM_CM4F/port.c.obj
                0x08002a50                SVC_Handler
 .text.vPortEnterCritical
                0x08002a74       0x44 CMakeFiles/Engineering_UserDefine_Version2.elf.dir/Middlewares/Third_Party/FreeRTOS/Source/portable/GCC/ARM_CM4F/port.c.obj
                0x08002a74                vPortEnterCritical
 .text.vPortExitCritical
                0x08002ab8       0x2c CMakeFiles/Engineering_UserDefine_Version2.elf.dir/Middlewares/Third_Party/FreeRTOS/Source/portable/GCC/ARM_CM4F/port.c.obj
                0x08002ab8                vPortExitCritical
 *fill*         0x08002ae4        0xc 
 .text.PendSV_Handler
                0x08002af0       0x64 CMakeFiles/Engineering_UserDefine_Version2.elf.dir/Middlewares/Third_Party/FreeRTOS/Source/portable/GCC/ARM_CM4F/port.c.obj
                0x08002af0                PendSV_Handler
 .text.SysTick_Handler
                0x08002b54       0x2c CMakeFiles/Engineering_UserDefine_Version2.elf.dir/Middlewares/Third_Party/FreeRTOS/Source/portable/GCC/ARM_CM4F/port.c.obj
                0x08002b54                SysTick_Handler
 .text.vPortSetupTimerInterrupt
                0x08002b80       0x28 CMakeFiles/Engineering_UserDefine_Version2.elf.dir/Middlewares/Third_Party/FreeRTOS/Source/portable/GCC/ARM_CM4F/port.c.obj
                0x08002b80                vPortSetupTimerInterrupt
 .text.xPortStartScheduler
                0x08002ba8      0x118 CMakeFiles/Engineering_UserDefine_Version2.elf.dir/Middlewares/Third_Party/FreeRTOS/Source/portable/GCC/ARM_CM4F/port.c.obj
                0x08002ba8                xPortStartScheduler
 .text.prvHeapInit
                0x08002cc0       0x64 CMakeFiles/Engineering_UserDefine_Version2.elf.dir/Middlewares/Third_Party/FreeRTOS/Source/portable/MemMang/heap_4.c.obj
 .text.prvInsertBlockIntoFreeList
                0x08002d24       0x64 CMakeFiles/Engineering_UserDefine_Version2.elf.dir/Middlewares/Third_Party/FreeRTOS/Source/portable/MemMang/heap_4.c.obj
 .text.pvPortMalloc
                0x08002d88      0x104 CMakeFiles/Engineering_UserDefine_Version2.elf.dir/Middlewares/Third_Party/FreeRTOS/Source/portable/MemMang/heap_4.c.obj
                0x08002d88                pvPortMalloc
 .text.vPortFree
                0x08002e8c       0x7c CMakeFiles/Engineering_UserDefine_Version2.elf.dir/Middlewares/Third_Party/FreeRTOS/Source/portable/MemMang/heap_4.c.obj
                0x08002e8c                vPortFree
 .text.prvIsQueueFull
                0x08002f08       0x1e CMakeFiles/Engineering_UserDefine_Version2.elf.dir/Middlewares/Third_Party/FreeRTOS/Source/queue.c.obj
 .text.prvIsQueueEmpty
                0x08002f26       0x1a CMakeFiles/Engineering_UserDefine_Version2.elf.dir/Middlewares/Third_Party/FreeRTOS/Source/queue.c.obj
 .text.prvCopyDataToQueue
                0x08002f40       0x76 CMakeFiles/Engineering_UserDefine_Version2.elf.dir/Middlewares/Third_Party/FreeRTOS/Source/queue.c.obj
 .text.prvCopyDataFromQueue
                0x08002fb6       0x24 CMakeFiles/Engineering_UserDefine_Version2.elf.dir/Middlewares/Third_Party/FreeRTOS/Source/queue.c.obj
 .text.prvUnlockQueue
                0x08002fda       0x6e CMakeFiles/Engineering_UserDefine_Version2.elf.dir/Middlewares/Third_Party/FreeRTOS/Source/queue.c.obj
 .text.xQueueGenericReset
                0x08003048       0x84 CMakeFiles/Engineering_UserDefine_Version2.elf.dir/Middlewares/Third_Party/FreeRTOS/Source/queue.c.obj
                0x08003048                xQueueGenericReset
 .text.prvInitialiseNewQueue
                0x080030cc       0x1c CMakeFiles/Engineering_UserDefine_Version2.elf.dir/Middlewares/Third_Party/FreeRTOS/Source/queue.c.obj
 .text.xQueueGenericCreate
                0x080030e8       0x48 CMakeFiles/Engineering_UserDefine_Version2.elf.dir/Middlewares/Third_Party/FreeRTOS/Source/queue.c.obj
                0x080030e8                xQueueGenericCreate
 .text.xQueueGenericSend
                0x08003130      0x188 CMakeFiles/Engineering_UserDefine_Version2.elf.dir/Middlewares/Third_Party/FreeRTOS/Source/queue.c.obj
                0x08003130                xQueueGenericSend
 .text.xQueueReceive
                0x080032b8      0x15e CMakeFiles/Engineering_UserDefine_Version2.elf.dir/Middlewares/Third_Party/FreeRTOS/Source/queue.c.obj
                0x080032b8                xQueueReceive
 *fill*         0x08003416        0x2 
 .text.prvResetNextTaskUnblockTime
                0x08003418       0x2c CMakeFiles/Engineering_UserDefine_Version2.elf.dir/Middlewares/Third_Party/FreeRTOS/Source/tasks.c.obj
 .text.prvInitialiseNewTask
                0x08003444       0x9c CMakeFiles/Engineering_UserDefine_Version2.elf.dir/Middlewares/Third_Party/FreeRTOS/Source/tasks.c.obj
 .text.prvInitialiseTaskLists
                0x080034e0       0x68 CMakeFiles/Engineering_UserDefine_Version2.elf.dir/Middlewares/Third_Party/FreeRTOS/Source/tasks.c.obj
 .text.prvAddNewTaskToReadyList
                0x08003548       0xa8 CMakeFiles/Engineering_UserDefine_Version2.elf.dir/Middlewares/Third_Party/FreeRTOS/Source/tasks.c.obj
 .text.prvDeleteTCB
                0x080035f0       0x38 CMakeFiles/Engineering_UserDefine_Version2.elf.dir/Middlewares/Third_Party/FreeRTOS/Source/tasks.c.obj
 .text.prvCheckTasksWaitingTermination
                0x08003628       0x4c CMakeFiles/Engineering_UserDefine_Version2.elf.dir/Middlewares/Third_Party/FreeRTOS/Source/tasks.c.obj
 .text.prvIdleTask
                0x08003674       0x28 CMakeFiles/Engineering_UserDefine_Version2.elf.dir/Middlewares/Third_Party/FreeRTOS/Source/tasks.c.obj
 .text.prvAddCurrentTaskToDelayedList
                0x0800369c       0x98 CMakeFiles/Engineering_UserDefine_Version2.elf.dir/Middlewares/Third_Party/FreeRTOS/Source/tasks.c.obj
 .text.xTaskCreateStatic
                0x08003734       0x76 CMakeFiles/Engineering_UserDefine_Version2.elf.dir/Middlewares/Third_Party/FreeRTOS/Source/tasks.c.obj
                0x08003734                xTaskCreateStatic
 .text.xTaskCreate
                0x080037aa       0x64 CMakeFiles/Engineering_UserDefine_Version2.elf.dir/Middlewares/Third_Party/FreeRTOS/Source/tasks.c.obj
                0x080037aa                xTaskCreate
 *fill*         0x0800380e        0x2 
 .text.vTaskStartScheduler
                0x08003810       0x74 CMakeFiles/Engineering_UserDefine_Version2.elf.dir/Middlewares/Third_Party/FreeRTOS/Source/tasks.c.obj
                0x08003810                vTaskStartScheduler
 .text.vTaskSuspendAll
                0x08003884       0x10 CMakeFiles/Engineering_UserDefine_Version2.elf.dir/Middlewares/Third_Party/FreeRTOS/Source/tasks.c.obj
                0x08003884                vTaskSuspendAll
 .text.xTaskIncrementTick
                0x08003894      0x118 CMakeFiles/Engineering_UserDefine_Version2.elf.dir/Middlewares/Third_Party/FreeRTOS/Source/tasks.c.obj
                0x08003894                xTaskIncrementTick
 .text.xTaskResumeAll
                0x080039ac       0xf8 CMakeFiles/Engineering_UserDefine_Version2.elf.dir/Middlewares/Third_Party/FreeRTOS/Source/tasks.c.obj
                0x080039ac                xTaskResumeAll
 .text.vTaskDelay
                0x08003aa4       0x4c CMakeFiles/Engineering_UserDefine_Version2.elf.dir/Middlewares/Third_Party/FreeRTOS/Source/tasks.c.obj
                0x08003aa4                vTaskDelay
 .text.vTaskSwitchContext
                0x08003af0       0x98 CMakeFiles/Engineering_UserDefine_Version2.elf.dir/Middlewares/Third_Party/FreeRTOS/Source/tasks.c.obj
                0x08003af0                vTaskSwitchContext
 .text.vTaskPlaceOnEventList
                0x08003b88       0x30 CMakeFiles/Engineering_UserDefine_Version2.elf.dir/Middlewares/Third_Party/FreeRTOS/Source/tasks.c.obj
                0x08003b88                vTaskPlaceOnEventList
 .text.xTaskRemoveFromEventList
                0x08003bb8       0x8c CMakeFiles/Engineering_UserDefine_Version2.elf.dir/Middlewares/Third_Party/FreeRTOS/Source/tasks.c.obj
                0x08003bb8                xTaskRemoveFromEventList
 .text.vTaskInternalSetTimeOutState
                0x08003c44       0x18 CMakeFiles/Engineering_UserDefine_Version2.elf.dir/Middlewares/Third_Party/FreeRTOS/Source/tasks.c.obj
                0x08003c44                vTaskInternalSetTimeOutState
 .text.xTaskCheckForTimeOut
                0x08003c5c       0x84 CMakeFiles/Engineering_UserDefine_Version2.elf.dir/Middlewares/Third_Party/FreeRTOS/Source/tasks.c.obj
                0x08003c5c                xTaskCheckForTimeOut
 .text.vTaskMissedYield
                0x08003ce0        0xc CMakeFiles/Engineering_UserDefine_Version2.elf.dir/Middlewares/Third_Party/FreeRTOS/Source/tasks.c.obj
                0x08003ce0                vTaskMissedYield
 .text.xTaskGetSchedulerState
                0x08003cec       0x20 CMakeFiles/Engineering_UserDefine_Version2.elf.dir/Middlewares/Third_Party/FreeRTOS/Source/tasks.c.obj
                0x08003cec                xTaskGetSchedulerState
 .text.xTaskPriorityDisinherit
                0x08003d0c       0xb0 CMakeFiles/Engineering_UserDefine_Version2.elf.dir/Middlewares/Third_Party/FreeRTOS/Source/tasks.c.obj
                0x08003d0c                xTaskPriorityDisinherit
 .text.get_CRC8_check_sum
                0x08003dbc       0x20 CMakeFiles/Engineering_UserDefine_Version2.elf.dir/USER/crc8_crc16.c.obj
                0x08003dbc                get_CRC8_check_sum
 .text.append_CRC8_check_sum
                0x08003ddc       0x1a CMakeFiles/Engineering_UserDefine_Version2.elf.dir/USER/crc8_crc16.c.obj
                0x08003ddc                append_CRC8_check_sum
 *fill*         0x08003df6        0x2 
 .text.get_CRC16_check_sum
                0x08003df8       0x38 CMakeFiles/Engineering_UserDefine_Version2.elf.dir/USER/crc8_crc16.c.obj
                0x08003df8                get_CRC16_check_sum
 .text.append_CRC16_check_sum
                0x08003e30       0x2c CMakeFiles/Engineering_UserDefine_Version2.elf.dir/USER/crc8_crc16.c.obj
                0x08003e30                append_CRC16_check_sum
 .text.EncoderEntry
                0x08003e5c       0xa0 CMakeFiles/Engineering_UserDefine_Version2.elf.dir/USER/encode_iic.c.obj
                0x08003e5c                EncoderEntry
 .text.initAngleFilter
                0x08003efc       0x1e CMakeFiles/Engineering_UserDefine_Version2.elf.dir/USER/filter.c.obj
                0x08003efc                initAngleFilter
 *fill*         0x08003f1a        0x2 
 .text.addToBuffer
                0x08003f1c       0x28 CMakeFiles/Engineering_UserDefine_Version2.elf.dir/USER/filter.c.obj
                0x08003f1c                addToBuffer
 .text.calculateMedianAverage
                0x08003f44       0x94 CMakeFiles/Engineering_UserDefine_Version2.elf.dir/USER/filter.c.obj
                0x08003f44                calculateMedianAverage
 .text.calculateAdaptiveAlpha
                0x08003fd8       0x38 CMakeFiles/Engineering_UserDefine_Version2.elf.dir/USER/filter.c.obj
                0x08003fd8                calculateAdaptiveAlpha
 .text.adaptiveLowPassFilter
                0x08004010       0xac CMakeFiles/Engineering_UserDefine_Version2.elf.dir/USER/filter.c.obj
                0x08004010                adaptiveLowPassFilter
 .text.processAngle
                0x080040bc       0x1e CMakeFiles/Engineering_UserDefine_Version2.elf.dir/USER/filter.c.obj
                0x080040bc                processAngle
 *fill*         0x080040da        0x2 
 .text.PackData
                0x080040dc       0x88 CMakeFiles/Engineering_UserDefine_Version2.elf.dir/USER/usart2_send.c.obj
                0x080040dc                PackData
 .text.DMA_Send_Frame
                0x08004164       0x44 CMakeFiles/Engineering_UserDefine_Version2.elf.dir/USER/usart2_send.c.obj
                0x08004164                DMA_Send_Frame
 .text.HAL_UART_TxCpltCallback
                0x080041a8       0x1c CMakeFiles/Engineering_UserDefine_Version2.elf.dir/USER/usart2_send.c.obj
                0x080041a8                HAL_UART_TxCpltCallback
 .text.USART2_SendEntry
                0x080041c4       0xb0 CMakeFiles/Engineering_UserDefine_Version2.elf.dir/USER/usart2_send.c.obj
                0x080041c4                USART2_SendEntry
 .text.isBusy   0x08004274       0x34 CMakeFiles/Engineering_UserDefine_Version2.elf.dir/Virtual_IIC/iic1.c.obj
 .text.start    0x080042a8       0x44 CMakeFiles/Engineering_UserDefine_Version2.elf.dir/Virtual_IIC/iic1.c.obj
 .text.sendByte
                0x080042ec       0x68 CMakeFiles/Engineering_UserDefine_Version2.elf.dir/Virtual_IIC/iic1.c.obj
 .text.waitForAck
                0x08004354       0x50 CMakeFiles/Engineering_UserDefine_Version2.elf.dir/Virtual_IIC/iic1.c.obj
 .text.ackNo    0x080043a4       0x3c CMakeFiles/Engineering_UserDefine_Version2.elf.dir/Virtual_IIC/iic1.c.obj
 .text.ackYes   0x080043e0       0x40 CMakeFiles/Engineering_UserDefine_Version2.elf.dir/Virtual_IIC/iic1.c.obj
 .text.readByte
                0x08004420       0x50 CMakeFiles/Engineering_UserDefine_Version2.elf.dir/Virtual_IIC/iic1.c.obj
 .text.stop     0x08004470       0x38 CMakeFiles/Engineering_UserDefine_Version2.elf.dir/Virtual_IIC/iic1.c.obj
 .text.IICSoft_ReadBueffer
                0x080044a8       0x7e CMakeFiles/Engineering_UserDefine_Version2.elf.dir/Virtual_IIC/iic1.c.obj
                0x080044a8                IICSoft_ReadBueffer
 .text.getRawAngle1
                0x08004526       0x2a CMakeFiles/Engineering_UserDefine_Version2.elf.dir/Virtual_IIC/iic1.c.obj
                0x08004526                getRawAngle1
 .text.convertRawAngleToDegrees1
                0x08004550       0x1c CMakeFiles/Engineering_UserDefine_Version2.elf.dir/Virtual_IIC/iic1.c.obj
                0x08004550                convertRawAngleToDegrees1
 .text.isBusy   0x0800456c       0x34 CMakeFiles/Engineering_UserDefine_Version2.elf.dir/Virtual_IIC/iic2.c.obj
 .text.start    0x080045a0       0x44 CMakeFiles/Engineering_UserDefine_Version2.elf.dir/Virtual_IIC/iic2.c.obj
 .text.sendByte
                0x080045e4       0x68 CMakeFiles/Engineering_UserDefine_Version2.elf.dir/Virtual_IIC/iic2.c.obj
 .text.waitForAck
                0x0800464c       0x48 CMakeFiles/Engineering_UserDefine_Version2.elf.dir/Virtual_IIC/iic2.c.obj
 .text.ackNo    0x08004694       0x3c CMakeFiles/Engineering_UserDefine_Version2.elf.dir/Virtual_IIC/iic2.c.obj
 .text.ackYes   0x080046d0       0x40 CMakeFiles/Engineering_UserDefine_Version2.elf.dir/Virtual_IIC/iic2.c.obj
 .text.readByte
                0x08004710       0x54 CMakeFiles/Engineering_UserDefine_Version2.elf.dir/Virtual_IIC/iic2.c.obj
 .text.stop     0x08004764       0x38 CMakeFiles/Engineering_UserDefine_Version2.elf.dir/Virtual_IIC/iic2.c.obj
 .text.IICSoft_ReadBueffer2
                0x0800479c       0x7e CMakeFiles/Engineering_UserDefine_Version2.elf.dir/Virtual_IIC/iic2.c.obj
                0x0800479c                IICSoft_ReadBueffer2
 .text.getRawAngle2
                0x0800481a       0x2a CMakeFiles/Engineering_UserDefine_Version2.elf.dir/Virtual_IIC/iic2.c.obj
                0x0800481a                getRawAngle2
 .text.isBusy   0x08004844       0x34 CMakeFiles/Engineering_UserDefine_Version2.elf.dir/Virtual_IIC/iic3.c.obj
 .text.start    0x08004878       0x44 CMakeFiles/Engineering_UserDefine_Version2.elf.dir/Virtual_IIC/iic3.c.obj
 .text.sendByte
                0x080048bc       0x68 CMakeFiles/Engineering_UserDefine_Version2.elf.dir/Virtual_IIC/iic3.c.obj
 .text.waitForAck
                0x08004924       0x48 CMakeFiles/Engineering_UserDefine_Version2.elf.dir/Virtual_IIC/iic3.c.obj
 .text.ackNo    0x0800496c       0x3c CMakeFiles/Engineering_UserDefine_Version2.elf.dir/Virtual_IIC/iic3.c.obj
 .text.ackYes   0x080049a8       0x40 CMakeFiles/Engineering_UserDefine_Version2.elf.dir/Virtual_IIC/iic3.c.obj
 .text.readByte
                0x080049e8       0x54 CMakeFiles/Engineering_UserDefine_Version2.elf.dir/Virtual_IIC/iic3.c.obj
 .text.stop     0x08004a3c       0x38 CMakeFiles/Engineering_UserDefine_Version2.elf.dir/Virtual_IIC/iic3.c.obj
 .text.IICSoft_ReadBueffer3
                0x08004a74       0x7e CMakeFiles/Engineering_UserDefine_Version2.elf.dir/Virtual_IIC/iic3.c.obj
                0x08004a74                IICSoft_ReadBueffer3
 .text.getRawAngle3
                0x08004af2       0x2a CMakeFiles/Engineering_UserDefine_Version2.elf.dir/Virtual_IIC/iic3.c.obj
                0x08004af2                getRawAngle3
 .text.isBusy   0x08004b1c       0x38 CMakeFiles/Engineering_UserDefine_Version2.elf.dir/Virtual_IIC/iic4.c.obj
 .text.start    0x08004b54       0x48 CMakeFiles/Engineering_UserDefine_Version2.elf.dir/Virtual_IIC/iic4.c.obj
 .text.sendByte
                0x08004b9c       0x70 CMakeFiles/Engineering_UserDefine_Version2.elf.dir/Virtual_IIC/iic4.c.obj
 .text.waitForAck
                0x08004c0c       0x4c CMakeFiles/Engineering_UserDefine_Version2.elf.dir/Virtual_IIC/iic4.c.obj
 .text.ackNo    0x08004c58       0x40 CMakeFiles/Engineering_UserDefine_Version2.elf.dir/Virtual_IIC/iic4.c.obj
 .text.ackYes   0x08004c98       0x44 CMakeFiles/Engineering_UserDefine_Version2.elf.dir/Virtual_IIC/iic4.c.obj
 .text.readByte
                0x08004cdc       0x54 CMakeFiles/Engineering_UserDefine_Version2.elf.dir/Virtual_IIC/iic4.c.obj
 .text.stop     0x08004d30       0x3c CMakeFiles/Engineering_UserDefine_Version2.elf.dir/Virtual_IIC/iic4.c.obj
 .text.IICSoft_ReadBueffer4
                0x08004d6c       0x7e CMakeFiles/Engineering_UserDefine_Version2.elf.dir/Virtual_IIC/iic4.c.obj
                0x08004d6c                IICSoft_ReadBueffer4
 .text.getRawAngle4
                0x08004dea       0x2a CMakeFiles/Engineering_UserDefine_Version2.elf.dir/Virtual_IIC/iic4.c.obj
                0x08004dea                getRawAngle4
 .text.isBusy   0x08004e14       0x38 CMakeFiles/Engineering_UserDefine_Version2.elf.dir/Virtual_IIC/iic5.c.obj
 .text.start    0x08004e4c       0x48 CMakeFiles/Engineering_UserDefine_Version2.elf.dir/Virtual_IIC/iic5.c.obj
 .text.sendByte
                0x08004e94       0x70 CMakeFiles/Engineering_UserDefine_Version2.elf.dir/Virtual_IIC/iic5.c.obj
 .text.waitForAck
                0x08004f04       0x4c CMakeFiles/Engineering_UserDefine_Version2.elf.dir/Virtual_IIC/iic5.c.obj
 .text.ackNo    0x08004f50       0x40 CMakeFiles/Engineering_UserDefine_Version2.elf.dir/Virtual_IIC/iic5.c.obj
 .text.ackYes   0x08004f90       0x44 CMakeFiles/Engineering_UserDefine_Version2.elf.dir/Virtual_IIC/iic5.c.obj
 .text.readByte
                0x08004fd4       0x54 CMakeFiles/Engineering_UserDefine_Version2.elf.dir/Virtual_IIC/iic5.c.obj
 .text.stop     0x08005028       0x3c CMakeFiles/Engineering_UserDefine_Version2.elf.dir/Virtual_IIC/iic5.c.obj
 .text.IICSoft_ReadBueffer5
                0x08005064       0x7e CMakeFiles/Engineering_UserDefine_Version2.elf.dir/Virtual_IIC/iic5.c.obj
                0x08005064                IICSoft_ReadBueffer5
 .text.getRawAngle5
                0x080050e2       0x2a CMakeFiles/Engineering_UserDefine_Version2.elf.dir/Virtual_IIC/iic5.c.obj
                0x080050e2                getRawAngle5
 .text.isBusy   0x0800510c       0x34 CMakeFiles/Engineering_UserDefine_Version2.elf.dir/Virtual_IIC/iic6.c.obj
 .text.start    0x08005140       0x44 CMakeFiles/Engineering_UserDefine_Version2.elf.dir/Virtual_IIC/iic6.c.obj
 .text.sendByte
                0x08005184       0x68 CMakeFiles/Engineering_UserDefine_Version2.elf.dir/Virtual_IIC/iic6.c.obj
 .text.waitForAck
                0x080051ec       0x48 CMakeFiles/Engineering_UserDefine_Version2.elf.dir/Virtual_IIC/iic6.c.obj
 .text.ackNo    0x08005234       0x3c CMakeFiles/Engineering_UserDefine_Version2.elf.dir/Virtual_IIC/iic6.c.obj
 .text.ackYes   0x08005270       0x40 CMakeFiles/Engineering_UserDefine_Version2.elf.dir/Virtual_IIC/iic6.c.obj
 .text.readByte
                0x080052b0       0x54 CMakeFiles/Engineering_UserDefine_Version2.elf.dir/Virtual_IIC/iic6.c.obj
 .text.stop     0x08005304       0x38 CMakeFiles/Engineering_UserDefine_Version2.elf.dir/Virtual_IIC/iic6.c.obj
 .text.IICSoft_ReadBueffer6
                0x0800533c       0x7e CMakeFiles/Engineering_UserDefine_Version2.elf.dir/Virtual_IIC/iic6.c.obj
                0x0800533c                IICSoft_ReadBueffer6
 .text.getRawAngle6
                0x080053ba       0x2a CMakeFiles/Engineering_UserDefine_Version2.elf.dir/Virtual_IIC/iic6.c.obj
                0x080053ba                getRawAngle6
 .text.__udivmoddi4
                0x080053e4      0x2bc I:/ARM-GN~1.3/133167~1.3RE/bin/../lib/gcc/arm-none-eabi/13.3.1/thumb/v7e-m+fp/hard\libgcc.a(_udivmoddi4.o)
                0x080053e4                __udivmoddi4
 .text.memset   0x080056a0       0xa4 I:/ARM-GN~1.3/133167~1.3RE/bin/../lib/gcc/arm-none-eabi/13.3.1/thumb/v7e-m+fp/hard\libg.a(libc_a-memset.o)
                0x080056a0                memset
 .text.__libc_init_array
                0x08005744       0x50 I:/ARM-GN~1.3/133167~1.3RE/bin/../lib/gcc/arm-none-eabi/13.3.1/thumb/v7e-m+fp/hard\libg.a(libc_a-init.o)
                0x08005744                __libc_init_array
 .text.__retarget_lock_acquire_recursive
                0x08005794        0x4 I:/ARM-GN~1.3/133167~1.3RE/bin/../lib/gcc/arm-none-eabi/13.3.1/thumb/v7e-m+fp/hard\libg.a(libc_a-lock.o)
                0x08005794                __retarget_lock_acquire_recursive
 .text.__retarget_lock_release_recursive
                0x08005798        0x4 I:/ARM-GN~1.3/133167~1.3RE/bin/../lib/gcc/arm-none-eabi/13.3.1/thumb/v7e-m+fp/hard\libg.a(libc_a-lock.o)
                0x08005798                __retarget_lock_release_recursive
 .text.startup.register_fini
                0x0800579c       0x14 I:/ARM-GN~1.3/133167~1.3RE/bin/../lib/gcc/arm-none-eabi/13.3.1/thumb/v7e-m+fp/hard\libg.a(libc_a-__call_atexit.o)
 .text.atexit   0x080057b0        0xc I:/ARM-GN~1.3/133167~1.3RE/bin/../lib/gcc/arm-none-eabi/13.3.1/thumb/v7e-m+fp/hard\libg.a(libc_a-atexit.o)
                0x080057b0                atexit
 .text.__libc_fini_array
                0x080057bc       0x28 I:/ARM-GN~1.3/133167~1.3RE/bin/../lib/gcc/arm-none-eabi/13.3.1/thumb/v7e-m+fp/hard\libg.a(libc_a-fini.o)
                0x080057bc                __libc_fini_array
 .text.__register_exitproc
                0x080057e4       0x80 I:/ARM-GN~1.3/133167~1.3RE/bin/../lib/gcc/arm-none-eabi/13.3.1/thumb/v7e-m+fp/hard\libg.a(libc_a-__atexit.o)
                0x080057e4                __register_exitproc
 *(.glue_7)
 .glue_7        0x08005864        0x0 linker stubs
 *(.glue_7t)
 .glue_7t       0x08005864        0x0 linker stubs
 *(.eh_frame)
 .eh_frame      0x08005864        0x0 I:/ARM-GN~1.3/133167~1.3RE/bin/../lib/gcc/arm-none-eabi/13.3.1/thumb/v7e-m+fp/hard/crtbegin.o
 *(.init)
 .init          0x08005864        0x4 I:/ARM-GN~1.3/133167~1.3RE/bin/../lib/gcc/arm-none-eabi/13.3.1/thumb/v7e-m+fp/hard/crti.o
                0x08005864                _init
 .init          0x08005868        0x8 I:/ARM-GN~1.3/133167~1.3RE/bin/../lib/gcc/arm-none-eabi/13.3.1/thumb/v7e-m+fp/hard/crtn.o
 *(.fini)
 .fini          0x08005870        0x4 I:/ARM-GN~1.3/133167~1.3RE/bin/../lib/gcc/arm-none-eabi/13.3.1/thumb/v7e-m+fp/hard/crti.o
                0x08005870                _fini
 .fini          0x08005874        0x8 I:/ARM-GN~1.3/133167~1.3RE/bin/../lib/gcc/arm-none-eabi/13.3.1/thumb/v7e-m+fp/hard/crtn.o
                0x0800587c                        . = ALIGN (0x4)
                0x0800587c                        _etext = .

.vfp11_veneer   0x0800587c        0x0
 .vfp11_veneer  0x0800587c        0x0 linker stubs

.v4_bx          0x0800587c        0x0
 .v4_bx         0x0800587c        0x0 linker stubs

.iplt           0x0800587c        0x0
 .iplt          0x0800587c        0x0 I:/ARM-GN~1.3/133167~1.3RE/bin/../lib/gcc/arm-none-eabi/13.3.1/thumb/v7e-m+fp/hard/crtbegin.o

.rodata         0x0800587c      0x3a4
                0x0800587c                        . = ALIGN (0x4)
 *(.rodata)
 .rodata        0x0800587c       0x54 CMakeFiles/Engineering_UserDefine_Version2.elf.dir/Core/Src/freertos.c.obj
 *(.rodata*)
 .rodata.str1.4
                0x080058d0       0x2d CMakeFiles/Engineering_UserDefine_Version2.elf.dir/Core/Src/freertos.c.obj
                                 0x28 (size before relaxing)
 *fill*         0x080058fd        0x3 
 .rodata.APBPrescTable
                0x08005900        0x8 CMakeFiles/Engineering_UserDefine_Version2.elf.dir/Core/Src/system_stm32f4xx.c.obj
                0x08005900                APBPrescTable
 .rodata.AHBPrescTable
                0x08005908       0x10 CMakeFiles/Engineering_UserDefine_Version2.elf.dir/Core/Src/system_stm32f4xx.c.obj
                0x08005908                AHBPrescTable
 .rodata.flagBitshiftOffset.0
                0x08005918        0x8 CMakeFiles/Engineering_UserDefine_Version2.elf.dir/Drivers/STM32F4xx_HAL_Driver/Src/stm32f4xx_hal_dma.c.obj
 .rodata.vTaskStartScheduler.str1.4
                0x08005920        0x5 CMakeFiles/Engineering_UserDefine_Version2.elf.dir/Middlewares/Third_Party/FreeRTOS/Source/tasks.c.obj
 .rodata.wCRC_table
                0x08005920      0x200 CMakeFiles/Engineering_UserDefine_Version2.elf.dir/USER/crc8_crc16.c.obj
                0x08005920                wCRC_table
 .rodata.CRC8_table
                0x08005b20      0x100 CMakeFiles/Engineering_UserDefine_Version2.elf.dir/USER/crc8_crc16.c.obj
                0x08005b20                CRC8_table
                0x08005c20                        . = ALIGN (0x4)

.ARM.extab      0x08005c20        0x0
                0x08005c20                        . = ALIGN (0x4)
 *(.ARM.extab* .gnu.linkonce.armextab.*)
                0x08005c20                        . = ALIGN (0x4)

.ARM            0x08005c20        0x8
                0x08005c20                        . = ALIGN (0x4)
                0x08005c20                        __exidx_start = .
 *(.ARM.exidx*)
 .ARM.exidx     0x08005c20        0x8 I:/ARM-GN~1.3/133167~1.3RE/bin/../lib/gcc/arm-none-eabi/13.3.1/thumb/v7e-m+fp/hard\libg.a(libc_a-memcpy.o)
 .ARM.exidx.text.__udivmoddi4
                0x08005c28        0x0 I:/ARM-GN~1.3/133167~1.3RE/bin/../lib/gcc/arm-none-eabi/13.3.1/thumb/v7e-m+fp/hard\libgcc.a(_udivmoddi4.o)
                                  0x8 (size before relaxing)
                0x08005c28                        __exidx_end = .
                0x08005c28                        . = ALIGN (0x4)

.rel.dyn        0x08005c28        0x0
 .rel.iplt      0x08005c28        0x0 I:/ARM-GN~1.3/133167~1.3RE/bin/../lib/gcc/arm-none-eabi/13.3.1/thumb/v7e-m+fp/hard/crtbegin.o

.preinit_array  0x08005c28        0x0
                0x08005c28                        . = ALIGN (0x4)
                0x08005c28                        PROVIDE (__preinit_array_start = .)
 *(.preinit_array*)
                0x08005c28                        PROVIDE (__preinit_array_end = .)
                0x08005c28                        . = ALIGN (0x4)

.init_array     0x08005c28        0x8
                0x08005c28                        . = ALIGN (0x4)
                0x08005c28                        PROVIDE (__init_array_start = .)
 *(SORT_BY_NAME(.init_array.*))
 .init_array.00000
                0x08005c28        0x4 I:/ARM-GN~1.3/133167~1.3RE/bin/../lib/gcc/arm-none-eabi/13.3.1/thumb/v7e-m+fp/hard\libg.a(libc_a-__call_atexit.o)
 *(.init_array*)
 .init_array    0x08005c2c        0x4 I:/ARM-GN~1.3/133167~1.3RE/bin/../lib/gcc/arm-none-eabi/13.3.1/thumb/v7e-m+fp/hard/crtbegin.o
                0x08005c30                        PROVIDE (__init_array_end = .)
                0x08005c30                        . = ALIGN (0x4)

.fini_array     0x08005c30        0x4
                0x08005c30                        . = ALIGN (0x4)
                0x08005c30                        PROVIDE (__fini_array_start = .)
 *(SORT_BY_NAME(.fini_array.*))
 *(.fini_array*)
 .fini_array    0x08005c30        0x4 I:/ARM-GN~1.3/133167~1.3RE/bin/../lib/gcc/arm-none-eabi/13.3.1/thumb/v7e-m+fp/hard/crtbegin.o
                0x08005c34                        PROVIDE (__fini_array_end = .)
                0x08005c34                        . = ALIGN (0x4)
                0x08005c34                        _sidata = LOADADDR (.data)

.data           0x20000000       0x18 load address 0x08005c34
                0x20000000                        . = ALIGN (0x4)
                0x20000000                        _sdata = .
 *(.data)
 *(.data*)
 .data.SystemCoreClock
                0x20000000        0x4 CMakeFiles/Engineering_UserDefine_Version2.elf.dir/Core/Src/system_stm32f4xx.c.obj
                0x20000000                SystemCoreClock
 .data.uwTickFreq
                0x20000004        0x1 CMakeFiles/Engineering_UserDefine_Version2.elf.dir/Drivers/STM32F4xx_HAL_Driver/Src/stm32f4xx_hal.c.obj
                0x20000004                uwTickFreq
 *fill*         0x20000005        0x3 
 .data.uwTickPrio
                0x20000008        0x4 CMakeFiles/Engineering_UserDefine_Version2.elf.dir/Drivers/STM32F4xx_HAL_Driver/Src/stm32f4xx_hal.c.obj
                0x20000008                uwTickPrio
 .data.uxCriticalNesting
                0x2000000c        0x4 CMakeFiles/Engineering_UserDefine_Version2.elf.dir/Middlewares/Third_Party/FreeRTOS/Source/portable/GCC/ARM_CM4F/port.c.obj
 .data.CRC16_INIT
                0x20000010        0x2 CMakeFiles/Engineering_UserDefine_Version2.elf.dir/USER/crc8_crc16.c.obj
                0x20000010                CRC16_INIT
 *fill*         0x20000012        0x2 
 .data.__atexit_recursive_mutex
                0x20000014        0x4 I:/ARM-GN~1.3/133167~1.3RE/bin/../lib/gcc/arm-none-eabi/13.3.1/thumb/v7e-m+fp/hard\libg.a(libc_a-__call_atexit.o)
                0x20000014                __atexit_recursive_mutex
 *(.RamFunc)
 *(.RamFunc*)
                0x20000018                        . = ALIGN (0x4)
                0x20000018                        _edata = .
                0x08005c4c                        _siccmram = LOADADDR (.ccmram)

.tm_clone_table
                0x20000018        0x0 load address 0x08005c4c
 .tm_clone_table
                0x20000018        0x0 I:/ARM-GN~1.3/133167~1.3RE/bin/../lib/gcc/arm-none-eabi/13.3.1/thumb/v7e-m+fp/hard/crtbegin.o
 .tm_clone_table
                0x20000018        0x0 I:/ARM-GN~1.3/133167~1.3RE/bin/../lib/gcc/arm-none-eabi/13.3.1/thumb/v7e-m+fp/hard/crtend.o

.igot.plt       0x20000018        0x0 load address 0x08005c4c
 .igot.plt      0x20000018        0x0 I:/ARM-GN~1.3/133167~1.3RE/bin/../lib/gcc/arm-none-eabi/13.3.1/thumb/v7e-m+fp/hard/crtbegin.o

.ccmram         0x10000000        0x0 load address 0x08005c4c
                0x10000000                        . = ALIGN (0x4)
                0x10000000                        _sccmram = .
 *(.ccmram)
 *(.ccmram*)
                0x10000000                        . = ALIGN (0x4)
                0x10000000                        _eccmram = .
                0x10000000                        . = ALIGN (0x4)

.bss            0x20000018     0x451c
                0x20000018                        _sbss = .
                0x20000018                        __bss_start__ = _sbss
 *(.bss)
 *(.bss*)
 .bss.completed.1
                0x20000018        0x1 I:/ARM-GN~1.3/133167~1.3RE/bin/../lib/gcc/arm-none-eabi/13.3.1/thumb/v7e-m+fp/hard/crtbegin.o
 *fill*         0x20000019        0x3 
 .bss.object.0  0x2000001c       0x18 I:/ARM-GN~1.3/133167~1.3RE/bin/../lib/gcc/arm-none-eabi/13.3.1/thumb/v7e-m+fp/hard/crtbegin.o
 .bss.xIdleStack
                0x20000034      0x200 CMakeFiles/Engineering_UserDefine_Version2.elf.dir/Core/Src/freertos.c.obj
 .bss.xIdleTaskTCBBuffer
                0x20000234       0x54 CMakeFiles/Engineering_UserDefine_Version2.elf.dir/Core/Src/freertos.c.obj
 .bss.myTask03Handle
                0x20000288        0x4 CMakeFiles/Engineering_UserDefine_Version2.elf.dir/Core/Src/freertos.c.obj
                0x20000288                myTask03Handle
 .bss.EncoderTaskHandle
                0x2000028c        0x4 CMakeFiles/Engineering_UserDefine_Version2.elf.dir/Core/Src/freertos.c.obj
                0x2000028c                EncoderTaskHandle
 .bss.USART2_SendTaskHandle
                0x20000290        0x4 CMakeFiles/Engineering_UserDefine_Version2.elf.dir/Core/Src/freertos.c.obj
                0x20000290                USART2_SendTaskHandle
 .bss.htim4     0x20000294       0x48 CMakeFiles/Engineering_UserDefine_Version2.elf.dir/Core/Src/stm32f4xx_hal_timebase_tim.c.obj
                0x20000294                htim4
 .bss.hdma_usart2_tx
                0x200002dc       0x60 CMakeFiles/Engineering_UserDefine_Version2.elf.dir/Core/Src/usart.c.obj
                0x200002dc                hdma_usart2_tx
 .bss.huart2    0x2000033c       0x48 CMakeFiles/Engineering_UserDefine_Version2.elf.dir/Core/Src/usart.c.obj
                0x2000033c                huart2
 .bss.uwTick    0x20000384        0x4 CMakeFiles/Engineering_UserDefine_Version2.elf.dir/Drivers/STM32F4xx_HAL_Driver/Src/stm32f4xx_hal.c.obj
                0x20000384                uwTick
 .bss.ulMaxPRIGROUPValue
                0x20000388        0x4 CMakeFiles/Engineering_UserDefine_Version2.elf.dir/Middlewares/Third_Party/FreeRTOS/Source/portable/GCC/ARM_CM4F/port.c.obj
 .bss.ucMaxSysCallPriority
                0x2000038c        0x1 CMakeFiles/Engineering_UserDefine_Version2.elf.dir/Middlewares/Third_Party/FreeRTOS/Source/portable/GCC/ARM_CM4F/port.c.obj
 *fill*         0x2000038d        0x3 
 .bss.xBlockAllocatedBit
                0x20000390        0x4 CMakeFiles/Engineering_UserDefine_Version2.elf.dir/Middlewares/Third_Party/FreeRTOS/Source/portable/MemMang/heap_4.c.obj
 .bss.xNumberOfSuccessfulFrees
                0x20000394        0x4 CMakeFiles/Engineering_UserDefine_Version2.elf.dir/Middlewares/Third_Party/FreeRTOS/Source/portable/MemMang/heap_4.c.obj
 .bss.xNumberOfSuccessfulAllocations
                0x20000398        0x4 CMakeFiles/Engineering_UserDefine_Version2.elf.dir/Middlewares/Third_Party/FreeRTOS/Source/portable/MemMang/heap_4.c.obj
 .bss.xMinimumEverFreeBytesRemaining
                0x2000039c        0x4 CMakeFiles/Engineering_UserDefine_Version2.elf.dir/Middlewares/Third_Party/FreeRTOS/Source/portable/MemMang/heap_4.c.obj
 .bss.xFreeBytesRemaining
                0x200003a0        0x4 CMakeFiles/Engineering_UserDefine_Version2.elf.dir/Middlewares/Third_Party/FreeRTOS/Source/portable/MemMang/heap_4.c.obj
 .bss.pxEnd     0x200003a4        0x4 CMakeFiles/Engineering_UserDefine_Version2.elf.dir/Middlewares/Third_Party/FreeRTOS/Source/portable/MemMang/heap_4.c.obj
 .bss.xStart    0x200003a8        0x8 CMakeFiles/Engineering_UserDefine_Version2.elf.dir/Middlewares/Third_Party/FreeRTOS/Source/portable/MemMang/heap_4.c.obj
 .bss.ucHeap    0x200003b0     0x3c00 CMakeFiles/Engineering_UserDefine_Version2.elf.dir/Middlewares/Third_Party/FreeRTOS/Source/portable/MemMang/heap_4.c.obj
 .bss.uxSchedulerSuspended
                0x20003fb0        0x4 CMakeFiles/Engineering_UserDefine_Version2.elf.dir/Middlewares/Third_Party/FreeRTOS/Source/tasks.c.obj
 .bss.xIdleTaskHandle
                0x20003fb4        0x4 CMakeFiles/Engineering_UserDefine_Version2.elf.dir/Middlewares/Third_Party/FreeRTOS/Source/tasks.c.obj
 .bss.xNextTaskUnblockTime
                0x20003fb8        0x4 CMakeFiles/Engineering_UserDefine_Version2.elf.dir/Middlewares/Third_Party/FreeRTOS/Source/tasks.c.obj
 .bss.uxTaskNumber
                0x20003fbc        0x4 CMakeFiles/Engineering_UserDefine_Version2.elf.dir/Middlewares/Third_Party/FreeRTOS/Source/tasks.c.obj
 .bss.xNumOfOverflows
                0x20003fc0        0x4 CMakeFiles/Engineering_UserDefine_Version2.elf.dir/Middlewares/Third_Party/FreeRTOS/Source/tasks.c.obj
 .bss.xYieldPending
                0x20003fc4        0x4 CMakeFiles/Engineering_UserDefine_Version2.elf.dir/Middlewares/Third_Party/FreeRTOS/Source/tasks.c.obj
 .bss.xPendedTicks
                0x20003fc8        0x4 CMakeFiles/Engineering_UserDefine_Version2.elf.dir/Middlewares/Third_Party/FreeRTOS/Source/tasks.c.obj
 .bss.xSchedulerRunning
                0x20003fcc        0x4 CMakeFiles/Engineering_UserDefine_Version2.elf.dir/Middlewares/Third_Party/FreeRTOS/Source/tasks.c.obj
 .bss.uxTopReadyPriority
                0x20003fd0        0x4 CMakeFiles/Engineering_UserDefine_Version2.elf.dir/Middlewares/Third_Party/FreeRTOS/Source/tasks.c.obj
 .bss.xTickCount
                0x20003fd4        0x4 CMakeFiles/Engineering_UserDefine_Version2.elf.dir/Middlewares/Third_Party/FreeRTOS/Source/tasks.c.obj
 .bss.uxCurrentNumberOfTasks
                0x20003fd8        0x4 CMakeFiles/Engineering_UserDefine_Version2.elf.dir/Middlewares/Third_Party/FreeRTOS/Source/tasks.c.obj
 .bss.xSuspendedTaskList
                0x20003fdc       0x14 CMakeFiles/Engineering_UserDefine_Version2.elf.dir/Middlewares/Third_Party/FreeRTOS/Source/tasks.c.obj
 .bss.uxDeletedTasksWaitingCleanUp
                0x20003ff0        0x4 CMakeFiles/Engineering_UserDefine_Version2.elf.dir/Middlewares/Third_Party/FreeRTOS/Source/tasks.c.obj
 .bss.xTasksWaitingTermination
                0x20003ff4       0x14 CMakeFiles/Engineering_UserDefine_Version2.elf.dir/Middlewares/Third_Party/FreeRTOS/Source/tasks.c.obj
 .bss.xPendingReadyList
                0x20004008       0x14 CMakeFiles/Engineering_UserDefine_Version2.elf.dir/Middlewares/Third_Party/FreeRTOS/Source/tasks.c.obj
 .bss.pxOverflowDelayedTaskList
                0x2000401c        0x4 CMakeFiles/Engineering_UserDefine_Version2.elf.dir/Middlewares/Third_Party/FreeRTOS/Source/tasks.c.obj
 .bss.pxDelayedTaskList
                0x20004020        0x4 CMakeFiles/Engineering_UserDefine_Version2.elf.dir/Middlewares/Third_Party/FreeRTOS/Source/tasks.c.obj
 .bss.xDelayedTaskList2
                0x20004024       0x14 CMakeFiles/Engineering_UserDefine_Version2.elf.dir/Middlewares/Third_Party/FreeRTOS/Source/tasks.c.obj
 .bss.xDelayedTaskList1
                0x20004038       0x14 CMakeFiles/Engineering_UserDefine_Version2.elf.dir/Middlewares/Third_Party/FreeRTOS/Source/tasks.c.obj
 .bss.pxReadyTasksLists
                0x2000404c       0x8c CMakeFiles/Engineering_UserDefine_Version2.elf.dir/Middlewares/Third_Party/FreeRTOS/Source/tasks.c.obj
 .bss.pxCurrentTCB
                0x200040d8        0x4 CMakeFiles/Engineering_UserDefine_Version2.elf.dir/Middlewares/Third_Party/FreeRTOS/Source/tasks.c.obj
                0x200040d8                pxCurrentTCB
 .bss.filters   0x200040dc      0x210 CMakeFiles/Engineering_UserDefine_Version2.elf.dir/USER/encode_iic.c.obj
                0x200040dc                filters
 .bss.raw_angle
                0x200042ec        0xc CMakeFiles/Engineering_UserDefine_Version2.elf.dir/USER/encode_iic.c.obj
 .bss.angles_encoder
                0x200042f8       0x18 CMakeFiles/Engineering_UserDefine_Version2.elf.dir/USER/encode_iic.c.obj
 .bss.xQueue    0x20004310        0x4 CMakeFiles/Engineering_UserDefine_Version2.elf.dir/USER/encode_iic.c.obj
                0x20004310                xQueue
 .bss.frame_seq.0
                0x20004314        0x1 CMakeFiles/Engineering_UserDefine_Version2.elf.dir/USER/usart2_send.c.obj
 *fill*         0x20004315        0x3 
 .bss.angles    0x20004318       0x18 CMakeFiles/Engineering_UserDefine_Version2.elf.dir/USER/usart2_send.c.obj
 .bss.encoder_values
                0x20004330       0x18 CMakeFiles/Engineering_UserDefine_Version2.elf.dir/USER/usart2_send.c.obj
 .bss.dma_busy  0x20004348        0x1 CMakeFiles/Engineering_UserDefine_Version2.elf.dir/USER/usart2_send.c.obj
                0x20004348                dma_busy
 .bss.current_buffer
                0x20004349        0x1 CMakeFiles/Engineering_UserDefine_Version2.elf.dir/USER/usart2_send.c.obj
                0x20004349                current_buffer
 *fill*         0x2000434a        0x2 
 .bss.dma_tx_buffer
                0x2000434c       0x4e CMakeFiles/Engineering_UserDefine_Version2.elf.dir/USER/usart2_send.c.obj
                0x2000434c                dma_tx_buffer
 *fill*         0x2000439a        0x2 
 .bss.__lock___atexit_recursive_mutex
                0x2000439c        0x1 I:/ARM-GN~1.3/133167~1.3RE/bin/../lib/gcc/arm-none-eabi/13.3.1/thumb/v7e-m+fp/hard\libg.a(libc_a-lock.o)
                0x2000439c                __lock___atexit_recursive_mutex
 *fill*         0x2000439d        0x3 
 .bss.__atexit  0x200043a0        0x4 I:/ARM-GN~1.3/133167~1.3RE/bin/../lib/gcc/arm-none-eabi/13.3.1/thumb/v7e-m+fp/hard\libg.a(libc_a-__call_atexit.o)
                0x200043a0                __atexit
 .bss.__atexit0
                0x200043a4      0x190 I:/ARM-GN~1.3/133167~1.3RE/bin/../lib/gcc/arm-none-eabi/13.3.1/thumb/v7e-m+fp/hard\libg.a(libc_a-__atexit.o)
                0x200043a4                __atexit0
 *(COMMON)
                0x20004534                        . = ALIGN (0x4)
                0x20004534                        _ebss = .
                0x20004534                        __bss_end__ = _ebss

._user_heap_stack
                0x20004534      0x604
                0x20004538                        . = ALIGN (0x8)
 *fill*         0x20004534        0x4 
                [!provide]                        PROVIDE (end = .)
                0x20004538                        PROVIDE (_end = .)
                0x20004738                        . = (. + _Min_Heap_Size)
 *fill*         0x20004538      0x200 
                0x20004b38                        . = (. + _Min_Stack_Size)
 *fill*         0x20004738      0x400 
                0x20004b38                        . = ALIGN (0x8)

/DISCARD/
 libc.a(*)
 libm.a(*)
 libgcc.a(*)

.ARM.attributes
                0x00000000       0x30
 *(.ARM.attributes)
 .ARM.attributes
                0x00000000       0x22 I:/ARM-GN~1.3/133167~1.3RE/bin/../lib/gcc/arm-none-eabi/13.3.1/thumb/v7e-m+fp/hard/crti.o
 .ARM.attributes
                0x00000022       0x34 I:/ARM-GN~1.3/133167~1.3RE/bin/../lib/gcc/arm-none-eabi/13.3.1/thumb/v7e-m+fp/hard/crtbegin.o
 .ARM.attributes
                0x00000056       0x34 CMakeFiles/Engineering_UserDefine_Version2.elf.dir/Core/Src/dma.c.obj
 .ARM.attributes
                0x0000008a       0x34 CMakeFiles/Engineering_UserDefine_Version2.elf.dir/Core/Src/freertos.c.obj
 .ARM.attributes
                0x000000be       0x34 CMakeFiles/Engineering_UserDefine_Version2.elf.dir/Core/Src/gpio.c.obj
 .ARM.attributes
                0x000000f2       0x34 CMakeFiles/Engineering_UserDefine_Version2.elf.dir/Core/Src/main.c.obj
 .ARM.attributes
                0x00000126       0x34 CMakeFiles/Engineering_UserDefine_Version2.elf.dir/Core/Src/stm32f4xx_hal_msp.c.obj
 .ARM.attributes
                0x0000015a       0x34 CMakeFiles/Engineering_UserDefine_Version2.elf.dir/Core/Src/stm32f4xx_hal_timebase_tim.c.obj
 .ARM.attributes
                0x0000018e       0x34 CMakeFiles/Engineering_UserDefine_Version2.elf.dir/Core/Src/stm32f4xx_it.c.obj
 .ARM.attributes
                0x000001c2       0x34 CMakeFiles/Engineering_UserDefine_Version2.elf.dir/Core/Src/system_stm32f4xx.c.obj
 .ARM.attributes
                0x000001f6       0x34 CMakeFiles/Engineering_UserDefine_Version2.elf.dir/Core/Src/usart.c.obj
 .ARM.attributes
                0x0000022a       0x21 CMakeFiles/Engineering_UserDefine_Version2.elf.dir/Core/Startup/startup_stm32f407vetx.s.obj
 .ARM.attributes
                0x0000024b       0x34 CMakeFiles/Engineering_UserDefine_Version2.elf.dir/Drivers/STM32F4xx_HAL_Driver/Src/stm32f4xx_hal.c.obj
 .ARM.attributes
                0x0000027f       0x34 CMakeFiles/Engineering_UserDefine_Version2.elf.dir/Drivers/STM32F4xx_HAL_Driver/Src/stm32f4xx_hal_cortex.c.obj
 .ARM.attributes
                0x000002b3       0x34 CMakeFiles/Engineering_UserDefine_Version2.elf.dir/Drivers/STM32F4xx_HAL_Driver/Src/stm32f4xx_hal_dma.c.obj
 .ARM.attributes
                0x000002e7       0x34 CMakeFiles/Engineering_UserDefine_Version2.elf.dir/Drivers/STM32F4xx_HAL_Driver/Src/stm32f4xx_hal_gpio.c.obj
 .ARM.attributes
                0x0000031b       0x34 CMakeFiles/Engineering_UserDefine_Version2.elf.dir/Drivers/STM32F4xx_HAL_Driver/Src/stm32f4xx_hal_rcc.c.obj
 .ARM.attributes
                0x0000034f       0x34 CMakeFiles/Engineering_UserDefine_Version2.elf.dir/Drivers/STM32F4xx_HAL_Driver/Src/stm32f4xx_hal_tim.c.obj
 .ARM.attributes
                0x00000383       0x34 CMakeFiles/Engineering_UserDefine_Version2.elf.dir/Drivers/STM32F4xx_HAL_Driver/Src/stm32f4xx_hal_tim_ex.c.obj
 .ARM.attributes
                0x000003b7       0x34 CMakeFiles/Engineering_UserDefine_Version2.elf.dir/Drivers/STM32F4xx_HAL_Driver/Src/stm32f4xx_hal_uart.c.obj
 .ARM.attributes
                0x000003eb       0x34 CMakeFiles/Engineering_UserDefine_Version2.elf.dir/Middlewares/Third_Party/FreeRTOS/Source/CMSIS_RTOS/cmsis_os.c.obj
 .ARM.attributes
                0x0000041f       0x34 CMakeFiles/Engineering_UserDefine_Version2.elf.dir/Middlewares/Third_Party/FreeRTOS/Source/list.c.obj
 .ARM.attributes
                0x00000453       0x34 CMakeFiles/Engineering_UserDefine_Version2.elf.dir/Middlewares/Third_Party/FreeRTOS/Source/portable/GCC/ARM_CM4F/port.c.obj
 .ARM.attributes
                0x00000487       0x34 CMakeFiles/Engineering_UserDefine_Version2.elf.dir/Middlewares/Third_Party/FreeRTOS/Source/portable/MemMang/heap_4.c.obj
 .ARM.attributes
                0x000004bb       0x34 CMakeFiles/Engineering_UserDefine_Version2.elf.dir/Middlewares/Third_Party/FreeRTOS/Source/queue.c.obj
 .ARM.attributes
                0x000004ef       0x34 CMakeFiles/Engineering_UserDefine_Version2.elf.dir/Middlewares/Third_Party/FreeRTOS/Source/tasks.c.obj
 .ARM.attributes
                0x00000523       0x34 CMakeFiles/Engineering_UserDefine_Version2.elf.dir/USER/crc8_crc16.c.obj
 .ARM.attributes
                0x00000557       0x34 CMakeFiles/Engineering_UserDefine_Version2.elf.dir/USER/encode_iic.c.obj
 .ARM.attributes
                0x0000058b       0x34 CMakeFiles/Engineering_UserDefine_Version2.elf.dir/USER/filter.c.obj
 .ARM.attributes
                0x000005bf       0x34 CMakeFiles/Engineering_UserDefine_Version2.elf.dir/USER/usart2_send.c.obj
 .ARM.attributes
                0x000005f3       0x34 CMakeFiles/Engineering_UserDefine_Version2.elf.dir/Virtual_IIC/iic1.c.obj
 .ARM.attributes
                0x00000627       0x34 CMakeFiles/Engineering_UserDefine_Version2.elf.dir/Virtual_IIC/iic2.c.obj
 .ARM.attributes
                0x0000065b       0x34 CMakeFiles/Engineering_UserDefine_Version2.elf.dir/Virtual_IIC/iic3.c.obj
 .ARM.attributes
                0x0000068f       0x34 CMakeFiles/Engineering_UserDefine_Version2.elf.dir/Virtual_IIC/iic4.c.obj
 .ARM.attributes
                0x000006c3       0x34 CMakeFiles/Engineering_UserDefine_Version2.elf.dir/Virtual_IIC/iic5.c.obj
 .ARM.attributes
                0x000006f7       0x34 CMakeFiles/Engineering_UserDefine_Version2.elf.dir/Virtual_IIC/iic6.c.obj
 .ARM.attributes
                0x0000072b       0x22 I:/ARM-GN~1.3/133167~1.3RE/bin/../lib/gcc/arm-none-eabi/13.3.1/thumb/v7e-m+fp/hard\libgcc.a(_arm_muldf3.o)
 .ARM.attributes
                0x0000074d       0x22 I:/ARM-GN~1.3/133167~1.3RE/bin/../lib/gcc/arm-none-eabi/13.3.1/thumb/v7e-m+fp/hard\libgcc.a(_arm_addsubdf3.o)
 .ARM.attributes
                0x0000076f       0x22 I:/ARM-GN~1.3/133167~1.3RE/bin/../lib/gcc/arm-none-eabi/13.3.1/thumb/v7e-m+fp/hard\libgcc.a(_arm_truncdfsf2.o)
 .ARM.attributes
                0x00000791       0x22 I:/ARM-GN~1.3/133167~1.3RE/bin/../lib/gcc/arm-none-eabi/13.3.1/thumb/v7e-m+fp/hard\libgcc.a(_aeabi_uldivmod.o)
 .ARM.attributes
                0x000007b3       0x34 I:/ARM-GN~1.3/133167~1.3RE/bin/../lib/gcc/arm-none-eabi/13.3.1/thumb/v7e-m+fp/hard\libgcc.a(_udivmoddi4.o)
 .ARM.attributes
                0x000007e7       0x22 I:/ARM-GN~1.3/133167~1.3RE/bin/../lib/gcc/arm-none-eabi/13.3.1/thumb/v7e-m+fp/hard\libgcc.a(_dvmd_tls.o)
 .ARM.attributes
                0x00000809       0x34 I:/ARM-GN~1.3/133167~1.3RE/bin/../lib/gcc/arm-none-eabi/13.3.1/thumb/v7e-m+fp/hard\libg.a(libc_a-memset.o)
 .ARM.attributes
                0x0000083d       0x34 I:/ARM-GN~1.3/133167~1.3RE/bin/../lib/gcc/arm-none-eabi/13.3.1/thumb/v7e-m+fp/hard\libg.a(libc_a-init.o)
 .ARM.attributes
                0x00000871       0x34 I:/ARM-GN~1.3/133167~1.3RE/bin/../lib/gcc/arm-none-eabi/13.3.1/thumb/v7e-m+fp/hard\libg.a(libc_a-lock.o)
 .ARM.attributes
                0x000008a5       0x20 I:/ARM-GN~1.3/133167~1.3RE/bin/../lib/gcc/arm-none-eabi/13.3.1/thumb/v7e-m+fp/hard\libg.a(libc_a-memcpy.o)
 .ARM.attributes
                0x000008c5       0x34 I:/ARM-GN~1.3/133167~1.3RE/bin/../lib/gcc/arm-none-eabi/13.3.1/thumb/v7e-m+fp/hard\libg.a(libc_a-__call_atexit.o)
 .ARM.attributes
                0x000008f9       0x34 I:/ARM-GN~1.3/133167~1.3RE/bin/../lib/gcc/arm-none-eabi/13.3.1/thumb/v7e-m+fp/hard\libg.a(libc_a-atexit.o)
 .ARM.attributes
                0x0000092d       0x34 I:/ARM-GN~1.3/133167~1.3RE/bin/../lib/gcc/arm-none-eabi/13.3.1/thumb/v7e-m+fp/hard\libg.a(libc_a-fini.o)
 .ARM.attributes
                0x00000961       0x34 I:/ARM-GN~1.3/133167~1.3RE/bin/../lib/gcc/arm-none-eabi/13.3.1/thumb/v7e-m+fp/hard\libg.a(libc_a-__atexit.o)
 .ARM.attributes
                0x00000995       0x34 I:/ARM-GN~1.3/133167~1.3RE/bin/../lib/gcc/arm-none-eabi/13.3.1/thumb/v7e-m+fp/hard/crtend.o
 .ARM.attributes
                0x000009c9       0x22 I:/ARM-GN~1.3/133167~1.3RE/bin/../lib/gcc/arm-none-eabi/13.3.1/thumb/v7e-m+fp/hard/crtn.o
OUTPUT(Engineering_UserDefine_Version2.elf elf32-littlearm)
LOAD linker stubs
LOAD I:/ARM-GN~1.3/133167~1.3RE/bin/../lib/gcc/arm-none-eabi/13.3.1/thumb/v7e-m+fp/hard\libc.a
LOAD I:/ARM-GN~1.3/133167~1.3RE/bin/../lib/gcc/arm-none-eabi/13.3.1/thumb/v7e-m+fp/hard\libm.a
LOAD I:/ARM-GN~1.3/133167~1.3RE/bin/../lib/gcc/arm-none-eabi/13.3.1/thumb/v7e-m+fp/hard\libgcc.a

.debug_info     0x00000000    0x2023e
 .debug_info    0x00000000      0x4ee CMakeFiles/Engineering_UserDefine_Version2.elf.dir/Core/Src/dma.c.obj
 .debug_info    0x000004ee      0x5c2 CMakeFiles/Engineering_UserDefine_Version2.elf.dir/Core/Src/freertos.c.obj
 .debug_info    0x00000ab0      0x623 CMakeFiles/Engineering_UserDefine_Version2.elf.dir/Core/Src/gpio.c.obj
 .debug_info    0x000010d3      0xc53 CMakeFiles/Engineering_UserDefine_Version2.elf.dir/Core/Src/main.c.obj
 .debug_info    0x00001d26      0x4e6 CMakeFiles/Engineering_UserDefine_Version2.elf.dir/Core/Src/stm32f4xx_hal_msp.c.obj
 .debug_info    0x0000220c      0xc8e CMakeFiles/Engineering_UserDefine_Version2.elf.dir/Core/Src/stm32f4xx_hal_timebase_tim.c.obj
 .debug_info    0x00002e9a      0x9be CMakeFiles/Engineering_UserDefine_Version2.elf.dir/Core/Src/stm32f4xx_it.c.obj
 .debug_info    0x00003858      0x527 CMakeFiles/Engineering_UserDefine_Version2.elf.dir/Core/Src/system_stm32f4xx.c.obj
 .debug_info    0x00003d7f      0xcb0 CMakeFiles/Engineering_UserDefine_Version2.elf.dir/Core/Src/usart.c.obj
 .debug_info    0x00004a2f       0x30 CMakeFiles/Engineering_UserDefine_Version2.elf.dir/Core/Startup/startup_stm32f407vetx.s.obj
 .debug_info    0x00004a5f      0x9e2 CMakeFiles/Engineering_UserDefine_Version2.elf.dir/Drivers/STM32F4xx_HAL_Driver/Src/stm32f4xx_hal.c.obj
 .debug_info    0x00005441      0xff5 CMakeFiles/Engineering_UserDefine_Version2.elf.dir/Drivers/STM32F4xx_HAL_Driver/Src/stm32f4xx_hal_cortex.c.obj
 .debug_info    0x00006436      0xad9 CMakeFiles/Engineering_UserDefine_Version2.elf.dir/Drivers/STM32F4xx_HAL_Driver/Src/stm32f4xx_hal_dma.c.obj
 .debug_info    0x00006f0f      0x704 CMakeFiles/Engineering_UserDefine_Version2.elf.dir/Drivers/STM32F4xx_HAL_Driver/Src/stm32f4xx_hal_gpio.c.obj
 .debug_info    0x00007613      0xa6d CMakeFiles/Engineering_UserDefine_Version2.elf.dir/Drivers/STM32F4xx_HAL_Driver/Src/stm32f4xx_hal_rcc.c.obj
 .debug_info    0x00008080     0x3c53 CMakeFiles/Engineering_UserDefine_Version2.elf.dir/Drivers/STM32F4xx_HAL_Driver/Src/stm32f4xx_hal_tim.c.obj
 .debug_info    0x0000bcd3     0x1aec CMakeFiles/Engineering_UserDefine_Version2.elf.dir/Drivers/STM32F4xx_HAL_Driver/Src/stm32f4xx_hal_tim_ex.c.obj
 .debug_info    0x0000d7bf     0x4000 CMakeFiles/Engineering_UserDefine_Version2.elf.dir/Drivers/STM32F4xx_HAL_Driver/Src/stm32f4xx_hal_uart.c.obj
 .debug_info    0x000117bf     0x2434 CMakeFiles/Engineering_UserDefine_Version2.elf.dir/Middlewares/Third_Party/FreeRTOS/Source/CMSIS_RTOS/cmsis_os.c.obj
 .debug_info    0x00013bf3      0x2bf CMakeFiles/Engineering_UserDefine_Version2.elf.dir/Middlewares/Third_Party/FreeRTOS/Source/list.c.obj
 .debug_info    0x00013eb2      0x55a CMakeFiles/Engineering_UserDefine_Version2.elf.dir/Middlewares/Third_Party/FreeRTOS/Source/portable/GCC/ARM_CM4F/port.c.obj
 .debug_info    0x0001440c      0x593 CMakeFiles/Engineering_UserDefine_Version2.elf.dir/Middlewares/Third_Party/FreeRTOS/Source/portable/MemMang/heap_4.c.obj
 .debug_info    0x0001499f     0x229b CMakeFiles/Engineering_UserDefine_Version2.elf.dir/Middlewares/Third_Party/FreeRTOS/Source/queue.c.obj
 .debug_info    0x00016c3a     0x287c CMakeFiles/Engineering_UserDefine_Version2.elf.dir/Middlewares/Third_Party/FreeRTOS/Source/tasks.c.obj
 .debug_info    0x000194b6      0x3bf CMakeFiles/Engineering_UserDefine_Version2.elf.dir/USER/crc8_crc16.c.obj
 .debug_info    0x00019875      0x3db CMakeFiles/Engineering_UserDefine_Version2.elf.dir/USER/encode_iic.c.obj
 .debug_info    0x00019c50      0x3bc CMakeFiles/Engineering_UserDefine_Version2.elf.dir/USER/filter.c.obj
 .debug_info    0x0001a00c      0x98c CMakeFiles/Engineering_UserDefine_Version2.elf.dir/USER/usart2_send.c.obj
 .debug_info    0x0001a998      0xed4 CMakeFiles/Engineering_UserDefine_Version2.elf.dir/Virtual_IIC/iic1.c.obj
 .debug_info    0x0001b86c      0xec3 CMakeFiles/Engineering_UserDefine_Version2.elf.dir/Virtual_IIC/iic2.c.obj
 .debug_info    0x0001c72f      0xec3 CMakeFiles/Engineering_UserDefine_Version2.elf.dir/Virtual_IIC/iic3.c.obj
 .debug_info    0x0001d5f2      0xec3 CMakeFiles/Engineering_UserDefine_Version2.elf.dir/Virtual_IIC/iic4.c.obj
 .debug_info    0x0001e4b5      0xec3 CMakeFiles/Engineering_UserDefine_Version2.elf.dir/Virtual_IIC/iic5.c.obj
 .debug_info    0x0001f378      0xec6 CMakeFiles/Engineering_UserDefine_Version2.elf.dir/Virtual_IIC/iic6.c.obj

.debug_abbrev   0x00000000     0x4d21
 .debug_abbrev  0x00000000      0x12b CMakeFiles/Engineering_UserDefine_Version2.elf.dir/Core/Src/dma.c.obj
 .debug_abbrev  0x0000012b      0x183 CMakeFiles/Engineering_UserDefine_Version2.elf.dir/Core/Src/freertos.c.obj
 .debug_abbrev  0x000002ae      0x164 CMakeFiles/Engineering_UserDefine_Version2.elf.dir/Core/Src/gpio.c.obj
 .debug_abbrev  0x00000412      0x27c CMakeFiles/Engineering_UserDefine_Version2.elf.dir/Core/Src/main.c.obj
 .debug_abbrev  0x0000068e      0x120 CMakeFiles/Engineering_UserDefine_Version2.elf.dir/Core/Src/stm32f4xx_hal_msp.c.obj
 .debug_abbrev  0x000007ae      0x232 CMakeFiles/Engineering_UserDefine_Version2.elf.dir/Core/Src/stm32f4xx_hal_timebase_tim.c.obj
 .debug_abbrev  0x000009e0      0x191 CMakeFiles/Engineering_UserDefine_Version2.elf.dir/Core/Src/stm32f4xx_it.c.obj
 .debug_abbrev  0x00000b71      0x11e CMakeFiles/Engineering_UserDefine_Version2.elf.dir/Core/Src/system_stm32f4xx.c.obj
 .debug_abbrev  0x00000c8f      0x24a CMakeFiles/Engineering_UserDefine_Version2.elf.dir/Core/Src/usart.c.obj
 .debug_abbrev  0x00000ed9       0x24 CMakeFiles/Engineering_UserDefine_Version2.elf.dir/Core/Startup/startup_stm32f407vetx.s.obj
 .debug_abbrev  0x00000efd      0x240 CMakeFiles/Engineering_UserDefine_Version2.elf.dir/Drivers/STM32F4xx_HAL_Driver/Src/stm32f4xx_hal.c.obj
 .debug_abbrev  0x0000113d      0x391 CMakeFiles/Engineering_UserDefine_Version2.elf.dir/Drivers/STM32F4xx_HAL_Driver/Src/stm32f4xx_hal_cortex.c.obj
 .debug_abbrev  0x000014ce      0x2c0 CMakeFiles/Engineering_UserDefine_Version2.elf.dir/Drivers/STM32F4xx_HAL_Driver/Src/stm32f4xx_hal_dma.c.obj
 .debug_abbrev  0x0000178e      0x202 CMakeFiles/Engineering_UserDefine_Version2.elf.dir/Drivers/STM32F4xx_HAL_Driver/Src/stm32f4xx_hal_gpio.c.obj
 .debug_abbrev  0x00001990      0x2c7 CMakeFiles/Engineering_UserDefine_Version2.elf.dir/Drivers/STM32F4xx_HAL_Driver/Src/stm32f4xx_hal_rcc.c.obj
 .debug_abbrev  0x00001c57      0x271 CMakeFiles/Engineering_UserDefine_Version2.elf.dir/Drivers/STM32F4xx_HAL_Driver/Src/stm32f4xx_hal_tim.c.obj
 .debug_abbrev  0x00001ec8      0x26f CMakeFiles/Engineering_UserDefine_Version2.elf.dir/Drivers/STM32F4xx_HAL_Driver/Src/stm32f4xx_hal_tim_ex.c.obj
 .debug_abbrev  0x00002137      0x32f CMakeFiles/Engineering_UserDefine_Version2.elf.dir/Drivers/STM32F4xx_HAL_Driver/Src/stm32f4xx_hal_uart.c.obj
 .debug_abbrev  0x00002466      0x3f1 CMakeFiles/Engineering_UserDefine_Version2.elf.dir/Middlewares/Third_Party/FreeRTOS/Source/CMSIS_RTOS/cmsis_os.c.obj
 .debug_abbrev  0x00002857      0x10a CMakeFiles/Engineering_UserDefine_Version2.elf.dir/Middlewares/Third_Party/FreeRTOS/Source/list.c.obj
 .debug_abbrev  0x00002961      0x293 CMakeFiles/Engineering_UserDefine_Version2.elf.dir/Middlewares/Third_Party/FreeRTOS/Source/portable/GCC/ARM_CM4F/port.c.obj
 .debug_abbrev  0x00002bf4      0x263 CMakeFiles/Engineering_UserDefine_Version2.elf.dir/Middlewares/Third_Party/FreeRTOS/Source/portable/MemMang/heap_4.c.obj
 .debug_abbrev  0x00002e57      0x3ea CMakeFiles/Engineering_UserDefine_Version2.elf.dir/Middlewares/Third_Party/FreeRTOS/Source/queue.c.obj
 .debug_abbrev  0x00003241      0x38d CMakeFiles/Engineering_UserDefine_Version2.elf.dir/Middlewares/Third_Party/FreeRTOS/Source/tasks.c.obj
 .debug_abbrev  0x000035ce      0x103 CMakeFiles/Engineering_UserDefine_Version2.elf.dir/USER/crc8_crc16.c.obj
 .debug_abbrev  0x000036d1      0x1b6 CMakeFiles/Engineering_UserDefine_Version2.elf.dir/USER/encode_iic.c.obj
 .debug_abbrev  0x00003887      0x17e CMakeFiles/Engineering_UserDefine_Version2.elf.dir/USER/filter.c.obj
 .debug_abbrev  0x00003a05      0x254 CMakeFiles/Engineering_UserDefine_Version2.elf.dir/USER/usart2_send.c.obj
 .debug_abbrev  0x00003c59      0x2cc CMakeFiles/Engineering_UserDefine_Version2.elf.dir/Virtual_IIC/iic1.c.obj
 .debug_abbrev  0x00003f25      0x2cc CMakeFiles/Engineering_UserDefine_Version2.elf.dir/Virtual_IIC/iic2.c.obj
 .debug_abbrev  0x000041f1      0x2cc CMakeFiles/Engineering_UserDefine_Version2.elf.dir/Virtual_IIC/iic3.c.obj
 .debug_abbrev  0x000044bd      0x2cc CMakeFiles/Engineering_UserDefine_Version2.elf.dir/Virtual_IIC/iic4.c.obj
 .debug_abbrev  0x00004789      0x2cc CMakeFiles/Engineering_UserDefine_Version2.elf.dir/Virtual_IIC/iic5.c.obj
 .debug_abbrev  0x00004a55      0x2cc CMakeFiles/Engineering_UserDefine_Version2.elf.dir/Virtual_IIC/iic6.c.obj

.debug_aranges  0x00000000     0x16e0
 .debug_aranges
                0x00000000       0x20 CMakeFiles/Engineering_UserDefine_Version2.elf.dir/Core/Src/dma.c.obj
 .debug_aranges
                0x00000020       0x40 CMakeFiles/Engineering_UserDefine_Version2.elf.dir/Core/Src/freertos.c.obj
 .debug_aranges
                0x00000060       0x20 CMakeFiles/Engineering_UserDefine_Version2.elf.dir/Core/Src/gpio.c.obj
 .debug_aranges
                0x00000080       0x40 CMakeFiles/Engineering_UserDefine_Version2.elf.dir/Core/Src/main.c.obj
 .debug_aranges
                0x000000c0       0x20 CMakeFiles/Engineering_UserDefine_Version2.elf.dir/Core/Src/stm32f4xx_hal_msp.c.obj
 .debug_aranges
                0x000000e0       0x30 CMakeFiles/Engineering_UserDefine_Version2.elf.dir/Core/Src/stm32f4xx_hal_timebase_tim.c.obj
 .debug_aranges
                0x00000110       0x60 CMakeFiles/Engineering_UserDefine_Version2.elf.dir/Core/Src/stm32f4xx_it.c.obj
 .debug_aranges
                0x00000170       0x28 CMakeFiles/Engineering_UserDefine_Version2.elf.dir/Core/Src/system_stm32f4xx.c.obj
 .debug_aranges
                0x00000198       0x30 CMakeFiles/Engineering_UserDefine_Version2.elf.dir/Core/Src/usart.c.obj
 .debug_aranges
                0x000001c8       0x28 CMakeFiles/Engineering_UserDefine_Version2.elf.dir/Core/Startup/startup_stm32f407vetx.s.obj
 .debug_aranges
                0x000001f0       0xf0 CMakeFiles/Engineering_UserDefine_Version2.elf.dir/Drivers/STM32F4xx_HAL_Driver/Src/stm32f4xx_hal.c.obj
 .debug_aranges
                0x000002e0       0xf8 CMakeFiles/Engineering_UserDefine_Version2.elf.dir/Drivers/STM32F4xx_HAL_Driver/Src/stm32f4xx_hal_cortex.c.obj
 .debug_aranges
                0x000003d8       0x90 CMakeFiles/Engineering_UserDefine_Version2.elf.dir/Drivers/STM32F4xx_HAL_Driver/Src/stm32f4xx_hal_dma.c.obj
 .debug_aranges
                0x00000468       0x58 CMakeFiles/Engineering_UserDefine_Version2.elf.dir/Drivers/STM32F4xx_HAL_Driver/Src/stm32f4xx_hal_gpio.c.obj
 .debug_aranges