Archive member included to satisfy reference by file (symbol)

I:/ARM-GN~1.3/133167~1.3RE/bin/../lib/gcc/arm-none-eabi/13.3.1/thumb/v7e-m+fp/hard\libgcc.a(_arm_muldf3.o)
                              CMakeFiles/Engineering_UserDefine_Version2.elf.dir/Hardware_IIC/Hardware_i2c1.c.obj (__aeabi_dmul)
I:/ARM-GN~1.3/133167~1.3RE/bin/../lib/gcc/arm-none-eabi/13.3.1/thumb/v7e-m+fp/hard\libgcc.a(_arm_addsubdf3.o)
                              CMakeFiles/Engineering_UserDefine_Version2.elf.dir/Hardware_IIC/Hardware_i2c1.c.obj (__aeabi_dsub)
I:/ARM-GN~1.3/133167~1.3RE/bin/../lib/gcc/arm-none-eabi/13.3.1/thumb/v7e-m+fp/hard\libgcc.a(_arm_muldivdf3.o)
                              CMakeFiles/Engineering_UserDefine_Version2.elf.dir/Hardware_IIC/Hardware_i2c1.c.obj (__aeabi_ddiv)
I:/ARM-GN~1.3/133167~1.3RE/bin/../lib/gcc/arm-none-eabi/13.3.1/thumb/v7e-m+fp/hard\libgcc.a(_arm_truncdfsf2.o)
                              CMakeFiles/Engineering_UserDefine_Version2.elf.dir/Virtual_IIC/iic1.c.obj (__aeabi_d2f)
I:/ARM-GN~1.3/133167~1.3RE/bin/../lib/gcc/arm-none-eabi/13.3.1/thumb/v7e-m+fp/hard\libgcc.a(_aeabi_uldivmod.o)
                              CMakeFiles/Engineering_UserDefine_Version2.elf.dir/Drivers/STM32F4xx_HAL_Driver/Src/stm32f4xx_hal_rcc.c.obj (__aeabi_uldivmod)
I:/ARM-GN~1.3/133167~1.3RE/bin/../lib/gcc/arm-none-eabi/13.3.1/thumb/v7e-m+fp/hard\libgcc.a(_udivmoddi4.o)
                              I:/ARM-GN~1.3/133167~1.3RE/bin/../lib/gcc/arm-none-eabi/13.3.1/thumb/v7e-m+fp/hard\libgcc.a(_aeabi_uldivmod.o) (__udivmoddi4)
I:/ARM-GN~1.3/133167~1.3RE/bin/../lib/gcc/arm-none-eabi/13.3.1/thumb/v7e-m+fp/hard\libgcc.a(_dvmd_tls.o)
                              I:/ARM-GN~1.3/133167~1.3RE/bin/../lib/gcc/arm-none-eabi/13.3.1/thumb/v7e-m+fp/hard\libgcc.a(_aeabi_uldivmod.o) (__aeabi_ldiv0)
I:/ARM-GN~1.3/133167~1.3RE/bin/../lib/gcc/arm-none-eabi/13.3.1/thumb/v7e-m+fp/hard\libg.a(libc_a-exit.o)
                              I:/ARM-GN~1.3/133167~1.3RE/bin/../lib/gcc/arm-none-eabi/13.3.1/thumb/v7e-m+fp/hard/crt0.o (exit)
I:/ARM-GN~1.3/133167~1.3RE/bin/../lib/gcc/arm-none-eabi/13.3.1/thumb/v7e-m+fp/hard\libg.a(libc_a-findfp.o)
                              I:/ARM-GN~1.3/133167~1.3RE/bin/../lib/gcc/arm-none-eabi/13.3.1/thumb/v7e-m+fp/hard\libg.a(libc_a-exit.o) (__stdio_exit_handler)
I:/ARM-GN~1.3/133167~1.3RE/bin/../lib/gcc/arm-none-eabi/13.3.1/thumb/v7e-m+fp/hard\libg.a(libc_a-fwalk.o)
                              I:/ARM-GN~1.3/133167~1.3RE/bin/../lib/gcc/arm-none-eabi/13.3.1/thumb/v7e-m+fp/hard\libg.a(libc_a-findfp.o) (_fwalk_sglue)
I:/ARM-GN~1.3/133167~1.3RE/bin/../lib/gcc/arm-none-eabi/13.3.1/thumb/v7e-m+fp/hard\libg.a(libc_a-stdio.o)
                              I:/ARM-GN~1.3/133167~1.3RE/bin/../lib/gcc/arm-none-eabi/13.3.1/thumb/v7e-m+fp/hard\libg.a(libc_a-findfp.o) (__sread)
I:/ARM-GN~1.3/133167~1.3RE/bin/../lib/gcc/arm-none-eabi/13.3.1/thumb/v7e-m+fp/hard\libg.a(libc_a-memset.o)
                              I:/ARM-GN~1.3/133167~1.3RE/bin/../lib/gcc/arm-none-eabi/13.3.1/thumb/v7e-m+fp/hard/crt0.o (memset)
I:/ARM-GN~1.3/133167~1.3RE/bin/../lib/gcc/arm-none-eabi/13.3.1/thumb/v7e-m+fp/hard\libg.a(libc_a-closer.o)
                              I:/ARM-GN~1.3/133167~1.3RE/bin/../lib/gcc/arm-none-eabi/13.3.1/thumb/v7e-m+fp/hard\libg.a(libc_a-stdio.o) (_close_r)
I:/ARM-GN~1.3/133167~1.3RE/bin/../lib/gcc/arm-none-eabi/13.3.1/thumb/v7e-m+fp/hard\libg.a(libc_a-reent.o)
                              I:/ARM-GN~1.3/133167~1.3RE/bin/../lib/gcc/arm-none-eabi/13.3.1/thumb/v7e-m+fp/hard\libg.a(libc_a-closer.o) (errno)
I:/ARM-GN~1.3/133167~1.3RE/bin/../lib/gcc/arm-none-eabi/13.3.1/thumb/v7e-m+fp/hard\libg.a(libc_a-impure.o)
                              I:/ARM-GN~1.3/133167~1.3RE/bin/../lib/gcc/arm-none-eabi/13.3.1/thumb/v7e-m+fp/hard\libg.a(libc_a-reent.o) (_impure_ptr)
I:/ARM-GN~1.3/133167~1.3RE/bin/../lib/gcc/arm-none-eabi/13.3.1/thumb/v7e-m+fp/hard\libg.a(libc_a-lseekr.o)
                              I:/ARM-GN~1.3/133167~1.3RE/bin/../lib/gcc/arm-none-eabi/13.3.1/thumb/v7e-m+fp/hard\libg.a(libc_a-stdio.o) (_lseek_r)
I:/ARM-GN~1.3/133167~1.3RE/bin/../lib/gcc/arm-none-eabi/13.3.1/thumb/v7e-m+fp/hard\libg.a(libc_a-readr.o)
                              I:/ARM-GN~1.3/133167~1.3RE/bin/../lib/gcc/arm-none-eabi/13.3.1/thumb/v7e-m+fp/hard\libg.a(libc_a-stdio.o) (_read_r)
I:/ARM-GN~1.3/133167~1.3RE/bin/../lib/gcc/arm-none-eabi/13.3.1/thumb/v7e-m+fp/hard\libg.a(libc_a-writer.o)
                              I:/ARM-GN~1.3/133167~1.3RE/bin/../lib/gcc/arm-none-eabi/13.3.1/thumb/v7e-m+fp/hard\libg.a(libc_a-stdio.o) (_write_r)
I:/ARM-GN~1.3/133167~1.3RE/bin/../lib/gcc/arm-none-eabi/13.3.1/thumb/v7e-m+fp/hard\libg.a(libc_a-errno.o)
                              CMakeFiles/Engineering_UserDefine_Version2.elf.dir/Core/Src/syscalls.c.obj (__errno)
I:/ARM-GN~1.3/133167~1.3RE/bin/../lib/gcc/arm-none-eabi/13.3.1/thumb/v7e-m+fp/hard\libg.a(libc_a-init.o)
[...]
Memory Configuration

Name             Origin             Length             Attributes
CCMRAM           0x10000000         0x00010000         xrw
RAM              0x20000000         0x00020000         xrw
FLASH            0x08000000         0x00080000         xr
*default*        0x00000000         0xffffffff

Linker script and memory map

LOAD I:/ARM-GN~1.3/133167~1.3RE/bin/../lib/gcc/arm-none-eabi/13.3.1/thumb/v7e-m+fp/hard/crti.o
LOAD I:/ARM-GN~1.3/133167~1.3RE/bin/../lib/gcc/arm-none-eabi/13.3.1/thumb/v7e-m+fp/hard/crtbegin.o
LOAD I:/ARM-GN~1.3/133167~1.3RE/bin/../lib/gcc/arm-none-eabi/13.3.1/thumb/v7e-m+fp/hard/crt0.o
LOAD CMakeFiles/Engineering_UserDefine_Version2.elf.dir/Core/Src/dma.c.obj
LOAD CMakeFiles/Engineering_UserDefine_Version2.elf.dir/Core/Src/freertos.c.obj
LOAD CMakeFiles/Engineering_UserDefine_Version2.elf.dir/Core/Src/gpio.c.obj
LOAD CMakeFiles/Engineering_UserDefine_Version2.elf.dir/Core/Src/i2c.c.obj
LOAD CMakeFiles/Engineering_UserDefine_Version2.elf.dir/Core/Src/main.c.obj
LOAD CMakeFiles/Engineering_UserDefine_Version2.elf.dir/Core/Src/stm32f4xx_hal_msp.c.obj
LOAD CMakeFiles/Engineering_UserDefine_Version2.elf.dir/Core/Src/stm32f4xx_hal_timebase_tim.c.obj
LOAD CMakeFiles/Engineering_UserDefine_Version2.elf.dir/Core/Src/stm32f4xx_it.c.obj
LOAD CMakeFiles/Engineering_UserDefine_Version2.elf.dir/Core/Src/syscalls.c.obj
LOAD CMakeFiles/Engineering_UserDefine_Version2.elf.dir/Core/Src/sysmem.c.obj
LOAD CMakeFiles/Engineering_UserDefine_Version2.elf.dir/Core/Src/system_stm32f4xx.c.obj
LOAD CMakeFiles/Engineering_UserDefine_Version2.elf.dir/Core/Src/tim.c.obj
LOAD CMakeFiles/Engineering_UserDefine_Version2.elf.dir/Core/Src/usart.c.obj
LOAD CMakeFiles/Engineering_UserDefine_Version2.elf.dir/Core/Startup/startup_stm32f407vetx.s.obj
LOAD CMakeFiles/Engineering_UserDefine_Version2.elf.dir/Drivers/STM32F4xx_HAL_Driver/Src/stm32f4xx_hal.c.obj
LOAD CMakeFiles/Engineering_UserDefine_Version2.elf.dir/Drivers/STM32F4xx_HAL_Driver/Src/stm32f4xx_hal_cortex.c.obj
LOAD CMakeFiles/Engineering_UserDefine_Version2.elf.dir/Drivers/STM32F4xx_HAL_Driver/Src/stm32f4xx_hal_dma.c.obj
LOAD CMakeFiles/Engineering_UserDefine_Version2.elf.dir/Drivers/STM32F4xx_HAL_Driver/Src/stm32f4xx_hal_dma_ex.c.obj
LOAD CMakeFiles/Engineering_UserDefine_Version2.elf.dir/Drivers/STM32F4xx_HAL_Driver/Src/stm32f4xx_hal_exti.c.obj
LOAD CMakeFiles/Engineering_UserDefine_Version2.elf.dir/Drivers/STM32F4xx_HAL_Driver/Src/stm32f4xx_hal_flash.c.obj
LOAD CMakeFiles/Engineering_UserDefine_Version2.elf.dir/Drivers/STM32F4xx_HAL_Driver/Src/stm32f4xx_hal_flash_ex.c.obj
LOAD CMakeFiles/Engineering_UserDefine_Version2.elf.dir/Drivers/STM32F4xx_HAL_Driver/Src/stm32f4xx_hal_flash_ramfunc.c.obj
LOAD CMakeFiles/Engineering_UserDefine_Version2.elf.dir/Drivers/STM32F4xx_HAL_Driver/Src/stm32f4xx_hal_gpio.c.obj
LOAD CMakeFiles/Engineering_UserDefine_Version2.elf.dir/Drivers/STM32F4xx_HAL_Driver/Src/stm32f4xx_hal_i2c.c.obj
LOAD CMakeFiles/Engineering_UserDefine_Version2.elf.dir/Drivers/STM32F4xx_HAL_Driver/Src/stm32f4xx_hal_i2c_ex.c.obj
LOAD CMakeFiles/Engineering_UserDefine_Version2.elf.dir/Drivers/STM32F4xx_HAL_Driver/Src/stm32f4xx_hal_pwr.c.obj
LOAD CMakeFiles/Engineering_UserDefine_Version2.elf.dir/Drivers/STM32F4xx_HAL_Driver/Src/stm32f4xx_hal_pwr_ex.c.obj
LOAD CMakeFiles/Engineering_UserDefine_Version2.elf.dir/Drivers/STM32F4xx_HAL_Driver/Src/stm32f4xx_hal_rcc.c.obj
LOAD CMakeFiles/Engineering_UserDefine_Version2.elf.dir/Drivers/STM32F4xx_HAL_Driver/Src/stm32f4xx_hal_rcc_ex.c.obj
LOAD CMakeFiles/Engineering_UserDefine_Version2.elf.dir/Drivers/STM32F4xx_HAL_Driver/Src/stm32f4xx_hal_tim.c.obj
LOAD CMakeFiles/Engineering_UserDefine_Version2.elf.dir/Drivers/STM32F4xx_HAL_Driver/Src/stm32f4xx_hal_tim_ex.c.obj
LOAD CMakeFiles/Engineering_UserDefine_Version2.elf.dir/Drivers/STM32F4xx_HAL_Driver/Src/stm32f4xx_hal_uart.c.obj
LOAD CMakeFiles/Engineering_UserDefine_Version2.elf.dir/Hardware_IIC/Hardware_i2c1.c.obj
LOAD CMakeFiles/Engineering_UserDefine_Version2.elf.dir/Middlewares/Third_Party/FreeRTOS/Source/CMSIS_RTOS/cmsis_os.c.obj
LOAD CMakeFiles/Engineering_UserDefine_Version2.elf.dir/Middlewares/Third_Party/FreeRTOS/Source/croutine.c.obj
LOAD CMakeFiles/Engineering_UserDefine_Version2.elf.dir/Middlewares/Third_Party/FreeRTOS/Source/event_groups.c.obj
LOAD CMakeFiles/Engineering_UserDefine_Version2.elf.dir/Middlewares/Third_Party/FreeRTOS/Source/list.c.obj
LOAD CMakeFiles/Engineering_UserDefine_Version2.elf.dir/Middlewares/Third_Party/FreeRTOS/Source/portable/GCC/ARM_CM4F/port.c.obj
LOAD CMakeFiles/Engineering_UserDefine_Version2.elf.dir/Middlewares/Third_Party/FreeRTOS/Source/portable/MemMang/heap_4.c.obj
LOAD CMakeFiles/Engineering_UserDefine_Version2.elf.dir/Middlewares/Third_Party/FreeRTOS/Source/queue.c.obj
LOAD CMakeFiles/Engineering_UserDefine_Version2.elf.dir/Middlewares/Third_Party/FreeRTOS/Source/stream_buffer.c.obj
LOAD CMakeFiles/Engineering_UserDefine_Version2.elf.dir/Middlewares/Third_Party/FreeRTOS/Source/tasks.c.obj
LOAD CMakeFiles/Engineering_UserDefine_Version2.elf.dir/Middlewares/Third_Party/FreeRTOS/Source/timers.c.obj
LOAD CMakeFiles/Engineering_UserDefine_Version2.elf.dir/USER/crc8_crc16.c.obj
LOAD CMakeFiles/Engineering_UserDefine_Version2.elf.dir/USER/encode_iic.c.obj
LOAD CMakeFiles/Engineering_UserDefine_Version2.elf.dir/USER/filter.c.obj
LOAD CMakeFiles/Engineering_UserDefine_Version2.elf.dir/USER/usart2_send.c.obj
LOAD CMakeFiles/Engineering_UserDefine_Version2.elf.dir/Virtual_IIC/iic1.c.obj
LOAD CMakeFiles/Engineering_UserDefine_Version2.elf.dir/Virtual_IIC/iic2.c.obj
LOAD CMakeFiles/Engineering_UserDefine_Version2.elf.dir/Virtual_IIC/iic3.c.obj
LOAD CMakeFiles/Engineering_UserDefine_Version2.elf.dir/Virtual_IIC/iic4.c.obj
LOAD CMakeFiles/Engineering_UserDefine_Version2.elf.dir/Virtual_IIC/iic5.c.obj
LOAD CMakeFiles/Engineering_UserDefine_Version2.elf.dir/Virtual_IIC/iic6.c.obj
LOAD D:\GitHub_Project\UserDefineControl_V2.0\Middlewares\ST\ARM\DSP\Lib\libarm_cortexM4lf_math.a
START GROUP
LOAD I:/ARM-GN~1.3/133167~1.3RE/bin/../lib/gcc/arm-none-eabi/13.3.1/thumb/v7e-m+fp/hard\libgcc.a
LOAD I:/ARM-GN~1.3/133167~1.3RE/bin/../lib/gcc/arm-none-eabi/13.3.1/thumb/v7e-m+fp/hard\libg.a
LOAD I:/ARM-GN~1.3/133167~1.3RE/bin/../lib/gcc/arm-none-eabi/13.3.1/thumb/v7e-m+fp/hard\libc.a
END GROUP
LOAD I:/ARM-GN~1.3/133167~1.3RE/bin/../lib/gcc/arm-none-eabi/13.3.1/thumb/v7e-m+fp/hard/crtend.o
LOAD I:/ARM-GN~1.3/133167~1.3RE/bin/../lib/gcc/arm-none-eabi/13.3.1/thumb/v7e-m+fp/hard/crtn.o
                0x20020000                        _estack = (ORIGIN (RAM) + LENGTH (RAM))
                0x00000400                        _Min_Heap_Size = 0x400
                0x00001000                        _Min_Stack_Size = 0x1000

.isr_vector     0x08000000      0x188
                0x08000000                        . = ALIGN (0x4)
 *(.isr_vector)
 .isr_vector    0x08000000      0x188 CMakeFiles/Engineering_UserDefine_Version2.elf.dir/Core/Startup/startup_stm32f407vetx.s.obj
                0x08000000                g_pfnVectors
                0x08000188                        . = ALIGN (0x4)

.text           0x08000190     0x5d6c
                0x08000190                        . = ALIGN (0x4)
 *(.text)
 .text          0x08000190      0x378 I:/ARM-GN~1.3/133167~1.3RE/bin/../lib/gcc/arm-none-eabi/13.3.1/thumb/v7e-m+fp/hard\libgcc.a(_arm_addsubdf3.o)
                0x08000190                __aeabi_drsub
                0x08000198                __aeabi_dsub
                0x08000198                __subdf3
                0x0800019c                __aeabi_dadd
                0x0800019c                __adddf3
                0x08000414                __floatunsidf
                0x08000414                __aeabi_ui2d
                0x08000434                __floatsidf
                0x08000434                __aeabi_i2d
                0x08000458                __aeabi_f2d
                0x08000458                __extendsfdf2
                0x0800049c                __floatundidf
                0x0800049c                __aeabi_ul2d
                0x080004ac                __floatdidf
                0x080004ac                __aeabi_l2d
 .text          0x08000508      0x424 I:/ARM-GN~1.3/133167~1.3RE/bin/../lib/gcc/arm-none-eabi/13.3.1/thumb/v7e-m+fp/hard\libgcc.a(_arm_muldivdf3.o)
                0x08000508                __aeabi_dmul
                0x08000508                __muldf3
                0x0800075c                __divdf3
                0x0800075c                __aeabi_ddiv
 .text          0x0800092c       0xa0 I:/ARM-GN~1.3/133167~1.3RE/bin/../lib/gcc/arm-none-eabi/13.3.1/thumb/v7e-m+fp/hard\libgcc.a(_arm_truncdfsf2.o)
                0x0800092c                __truncdfsf2
                0x0800092c                __aeabi_d2f
 .text          0x080009cc       0x30 I:/ARM-GN~1.3/133167~1.3RE/bin/../lib/gcc/arm-none-eabi/13.3.1/thumb/v7e-m+fp/hard\libgcc.a(_aeabi_uldivmod.o)
                0x080009cc                __aeabi_uldivmod
 .text          0x080009fc        0x4 I:/ARM-GN~1.3/133167~1.3RE/bin/../lib/gcc/arm-none-eabi/13.3.1/thumb/v7e-m+fp/hard\libgcc.a(_dvmd_tls.o)
                0x080009fc                __aeabi_idiv0
                0x080009fc                __aeabi_ldiv0
 .text          0x08000a00      0x134 I:/ARM-GN~1.3/133167~1.3RE/bin/../lib/gcc/arm-none-eabi/13.3.1/thumb/v7e-m+fp/hard\libg.a(libc_a-memcpy.o)
                0x08000a00                memcpy
 *(.text*)
 .text.deregister_tm_clones
                0x08000b34       0x1c I:/ARM-GN~1.3/133167~1.3RE/bin/../lib/gcc/arm-none-eabi/13.3.1/thumb/v7e-m+fp/hard/crtbegin.o
 .text.register_tm_clones
                0x08000b50       0x24 I:/ARM-GN~1.3/133167~1.3RE/bin/../lib/gcc/arm-none-eabi/13.3.1/thumb/v7e-m+fp/hard/crtbegin.o
 .text.__do_global_dtors_aux
                0x08000b74       0x28 I:/ARM-GN~1.3/133167~1.3RE/bin/../lib/gcc/arm-none-eabi/13.3.1/thumb/v7e-m+fp/hard/crtbegin.o
 .text.frame_dummy
                0x08000b9c       0x24 I:/ARM-GN~1.3/133167~1.3RE/bin/../lib/gcc/arm-none-eabi/13.3.1/thumb/v7e-m+fp/hard/crtbegin.o
 .text.MX_DMA_Init
                0x08000bc0       0x34 CMakeFiles/Engineering_UserDefine_Version2.elf.dir/Core/Src/dma.c.obj
                0x08000bc0                MX_DMA_Init
 .text.StartTask03
                0x08000bf4        0xa CMakeFiles/Engineering_UserDefine_Version2.elf.dir/Core/Src/freertos.c.obj
                0x08000bf4                StartTask03
 *fill*         0x08000bfe        0x2 
 .text.vApplicationGetIdleTaskMemory
                0x08000c00       0x18 CMakeFiles/Engineering_UserDefine_Version2.elf.dir/Core/Src/freertos.c.obj
                0x08000c00                vApplicationGetIdleTaskMemory
 .text.MX_FREERTOS_Init
                0x08000c18       0x84 CMakeFiles/Engineering_UserDefine_Version2.elf.dir/Core/Src/freertos.c.obj
                0x08000c18                MX_FREERTOS_Init
 .text.MX_GPIO_Init
                0x08000c9c      0x10c CMakeFiles/Engineering_UserDefine_Version2.elf.dir/Core/Src/gpio.c.obj
                0x08000c9c                MX_GPIO_Init
 .text.MX_I2C1_Init
                0x08000da8       0x3c CMakeFiles/Engineering_UserDefine_Version2.elf.dir/Core/Src/i2c.c.obj
                0x08000da8                MX_I2C1_Init
 .text.MX_I2C2_Init
                0x08000de4       0x3c CMakeFiles/Engineering_UserDefine_Version2.elf.dir/Core/Src/i2c.c.obj
                0x08000de4                MX_I2C2_Init
 .text.MX_I2C3_Init
                0x08000e20       0x3c CMakeFiles/Engineering_UserDefine_Version2.elf.dir/Core/Src/i2c.c.obj
                0x08000e20                MX_I2C3_Init
 .text.HAL_I2C_MspInit
                0x08000e5c      0x160 CMakeFiles/Engineering_UserDefine_Version2.elf.dir/Core/Src/i2c.c.obj
                0x08000e5c                HAL_I2C_MspInit
 .text.delayUs  0x08000fbc       0x2c CMakeFiles/Engineering_UserDefine_Version2.elf.dir/Core/Src/main.c.obj
                0x08000fbc                delayUs
 .text.HAL_TIM_PeriodElapsedCallback
                0x08000fe8       0x18 CMakeFiles/Engineering_UserDefine_Version2.elf.dir/Core/Src/main.c.obj
                0x08000fe8                HAL_TIM_PeriodElapsedCallback
 .text.Error_Handler
                0x08001000        0x4 CMakeFiles/Engineering_UserDefine_Version2.elf.dir/Core/Src/main.c.obj
                0x08001000                Error_Handler
 .text.SystemClock_Config
                0x08001004       0xac CMakeFiles/Engineering_UserDefine_Version2.elf.dir/Core/Src/main.c.obj
                0x08001004                SystemClock_Config
 .text.main     0x080010b0       0x48 CMakeFiles/Engineering_UserDefine_Version2.elf.dir/Core/Src/main.c.obj
                0x080010b0                main
 .text.HAL_MspInit
                0x080010f8       0x44 CMakeFiles/Engineering_UserDefine_Version2.elf.dir/Core/Src/stm32f4xx_hal_msp.c.obj
                0x080010f8                HAL_MspInit
 .text.HAL_InitTick
                0x0800113c       0xa4 CMakeFiles/Engineering_UserDefine_Version2.elf.dir/Core/Src/stm32f4xx_hal_timebase_tim.c.obj
                0x0800113c                HAL_InitTick
 .text.NMI_Handler
                0x080011e0        0x2 CMakeFiles/Engineering_UserDefine_Version2.elf.dir/Core/Src/stm32f4xx_it.c.obj
                0x080011e0                NMI_Handler
 .text.HardFault_Handler
                0x080011e2        0x2 CMakeFiles/Engineering_UserDefine_Version2.elf.dir/Core/Src/stm32f4xx_it.c.obj
                0x080011e2                HardFault_Handler
 .text.MemManage_Handler
                0x080011e4        0x2 CMakeFiles/Engineering_UserDefine_Version2.elf.dir/Core/Src/stm32f4xx_it.c.obj
                0x080011e4                MemManage_Handler
 .text.BusFault_Handler
                0x080011e6        0x2 CMakeFiles/Engineering_UserDefine_Version2.elf.dir/Core/Src/stm32f4xx_it.c.obj
                0x080011e6                BusFault_Handler
 .text.UsageFault_Handler
                0x080011e8        0x2 CMakeFiles/Engineering_UserDefine_Version2.elf.dir/Core/Src/stm32f4xx_it.c.obj
                0x080011e8                UsageFault_Handler
 .text.DebugMon_Handler
                0x080011ea        0x2 CMakeFiles/Engineering_UserDefine_Version2.elf.dir/Core/Src/stm32f4xx_it.c.obj
                0x080011ea                DebugMon_Handler
 .text.DMA1_Stream6_IRQHandler
                0x080011ec       0x10 CMakeFiles/Engineering_UserDefine_Version2.elf.dir/Core/Src/stm32f4xx_it.c.obj
                0x080011ec                DMA1_Stream6_IRQHandler
 .text.TIM4_IRQHandler
                0x080011fc       0x10 CMakeFiles/Engineering_UserDefine_Version2.elf.dir/Core/Src/stm32f4xx_it.c.obj
                0x080011fc                TIM4_IRQHandler
 .text.USART2_IRQHandler
                0x0800120c       0x10 CMakeFiles/Engineering_UserDefine_Version2.elf.dir/Core/Src/stm32f4xx_it.c.obj
                0x0800120c                USART2_IRQHandler
 .text.SystemInit
                0x0800121c       0x14 CMakeFiles/Engineering_UserDefine_Version2.elf.dir/Core/Src/system_stm32f4xx.c.obj
                0x0800121c                SystemInit
 .text.MX_TIM2_Init
                0x08001230       0x74 CMakeFiles/Engineering_UserDefine_Version2.elf.dir/Core/Src/tim.c.obj
                0x08001230                MX_TIM2_Init
 .text.HAL_TIM_Base_MspInit
                0x080012a4       0x2c CMakeFiles/Engineering_UserDefine_Version2.elf.dir/Core/Src/tim.c.obj
                0x080012a4                HAL_TIM_Base_MspInit
 .text.MX_USART2_UART_Init
                0x080012d0       0x34 CMakeFiles/Engineering_UserDefine_Version2.elf.dir/Core/Src/usart.c.obj
                0x080012d0                MX_USART2_UART_Init
 .text.HAL_UART_MspInit
                0x08001304       0xc0 CMakeFiles/Engineering_UserDefine_Version2.elf.dir/Core/Src/usart.c.obj
                0x08001304                HAL_UART_MspInit
 .text.Reset_Handler
                0x080013c4       0x50 CMakeFiles/Engineering_UserDefine_Version2.elf.dir/Core/Startup/startup_stm32f407vetx.s.obj
                0x080013c4                Reset_Handler
 .text.Default_Handler
                0x08001414        0x2 CMakeFiles/Engineering_UserDefine_Version2.elf.dir/Core/Startup/startup_stm32f407vetx.s.obj
                0x08001414                RTC_Alarm_IRQHandler
                0x08001414                HASH_RNG_IRQHandler
                0x08001414                EXTI2_IRQHandler
                0x08001414                TIM8_CC_IRQHandler
                0x08001414                TIM1_CC_IRQHandler
                0x08001414                DMA2_Stream5_IRQHandler
                0x08001414                DMA1_Stream5_IRQHandler
                0x08001414                PVD_IRQHandler
                0x08001414                SDIO_IRQHandler
                0x08001414                TAMP_STAMP_IRQHandler
                0x08001414                CAN2_RX1_IRQHandler
                0x08001414                EXTI3_IRQHandler
                0x08001414                TIM8_TRG_COM_TIM14_IRQHandler
                0x08001414                TIM1_UP_TIM10_IRQHandler
                0x08001414                TIM8_UP_TIM13_IRQHandler
                0x08001414                I2C3_ER_IRQHandler
                0x08001414                EXTI0_IRQHandler
                0x08001414                I2C2_EV_IRQHandler
                0x08001414                DMA1_Stream2_IRQHandler
                0x08001414                CAN1_RX0_IRQHandler
                0x08001414                FPU_IRQHandler
                0x08001414                OTG_HS_WKUP_IRQHandler
                0x08001414                CAN2_SCE_IRQHandler
                0x08001414                DMA2_Stream2_IRQHandler
                0x08001414                SPI1_IRQHandler
                0x08001414                TIM6_DAC_IRQHandler
                0x08001414                TIM1_BRK_TIM9_IRQHandler
                0x08001414                DCMI_IRQHandler
                0x08001414                CAN2_RX0_IRQHandler
                0x08001414                DMA2_Stream3_IRQHandler
                0x08001414                USART6_IRQHandler
                0x08001414                USART3_IRQHandler
                0x08001414                CAN1_RX1_IRQHandler
                0x08001414                UART5_IRQHandler
                0x08001414                DMA2_Stream0_IRQHandler
                0x08001414                I2C1_EV_IRQHandler
                0x08001414                DMA1_Stream1_IRQHandler
                0x08001414                UART4_IRQHandler
                0x08001414                TIM3_IRQHandler
                0x08001414                RCC_IRQHandler
                0x08001414                TIM8_BRK_TIM12_IRQHandler
                0x08001414                Default_Handler
                0x08001414                EXTI15_10_IRQHandler
                0x08001414                ADC_IRQHandler
                0x08001414                DMA1_Stream7_IRQHandler
                0x08001414                TIM7_IRQHandler
                0x08001414                CAN2_TX_IRQHandler
                0x08001414                TIM5_IRQHandler
                0x08001414                DMA2_Stream7_IRQHandler
                0x08001414                I2C3_EV_IRQHandler
                0x08001414                EXTI9_5_IRQHandler
                0x08001414                RTC_WKUP_IRQHandler
                0x08001414                ETH_WKUP_IRQHandler
                0x08001414                SPI2_IRQHandler
                0x08001414                OTG_HS_EP1_IN_IRQHandler
                0x08001414                DMA1_Stream0_IRQHandler
                0x08001414                CAN1_TX_IRQHandler
                0x08001414                EXTI4_IRQHandler
                0x08001414                FSMC_IRQHandler
                0x08001414                ETH_IRQHandler
                0x08001414                OTG_HS_EP1_OUT_IRQHandler
                0x08001414                WWDG_IRQHandler
                0x08001414                TIM2_IRQHandler
                0x08001414                OTG_FS_WKUP_IRQHandler
                0x08001414                TIM1_TRG_COM_TIM11_IRQHandler
                0x08001414                OTG_HS_IRQHandler
                0x08001414                EXTI1_IRQHandler
                0x08001414                I2C2_ER_IRQHandler
                0x08001414                DMA2_Stream1_IRQHandler
                0x08001414                CAN1_SCE_IRQHandler
                0x08001414                FLASH_IRQHandler
                0x08001414                DMA2_Stream4_IRQHandler
                0x08001414                USART1_IRQHandler
                0x08001414                OTG_FS_IRQHandler
                0x08001414                SPI3_IRQHandler
                0x08001414                DMA1_Stream4_IRQHandler
                0x08001414                I2C1_ER_IRQHandler
                0x08001414                DMA2_Stream6_IRQHandler
                0x08001414                DMA1_Stream3_IRQHandler
 *fill*         0x08001416        0x2 
 .text.HAL_Init
                0x08001418       0x34 CMakeFiles/Engineering_UserDefine_Version2.elf.dir/Drivers/STM32F4xx_HAL_Driver/Src/stm32f4xx_hal.c.obj
                0x08001418                HAL_Init
 .text.HAL_IncTick
                0x0800144c       0x18 CMakeFiles/Engineering_UserDefine_Version2.elf.dir/Drivers/STM32F4xx_HAL_Driver/Src/stm32f4xx_hal.c.obj
                0x0800144c                HAL_IncTick
 .text.HAL_GetTick
                0x08001464        0xc CMakeFiles/Engineering_UserDefine_Version2.elf.dir/Drivers/STM32F4xx_HAL_Driver/Src/stm32f4xx_hal.c.obj
                0x08001464                HAL_GetTick
 .text.__NVIC_EnableIRQ
                0x08001470       0x1c CMakeFiles/Engineering_UserDefine_Version2.elf.dir/Drivers/STM32F4xx_HAL_Driver/Src/stm32f4xx_hal_cortex.c.obj
 .text.__NVIC_SetPriority
                0x0800148c       0x28 CMakeFiles/Engineering_UserDefine_Version2.elf.dir/Drivers/STM32F4xx_HAL_Driver/Src/stm32f4xx_hal_cortex.c.obj
 .text.NVIC_EncodePriority
                0x080014b4       0x3e CMakeFiles/Engineering_UserDefine_Version2.elf.dir/Drivers/STM32F4xx_HAL_Driver/Src/stm32f4xx_hal_cortex.c.obj
 *fill*         0x080014f2        0x2 
 .text.HAL_NVIC_SetPriorityGrouping
                0x080014f4       0x24 CMakeFiles/Engineering_UserDefine_Version2.elf.dir/Drivers/STM32F4xx_HAL_Driver/Src/stm32f4xx_hal_cortex.c.obj
                0x080014f4                HAL_NVIC_SetPriorityGrouping
 .text.HAL_NVIC_SetPriority
                0x08001518       0x20 CMakeFiles/Engineering_UserDefine_Version2.elf.dir/Drivers/STM32F4xx_HAL_Driver/Src/stm32f4xx_hal_cortex.c.obj
                0x08001518                HAL_NVIC_SetPriority
 .text.HAL_NVIC_EnableIRQ
                0x08001538        0x8 CMakeFiles/Engineering_UserDefine_Version2.elf.dir/Drivers/STM32F4xx_HAL_Driver/Src/stm32f4xx_hal_cortex.c.obj
                0x08001538                HAL_NVIC_EnableIRQ
 .text.DMA_SetConfig
                0x08001540       0x2c CMakeFiles/Engineering_UserDefine_Version2.elf.dir/Drivers/STM32F4xx_HAL_Driver/Src/stm32f4xx_hal_dma.c.obj
 .text.DMA_CalcBaseAndBitshift
                0x0800156c       0x3c CMakeFiles/Engineering_UserDefine_Version2.elf.dir/Drivers/STM32F4xx_HAL_Driver/Src/stm32f4xx_hal_dma.c.obj
 .text.DMA_CheckFifoParam
                0x080015a8       0x8e CMakeFiles/Engineering_UserDefine_Version2.elf.dir/Drivers/STM32F4xx_HAL_Driver/Src/stm32f4xx_hal_dma.c.obj
 *fill*         0x08001636        0x2 
 .text.HAL_DMA_Init
                0x08001638       0xcc CMakeFiles/Engineering_UserDefine_Version2.elf.dir/Drivers/STM32F4xx_HAL_Driver/Src/stm32f4xx_hal_dma.c.obj
                0x08001638                HAL_DMA_Init
 .text.HAL_DMA_Start_IT
                0x08001704       0x6a CMakeFiles/Engineering_UserDefine_Version2.elf.dir/Drivers/STM32F4xx_HAL_Driver/Src/stm32f4xx_hal_dma.c.obj
                0x08001704                HAL_DMA_Start_IT
 .text.HAL_DMA_Abort
                0x0800176e       0x94 CMakeFiles/Engineering_UserDefine_Version2.elf.dir/Drivers/STM32F4xx_HAL_Driver/Src/stm32f4xx_hal_dma.c.obj
                0x0800176e                HAL_DMA_Abort
 .text.HAL_DMA_Abort_IT
                0x08001802       0x26 CMakeFiles/Engineering_UserDefine_Version2.elf.dir/Drivers/STM32F4xx_HAL_Driver/Src/stm32f4xx_hal_dma.c.obj
                0x08001802                HAL_DMA_Abort_IT
 .text.HAL_DMA_IRQHandler
                0x08001828      0x1dc CMakeFiles/Engineering_UserDefine_Version2.elf.dir/Drivers/STM32F4xx_HAL_Driver/Src/stm32f4xx_hal_dma.c.obj
                0x08001828                HAL_DMA_IRQHandler
 .text.HAL_GPIO_Init
                0x08001a04      0x1ec CMakeFiles/Engineering_UserDefine_Version2.elf.dir/Drivers/STM32F4xx_HAL_Driver/Src/stm32f4xx_hal_gpio.c.obj
                0x08001a04                HAL_GPIO_Init
 .text.HAL_GPIO_WritePin
                0x08001bf0        0xc CMakeFiles/Engineering_UserDefine_Version2.elf.dir/Drivers/STM32F4xx_HAL_Driver/Src/stm32f4xx_hal_gpio.c.obj
                0x08001bf0                HAL_GPIO_WritePin
 .text.I2C_IsAcknowledgeFailed
                0x08001bfc       0x32 CMakeFiles/Engineering_UserDefine_Version2.elf.dir/Drivers/STM32F4xx_HAL_Driver/Src/stm32f4xx_hal_i2c.c.obj
 .text.I2C_WaitOnFlagUntilTimeout
                0x08001c2e       0xaa CMakeFiles/Engineering_UserDefine_Version2.elf.dir/Drivers/STM32F4xx_HAL_Driver/Src/stm32f4xx_hal_i2c.c.obj
 .text.I2C_WaitOnMasterAddressFlagUntilTimeout
                0x08001cd8       0xd6 CMakeFiles/Engineering_UserDefine_Version2.elf.dir/Drivers/STM32F4xx_HAL_Driver/Src/stm32f4xx_hal_i2c.c.obj
 .text.I2C_WaitOnTXEFlagUntilTimeout
                0x08001dae       0x5e CMakeFiles/Engineering_UserDefine_Version2.elf.dir/Drivers/STM32F4xx_HAL_Driver/Src/stm32f4xx_hal_i2c.c.obj
 .text.I2C_RequestMemoryRead
                0x08001e0c      0x154 CMakeFiles/Engineering_UserDefine_Version2.elf.dir/Drivers/STM32F4xx_HAL_Driver/Src/stm32f4xx_hal_i2c.c.obj
 .text.I2C_WaitOnRXNEFlagUntilTimeout
                0x08001f60       0x78 CMakeFiles/Engineering_UserDefine_Version2.elf.dir/Drivers/STM32F4xx_HAL_Driver/Src/stm32f4xx_hal_i2c.c.obj
 .text.HAL_I2C_Init
                0x08001fd8      0x1bc CMakeFiles/Engineering_UserDefine_Version2.elf.dir/Drivers/STM32F4xx_HAL_Driver/Src/stm32f4xx_hal_i2c.c.obj
                0x08001fd8                HAL_I2C_Init
 .text.HAL_I2C_Mem_Read
                0x08002194      0x2f8 CMakeFiles/Engineering_UserDefine_Version2.elf.dir/Drivers/STM32F4xx_HAL_Driver/Src/stm32f4xx_hal_i2c.c.obj
                0x08002194                HAL_I2C_Mem_Read
 .text.HAL_RCC_OscConfig
                0x0800248c      0x3f8 CMakeFiles/Engineering_UserDefine_Version2.elf.dir/Drivers/STM32F4xx_HAL_Driver/Src/stm32f4xx_hal_rcc.c.obj
                0x0800248c                HAL_RCC_OscConfig
 .text.HAL_RCC_GetSysClockFreq
                0x08002884       0xa8 CMakeFiles/Engineering_UserDefine_Version2.elf.dir/Drivers/STM32F4xx_HAL_Driver/Src/stm32f4xx_hal_rcc.c.obj
                0x08002884                HAL_RCC_GetSysClockFreq
 .text.HAL_RCC_ClockConfig
                0x0800292c      0x160 CMakeFiles/Engineering_UserDefine_Version2.elf.dir/Drivers/STM32F4xx_HAL_Driver/Src/stm32f4xx_hal_rcc.c.obj
                0x0800292c                HAL_RCC_ClockConfig
 .text.HAL_RCC_GetHCLKFreq
                0x08002a8c        0xc CMakeFiles/Engineering_UserDefine_Version2.elf.dir/Drivers/STM32F4xx_HAL_Driver/Src/stm32f4xx_hal_rcc.c.obj
                0x08002a8c                HAL_RCC_GetHCLKFreq
 .text.HAL_RCC_GetPCLK1Freq
                0x08002a98       0x20 CMakeFiles/Engineering_UserDefine_Version2.elf.dir/Drivers/STM32F4xx_HAL_Driver/Src/stm32f4xx_hal_rcc.c.obj
                0x08002a98                HAL_RCC_GetPCLK1Freq
 .text.HAL_RCC_GetPCLK2Freq
                0x08002ab8       0x20 CMakeFiles/Engineering_UserDefine_Version2.elf.dir/Drivers/STM32F4xx_HAL_Driver/Src/stm32f4xx_hal_rcc.c.obj
                0x08002ab8                HAL_RCC_GetPCLK2Freq
 .text.HAL_RCC_GetClockConfig
                0x08002ad8       0x3c CMakeFiles/Engineering_UserDefine_Version2.elf.dir/Drivers/STM32F4xx_HAL_Driver/Src/stm32f4xx_hal_rcc.c.obj
                0x08002ad8                HAL_RCC_GetClockConfig
 .text.TIM_TI1_ConfigInputStage
                0x08002b14       0x26 CMakeFiles/Engineering_UserDefine_Version2.elf.dir/Drivers/STM32F4xx_HAL_Driver/Src/stm32f4xx_hal_tim.c.obj
 .text.TIM_TI2_ConfigInputStage
                0x08002b3a       0x28 CMakeFiles/Engineering_UserDefine_Version2.elf.dir/Drivers/STM32F4xx_HAL_Driver/Src/stm32f4xx_hal_tim.c.obj
 .text.TIM_ITRx_SetConfig
                0x08002b62       0x10 CMakeFiles/Engineering_UserDefine_Version2.elf.dir/Drivers/STM32F4xx_HAL_Driver/Src/stm32f4xx_hal_tim.c.obj
 *fill*         0x08002b72        0x2 
 .text.HAL_TIM_Base_Start
                0x08002b74       0x7c CMakeFiles/Engineering_UserDefine_Version2.elf.dir/Drivers/STM32F4xx_HAL_Driver/Src/stm32f4xx_hal_tim.c.obj
                0x08002b74                HAL_TIM_Base_Start
 .text.HAL_TIM_Base_Start_IT
                0x08002bf0       0x88 CMakeFiles/Engineering_UserDefine_Version2.elf.dir/Drivers/STM32F4xx_HAL_Driver/Src/stm32f4xx_hal_tim.c.obj
                0x08002bf0                HAL_TIM_Base_Start_IT
 .text.HAL_TIM_OC_DelayElapsedCallback
                0x08002c78        0x2 CMakeFiles/Engineering_UserDefine_Version2.elf.dir/Drivers/STM32F4xx_HAL_Driver/Src/stm32f4xx_hal_tim.c.obj
                0x08002c78                HAL_TIM_OC_DelayElapsedCallback
 .text.HAL_TIM_IC_CaptureCallback
                0x08002c7a        0x2 CMakeFiles/Engineering_UserDefine_Version2.elf.dir/Drivers/STM32F4xx_HAL_Driver/Src/stm32f4xx_hal_tim.c.obj
                0x08002c7a                HAL_TIM_IC_CaptureCallback
 .text.HAL_TIM_PWM_PulseFinishedCallback
                0x08002c7c        0x2 CMakeFiles/Engineering_UserDefine_Version2.elf.dir/Drivers/STM32F4xx_HAL_Driver/Src/stm32f4xx_hal_tim.c.obj
                0x08002c7c                HAL_TIM_PWM_PulseFinishedCallback
 .text.HAL_TIM_TriggerCallback
                0x08002c7e        0x2 CMakeFiles/Engineering_UserDefine_Version2.elf.dir/Drivers/STM32F4xx_HAL_Driver/Src/stm32f4xx_hal_tim.c.obj
                0x08002c7e                HAL_TIM_TriggerCallback
 .text.HAL_TIM_IRQHandler
                0x08002c80      0x15e CMakeFiles/Engineering_UserDefine_Version2.elf.dir/Drivers/STM32F4xx_HAL_Driver/Src/stm32f4xx_hal_tim.c.obj
                0x08002c80                HAL_TIM_IRQHandler
 *fill*         0x08002dde        0x2 
 .text.TIM_Base_SetConfig
                0x08002de0       0xd8 CMakeFiles/Engineering_UserDefine_Version2.elf.dir/Drivers/STM32F4xx_HAL_Driver/Src/stm32f4xx_hal_tim.c.obj
                0x08002de0                TIM_Base_SetConfig
 .text.HAL_TIM_Base_Init
                0x08002eb8       0x58 CMakeFiles/Engineering_UserDefine_Version2.elf.dir/Drivers/STM32F4xx_HAL_Driver/Src/stm32f4xx_hal_tim.c.obj
                0x08002eb8                HAL_TIM_Base_Init
 .text.TIM_ETR_SetConfig
                0x08002f10       0x1a CMakeFiles/Engineering_UserDefine_Version2.elf.dir/Drivers/STM32F4xx_HAL_Driver/Src/stm32f4xx_hal_tim.c.obj
                0x08002f10                TIM_ETR_SetConfig
 .text.HAL_TIM_ConfigClockSource
                0x08002f2a       0xfe CMakeFiles/Engineering_UserDefine_Version2.elf.dir/Drivers/STM32F4xx_HAL_Driver/Src/stm32f4xx_hal_tim.c.obj
                0x08002f2a                HAL_TIM_ConfigClockSource
 .text.HAL_TIMEx_MasterConfigSynchronization
                0x08003028       0x8c CMakeFiles/Engineering_UserDefine_Version2.elf.dir/Drivers/STM32F4xx_HAL_Driver/Src/stm32f4xx_hal_tim_ex.c.obj
                0x08003028                HAL_TIMEx_MasterConfigSynchronization
 .text.HAL_TIMEx_CommutCallback
                0x080030b4        0x2 CMakeFiles/Engineering_UserDefine_Version2.elf.dir/Drivers/STM32F4xx_HAL_Driver/Src/stm32f4xx_hal_tim_ex.c.obj
                0x080030b4                HAL_TIMEx_CommutCallback
 .text.HAL_TIMEx_BreakCallback
                0x080030b6        0x2 CMakeFiles/Engineering_UserDefine_Version2.elf.dir/Drivers/STM32F4xx_HAL_Driver/Src/stm32f4xx_hal_tim_ex.c.obj
                0x080030b6                HAL_TIMEx_BreakCallback
 .text.UART_EndTxTransfer
                0x080030b8       0x20 CMakeFiles/Engineering_UserDefine_Version2.elf.dir/Drivers/STM32F4xx_HAL_Driver/Src/stm32f4xx_hal_uart.c.obj
 .text.UART_EndRxTransfer
                0x080030d8       0x5c CMakeFiles/Engineering_UserDefine_Version2.elf.dir/Drivers/STM32F4xx_HAL_Driver/Src/stm32f4xx_hal_uart.c.obj
 .text.UART_Transmit_IT
                0x08003134       0x60 CMakeFiles/Engineering_UserDefine_Version2.elf.dir/Drivers/STM32F4xx_HAL_Driver/Src/stm32f4xx_hal_uart.c.obj
 .text.UART_SetConfig
                0x08003194      0x110 CMakeFiles/Engineering_UserDefine_Version2.elf.dir/Drivers/STM32F4xx_HAL_Driver/Src/stm32f4xx_hal_uart.c.obj
 .text.HAL_UART_Init
                0x080032a4       0x60 CMakeFiles/Engineering_UserDefine_Version2.elf.dir/Drivers/STM32F4xx_HAL_Driver/Src/stm32f4xx_hal_uart.c.obj
                0x080032a4                HAL_UART_Init
 .text.HAL_UART_Transmit_DMA
                0x08003304       0x84 CMakeFiles/Engineering_UserDefine_Version2.elf.dir/Drivers/STM32F4xx_HAL_Driver/Src/stm32f4xx_hal_uart.c.obj
                0x08003304                HAL_UART_Transmit_DMA
 .text.UART_DMATransmitCplt
                0x08003388       0x4c CMakeFiles/Engineering_UserDefine_Version2.elf.dir/Drivers/STM32F4xx_HAL_Driver/Src/stm32f4xx_hal_uart.c.obj
 .text.UART_EndTransmit_IT
                0x080033d4       0x1a CMakeFiles/Engineering_UserDefine_Version2.elf.dir/Drivers/STM32F4xx_HAL_Driver/Src/stm32f4xx_hal_uart.c.obj
 .text.HAL_UART_TxHalfCpltCallback
                0x080033ee        0x2 CMakeFiles/Engineering_UserDefine_Version2.elf.dir/Drivers/STM32F4xx_HAL_Driver/Src/stm32f4xx_hal_uart.c.obj
                0x080033ee                HAL_UART_TxHalfCpltCallback
 .text.UART_DMATxHalfCplt
                0x080033f0        0xa CMakeFiles/Engineering_UserDefine_Version2.elf.dir/Drivers/STM32F4xx_HAL_Driver/Src/stm32f4xx_hal_uart.c.obj
 .text.HAL_UART_RxCpltCallback
                0x080033fa        0x2 CMakeFiles/Engineering_UserDefine_Version2.elf.dir/Drivers/STM32F4xx_HAL_Driver/Src/stm32f4xx_hal_uart.c.obj
                0x080033fa                HAL_UART_RxCpltCallback
 .text.HAL_UART_ErrorCallback
                0x080033fc        0x2 CMakeFiles/Engineering_UserDefine_Version2.elf.dir/Drivers/STM32F4xx_HAL_Driver/Src/stm32f4xx_hal_uart.c.obj
                0x080033fc                HAL_UART_ErrorCallback
 .text.UART_DMAError
                0x080033fe       0x58 CMakeFiles/Engineering_UserDefine_Version2.elf.dir/Drivers/STM32F4xx_HAL_Driver/Src/stm32f4xx_hal_uart.c.obj
 .text.UART_DMAAbortOnError
                0x08003456       0x10 CMakeFiles/Engineering_UserDefine_Version2.elf.dir/Drivers/STM32F4xx_HAL_Driver/Src/stm32f4xx_hal_uart.c.obj
 .text.HAL_UARTEx_RxEventCallback
                0x08003466        0x2 CMakeFiles/Engineering_UserDefine_Version2.elf.dir/Drivers/STM32F4xx_HAL_Driver/Src/stm32f4xx_hal_uart.c.obj
                0x08003466                HAL_UARTEx_RxEventCallback
 .text.UART_Receive_IT
                0x08003468       0xe6 CMakeFiles/Engineering_UserDefine_Version2.elf.dir/Drivers/STM32F4xx_HAL_Driver/Src/stm32f4xx_hal_uart.c.obj
 *fill*         0x0800354e        0x2 
 .text.HAL_UART_IRQHandler
                0x08003550      0x284 CMakeFiles/Engineering_UserDefine_Version2.elf.dir/Drivers/STM32F4xx_HAL_Driver/Src/stm32f4xx_hal_uart.c.obj
                0x08003550                HAL_UART_IRQHandler
 .text.Read_Encoder_Angle1
                0x080037d4       0x3c CMakeFiles/Engineering_UserDefine_Version2.elf.dir/Hardware_IIC/Hardware_i2c1.c.obj
                0x080037d4                Read_Encoder_Angle1
 .text.Read_Encoder_Angle5
                0x08003810       0x3c CMakeFiles/Engineering_UserDefine_Version2.elf.dir/Hardware_IIC/Hardware_i2c1.c.obj
                0x08003810                Read_Encoder_Angle5
 .text.Read_Encoder_Angle6
                0x0800384c       0x3c CMakeFiles/Engineering_UserDefine_Version2.elf.dir/Hardware_IIC/Hardware_i2c1.c.obj
                0x0800384c                Read_Encoder_Angle6
 .text.makeFreeRtosPriority
                0x08003888        0xc CMakeFiles/Engineering_UserDefine_Version2.elf.dir/Middlewares/Third_Party/FreeRTOS/Source/CMSIS_RTOS/cmsis_os.c.obj
 .text.osKernelStart
                0x08003894        0xa CMakeFiles/Engineering_UserDefine_Version2.elf.dir/Middlewares/Third_Party/FreeRTOS/Source/CMSIS_RTOS/cmsis_os.c.obj
                0x08003894                osKernelStart
 .text.osThreadCreate
                0x0800389e       0x66 CMakeFiles/Engineering_UserDefine_Version2.elf.dir/Middlewares/Third_Party/FreeRTOS/Source/CMSIS_RTOS/cmsis_os.c.obj
                0x0800389e                osThreadCreate
 .text.osDelay  0x08003904        0xe CMakeFiles/Engineering_UserDefine_Version2.elf.dir/Middlewares/Third_Party/FreeRTOS/Source/CMSIS_RTOS/cmsis_os.c.obj
                0x08003904                osDelay
 .text.vListInitialise
                0x08003912       0x16 CMakeFiles/Engineering_UserDefine_Version2.elf.dir/Middlewares/Third_Party/FreeRTOS/Source/list.c.obj
                0x08003912                vListInitialise
 .text.vListInitialiseItem
                0x08003928        0x6 CMakeFiles/Engineering_UserDefine_Version2.elf.dir/Middlewares/Third_Party/FreeRTOS/Source/list.c.obj
                0x08003928                vListInitialiseItem
 .text.vListInsertEnd
                0x0800392e       0x16 CMakeFiles/Engineering_UserDefine_Version2.elf.dir/Middlewares/Third_Party/FreeRTOS/Source/list.c.obj
                0x0800392e                vListInsertEnd
 .text.vListInsert
                0x08003944       0x32 CMakeFiles/Engineering_UserDefine_Version2.elf.dir/Middlewares/Third_Party/FreeRTOS/Source/list.c.obj
                0x08003944                vListInsert
 .text.uxListRemove
                0x08003976       0x26 CMakeFiles/Engineering_UserDefine_Version2.elf.dir/Middlewares/Third_Party/FreeRTOS/Source/list.c.obj
                0x08003976                uxListRemove
 .text.prvTaskExitError
                0x0800399c       0x40 CMakeFiles/Engineering_UserDefine_Version2.elf.dir/Middlewares/Third_Party/FreeRTOS/Source/portable/GCC/ARM_CM4F/port.c.obj
 .text.prvPortStartFirstTask
                0x080039dc       0x28 CMakeFiles/Engineering_UserDefine_Version2.elf.dir/Middlewares/Third_Party/FreeRTOS/Source/portable/GCC/ARM_CM4F/port.c.obj
 .text.vPortEnableVFP
                0x08003a04       0x14 CMakeFiles/Engineering_UserDefine_Version2.elf.dir/Middlewares/Third_Party/FreeRTOS/Source/portable/GCC/ARM_CM4F/port.c.obj
 .text.pxPortInitialiseStack
                0x08003a18       0x2c CMakeFiles/Engineering_UserDefine_Version2.elf.dir/Middlewares/Third_Party/FreeRTOS/Source/portable/GCC/ARM_CM4F/port.c.obj
                0x08003a18                pxPortInitialiseStack
 *fill*         0x08003a44        0xc 
 .text.SVC_Handler
                0x08003a50       0x24 CMakeFiles/Engineering_UserDefine_Version2.elf.dir/Middlewares/Third_Party/FreeRTOS/Source/portable/GCC/ARM_CM4F/port.c.obj
                0x08003a50                SVC_Handler
 .text.vPortEnterCritical
                0x08003a74       0x44 CMakeFiles/Engineering_UserDefine_Version2.elf.dir/Middlewares/Third_Party/FreeRTOS/Source/portable/GCC/ARM_CM4F/port.c.obj
                0x08003a74                vPortEnterCritical
 .text.vPortExitCritical
                0x08003ab8       0x2c CMakeFiles/Engineering_UserDefine_Version2.elf.dir/Middlewares/Third_Party/FreeRTOS/Source/portable/GCC/ARM_CM4F/port.c.obj
                0x08003ab8                vPortExitCritical
 *fill*         0x08003ae4        0xc 
 .text.PendSV_Handler
                0x08003af0       0x64 CMakeFiles/Engineering_UserDefine_Version2.elf.dir/Middlewares/Third_Party/FreeRTOS/Source/portable/GCC/ARM_CM4F/port.c.obj
                0x08003af0                PendSV_Handler
 .text.SysTick_Handler
                0x08003b54       0x2c CMakeFiles/Engineering_UserDefine_Version2.elf.dir/Middlewares/Third_Party/FreeRTOS/Source/portable/GCC/ARM_CM4F/port.c.obj
                0x08003b54                SysTick_Handler
 .text.vPortSetupTimerInterrupt
                0x08003b80       0x28 CMakeFiles/Engineering_UserDefine_Version2.elf.dir/Middlewares/Third_Party/FreeRTOS/Source/portable/GCC/ARM_CM4F/port.c.obj
                0x08003b80                vPortSetupTimerInterrupt
 .text.xPortStartScheduler
                0x08003ba8      0x118 CMakeFiles/Engineering_UserDefine_Version2.elf.dir/Middlewares/Third_Party/FreeRTOS/Source/portable/GCC/ARM_CM4F/port.c.obj
                0x08003ba8                xPortStartScheduler
 .text.prvHeapInit
                0x08003cc0       0x68 CMakeFiles/Engineering_UserDefine_Version2.elf.dir/Middlewares/Third_Party/FreeRTOS/Source/portable/MemMang/heap_4.c.obj
 .text.prvInsertBlockIntoFreeList
                0x08003d28       0x64 CMakeFiles/Engineering_UserDefine_Version2.elf.dir/Middlewares/Third_Party/FreeRTOS/Source/portable/MemMang/heap_4.c.obj
 .text.pvPortMalloc
                0x08003d8c      0x104 CMakeFiles/Engineering_UserDefine_Version2.elf.dir/Middlewares/Third_Party/FreeRTOS/Source/portable/MemMang/heap_4.c.obj
                0x08003d8c                pvPortMalloc
 .text.vPortFree
                0x08003e90       0x7c CMakeFiles/Engineering_UserDefine_Version2.elf.dir/Middlewares/Third_Party/FreeRTOS/Source/portable/MemMang/heap_4.c.obj
                0x08003e90                vPortFree
 .text.prvIsQueueFull
                0x08003f0c       0x1e CMakeFiles/Engineering_UserDefine_Version2.elf.dir/Middlewares/Third_Party/FreeRTOS/Source/queue.c.obj
 .text.prvIsQueueEmpty
                0x08003f2a       0x1a CMakeFiles/Engineering_UserDefine_Version2.elf.dir/Middlewares/Third_Party/FreeRTOS/Source/queue.c.obj
 .text.prvCopyDataToQueue
                0x08003f44       0x76 CMakeFiles/Engineering_UserDefine_Version2.elf.dir/Middlewares/Third_Party/FreeRTOS/Source/queue.c.obj
 .text.prvCopyDataFromQueue
                0x08003fba       0x24 CMakeFiles/Engineering_UserDefine_Version2.elf.dir/Middlewares/Third_Party/FreeRTOS/Source/queue.c.obj
 .text.prvUnlockQueue
                0x08003fde       0x6e CMakeFiles/Engineering_UserDefine_Version2.elf.dir/Middlewares/Third_Party/FreeRTOS/Source/queue.c.obj
 .text.xQueueGenericReset
                0x0800404c       0x84 CMakeFiles/Engineering_UserDefine_Version2.elf.dir/Middlewares/Third_Party/FreeRTOS/Source/queue.c.obj
                0x0800404c                xQueueGenericReset
 .text.prvInitialiseNewQueue
                0x080040d0       0x1c CMakeFiles/Engineering_UserDefine_Version2.elf.dir/Middlewares/Third_Party/FreeRTOS/Source/queue.c.obj
 .text.xQueueGenericCreate
                0x080040ec       0x48 CMakeFiles/Engineering_UserDefine_Version2.elf.dir/Middlewares/Third_Party/FreeRTOS/Source/queue.c.obj
                0x080040ec                xQueueGenericCreate
 .text.xQueueGenericSend
                0x08004134      0x188 CMakeFiles/Engineering_UserDefine_Version2.elf.dir/Middlewares/Third_Party/FreeRTOS/Source/queue.c.obj
                0x08004134                xQueueGenericSend
 .text.xQueueReceive
                0x080042bc      0x15e CMakeFiles/Engineering_UserDefine_Version2.elf.dir/Middlewares/Third_Party/FreeRTOS/Source/queue.c.obj
                0x080042bc                xQueueReceive
 *fill*         0x0800441a        0x2 
 .text.prvResetNextTaskUnblockTime
                0x0800441c       0x2c CMakeFiles/Engineering_UserDefine_Version2.elf.dir/Middlewares/Third_Party/FreeRTOS/Source/tasks.c.obj
 .text.prvInitialiseNewTask
                0x08004448       0x9c CMakeFiles/Engineering_UserDefine_Version2.elf.dir/Middlewares/Third_Party/FreeRTOS/Source/tasks.c.obj
 .text.prvInitialiseTaskLists
                0x080044e4       0x68 CMakeFiles/Engineering_UserDefine_Version2.elf.dir/Middlewares/Third_Party/FreeRTOS/Source/tasks.c.obj
 .text.prvAddNewTaskToReadyList
                0x0800454c       0xa8 CMakeFiles/Engineering_UserDefine_Version2.elf.dir/Middlewares/Third_Party/FreeRTOS/Source/tasks.c.obj
 .text.prvDeleteTCB
                0x080045f4       0x38 CMakeFiles/Engineering_UserDefine_Version2.elf.dir/Middlewares/Third_Party/FreeRTOS/Source/tasks.c.obj
 .text.prvCheckTasksWaitingTermination
                0x0800462c       0x4c CMakeFiles/Engineering_UserDefine_Version2.elf.dir/Middlewares/Third_Party/FreeRTOS/Source/tasks.c.obj
 .text.prvIdleTask
                0x08004678       0x28 CMakeFiles/Engineering_UserDefine_Version2.elf.dir/Middlewares/Third_Party/FreeRTOS/Source/tasks.c.obj
 .text.prvAddCurrentTaskToDelayedList
                0x080046a0       0x98 CMakeFiles/Engineering_UserDefine_Version2.elf.dir/Middlewares/Third_Party/FreeRTOS/Source/tasks.c.obj
 .text.xTaskCreateStatic
                0x08004738       0x76 CMakeFiles/Engineering_UserDefine_Version2.elf.dir/Middlewares/Third_Party/FreeRTOS/Source/tasks.c.obj
                0x08004738                xTaskCreateStatic
 .text.xTaskCreate
                0x080047ae       0x64 CMakeFiles/Engineering_UserDefine_Version2.elf.dir/Middlewares/Third_Party/FreeRTOS/Source/tasks.c.obj
                0x080047ae                xTaskCreate
 *fill*         0x08004812        0x2 
 .text.vTaskStartScheduler
                0x08004814       0x74 CMakeFiles/Engineering_UserDefine_Version2.elf.dir/Middlewares/Third_Party/FreeRTOS/Source/tasks.c.obj
                0x08004814                vTaskStartScheduler
 .text.vTaskSuspendAll
                0x08004888       0x10 CMakeFiles/Engineering_UserDefine_Version2.elf.dir/Middlewares/Third_Party/FreeRTOS/Source/tasks.c.obj
                0x08004888                vTaskSuspendAll
 .text.xTaskIncrementTick
                0x08004898      0x118 CMakeFiles/Engineering_UserDefine_Version2.elf.dir/Middlewares/Third_Party/FreeRTOS/Source/tasks.c.obj
                0x08004898                xTaskIncrementTick
 .text.xTaskResumeAll
                0x080049b0       0xf8 CMakeFiles/Engineering_UserDefine_Version2.elf.dir/Middlewares/Third_Party/FreeRTOS/Source/tasks.c.obj
                0x080049b0                xTaskResumeAll
 .text.vTaskDelay
                0x08004aa8       0x4c CMakeFiles/Engineering_UserDefine_Version2.elf.dir/Middlewares/Third_Party/FreeRTOS/Source/tasks.c.obj
                0x08004aa8                vTaskDelay
 .text.vTaskSwitchContext
                0x08004af4       0x98 CMakeFiles/Engineering_UserDefine_Version2.elf.dir/Middlewares/Third_Party/FreeRTOS/Source/tasks.c.obj
                0x08004af4                vTaskSwitchContext
 .text.vTaskPlaceOnEventList
                0x08004b8c       0x30 CMakeFiles/Engineering_UserDefine_Version2.elf.dir/Middlewares/Third_Party/FreeRTOS/Source/tasks.c.obj
                0x08004b8c                vTaskPlaceOnEventList
 .text.xTaskRemoveFromEventList
                0x08004bbc       0x8c CMakeFiles/Engineering_UserDefine_Version2.elf.dir/Middlewares/Third_Party/FreeRTOS/Source/tasks.c.obj
                0x08004bbc                xTaskRemoveFromEventList
 .text.vTaskInternalSetTimeOutState
                0x08004c48       0x18 CMakeFiles/Engineering_UserDefine_Version2.elf.dir/Middlewares/Third_Party/FreeRTOS/Source/tasks.c.obj
                0x08004c48                vTaskInternalSetTimeOutState
 .text.xTaskCheckForTimeOut
                0x08004c60       0x84 CMakeFiles/Engineering_UserDefine_Version2.elf.dir/Middlewares/Third_Party/FreeRTOS/Source/tasks.c.obj
                0x08004c60                xTaskCheckForTimeOut
 .text.vTaskMissedYield
                0x08004ce4        0xc CMakeFiles/Engineering_UserDefine_Version2.elf.dir/Middlewares/Third_Party/FreeRTOS/Source/tasks.c.obj
                0x08004ce4                vTaskMissedYield
 .text.xTaskGetSchedulerState
                0x08004cf0       0x20 CMakeFiles/Engineering_UserDefine_Version2.elf.dir/Middlewares/Third_Party/FreeRTOS/Source/tasks.c.obj
                0x08004cf0                xTaskGetSchedulerState
 .text.xTaskPriorityDisinherit
                0x08004d10       0xb0 CMakeFiles/Engineering_UserDefine_Version2.elf.dir/Middlewares/Third_Party/FreeRTOS/Source/tasks.c.obj
                0x08004d10                xTaskPriorityDisinherit
 .text.get_CRC8_check_sum
                0x08004dc0       0x20 CMakeFiles/Engineering_UserDefine_Version2.elf.dir/USER/crc8_crc16.c.obj
                0x08004dc0                get_CRC8_check_sum
 .text.append_CRC8_check_sum
                0x08004de0       0x1a CMakeFiles/Engineering_UserDefine_Version2.elf.dir/USER/crc8_crc16.c.obj
                0x08004de0                append_CRC8_check_sum
 *fill*         0x08004dfa        0x2 
 .text.get_CRC16_check_sum
                0x08004dfc       0x38 CMakeFiles/Engineering_UserDefine_Version2.elf.dir/USER/crc8_crc16.c.obj
                0x08004dfc                get_CRC16_check_sum
 .text.append_CRC16_check_sum
                0x08004e34       0x2c CMakeFiles/Engineering_UserDefine_Version2.elf.dir/USER/crc8_crc16.c.obj
                0x08004e34                append_CRC16_check_sum
 .text.EncoderEntry
                0x08004e60       0xbc CMakeFiles/Engineering_UserDefine_Version2.elf.dir/USER/encode_iic.c.obj
                0x08004e60                EncoderEntry
 .text.initAngleFilter
                0x08004f1c       0x1c CMakeFiles/Engineering_UserDefine_Version2.elf.dir/USER/filter.c.obj
                0x08004f1c                initAngleFilter
 .text.addToBuffer
                0x08004f38       0x24 CMakeFiles/Engineering_UserDefine_Version2.elf.dir/USER/filter.c.obj
                0x08004f38                addToBuffer
 .text.calculateMedianAverage
                0x08004f5c       0x94 CMakeFiles/Engineering_UserDefine_Version2.elf.dir/USER/filter.c.obj
                0x08004f5c                calculateMedianAverage
 .text.processAngle
                0x08004ff0       0x18 CMakeFiles/Engineering_UserDefine_Version2.elf.dir/USER/filter.c.obj
                0x08004ff0                processAngle
 .text.PackData
                0x08005008       0x88 CMakeFiles/Engineering_UserDefine_Version2.elf.dir/USER/usart2_send.c.obj
                0x08005008                PackData
 .text.DMA_Send_Frame
                0x08005090       0x44 CMakeFiles/Engineering_UserDefine_Version2.elf.dir/USER/usart2_send.c.obj
                0x08005090                DMA_Send_Frame
 .text.HAL_UART_TxCpltCallback
                0x080050d4       0x1c CMakeFiles/Engineering_UserDefine_Version2.elf.dir/USER/usart2_send.c.obj
                0x080050d4                HAL_UART_TxCpltCallback
 .text.USART2_SendEntry
                0x080050f0       0xb0 CMakeFiles/Engineering_UserDefine_Version2.elf.dir/USER/usart2_send.c.obj
                0x080050f0                USART2_SendEntry
 .text.convertRawAngleToDegrees1
                0x080051a0       0x1c CMakeFiles/Engineering_UserDefine_Version2.elf.dir/Virtual_IIC/iic1.c.obj
                0x080051a0                convertRawAngleToDegrees1
 .text.isBusy   0x080051bc       0x34 CMakeFiles/Engineering_UserDefine_Version2.elf.dir/Virtual_IIC/iic2.c.obj
 .text.start    0x080051f0       0x44 CMakeFiles/Engineering_UserDefine_Version2.elf.dir/Virtual_IIC/iic2.c.obj
 .text.sendByte
                0x08005234       0x68 CMakeFiles/Engineering_UserDefine_Version2.elf.dir/Virtual_IIC/iic2.c.obj
 .text.waitForAck
                0x0800529c       0x48 CMakeFiles/Engineering_UserDefine_Version2.elf.dir/Virtual_IIC/iic2.c.obj
 .text.ackNo    0x080052e4       0x3c CMakeFiles/Engineering_UserDefine_Version2.elf.dir/Virtual_IIC/iic2.c.obj
 .text.ackYes   0x08005320       0x40 CMakeFiles/Engineering_UserDefine_Version2.elf.dir/Virtual_IIC/iic2.c.obj
 .text.readByte
                0x08005360       0x54 CMakeFiles/Engineering_UserDefine_Version2.elf.dir/Virtual_IIC/iic2.c.obj
 .text.stop     0x080053b4       0x38 CMakeFiles/Engineering_UserDefine_Version2.elf.dir/Virtual_IIC/iic2.c.obj
 .text.IICSoft_ReadBueffer2
                0x080053ec       0x7e CMakeFiles/Engineering_UserDefine_Version2.elf.dir/Virtual_IIC/iic2.c.obj
                0x080053ec                IICSoft_ReadBueffer2
 .text.getRawAngle2
                0x0800546a       0x2a CMakeFiles/Engineering_UserDefine_Version2.elf.dir/Virtual_IIC/iic2.c.obj
                0x0800546a                getRawAngle2
 .text.isBusy   0x08005494       0x34 CMakeFiles/Engineering_UserDefine_Version2.elf.dir/Virtual_IIC/iic3.c.obj
 .text.start    0x080054c8       0x44 CMakeFiles/Engineering_UserDefine_Version2.elf.dir/Virtual_IIC/iic3.c.obj
 .text.sendByte
                0x0800550c       0x68 CMakeFiles/Engineering_UserDefine_Version2.elf.dir/Virtual_IIC/iic3.c.obj
 .text.waitForAck
                0x08005574       0x48 CMakeFiles/Engineering_UserDefine_Version2.elf.dir/Virtual_IIC/iic3.c.obj
 .text.ackNo    0x080055bc       0x3c CMakeFiles/Engineering_UserDefine_Version2.elf.dir/Virtual_IIC/iic3.c.obj
 .text.ackYes   0x080055f8       0x40 CMakeFiles/Engineering_UserDefine_Version2.elf.dir/Virtual_IIC/iic3.c.obj
 .text.readByte
                0x08005638       0x54 CMakeFiles/Engineering_UserDefine_Version2.elf.dir/Virtual_IIC/iic3.c.obj
 .text.stop     0x0800568c       0x38 CMakeFiles/Engineering_UserDefine_Version2.elf.dir/Virtual_IIC/iic3.c.obj
 .text.IICSoft_ReadBueffer3
                0x080056c4       0x7e CMakeFiles/Engineering_UserDefine_Version2.elf.dir/Virtual_IIC/iic3.c.obj
                0x080056c4                IICSoft_ReadBueffer3
 .text.getRawAngle3
                0x08005742       0x2a CMakeFiles/Engineering_UserDefine_Version2.elf.dir/Virtual_IIC/iic3.c.obj
                0x08005742                getRawAngle3
 .text.isBusy   0x0800576c       0x38 CMakeFiles/Engineering_UserDefine_Version2.elf.dir/Virtual_IIC/iic4.c.obj
 .text.start    0x080057a4       0x48 CMakeFiles/Engineering_UserDefine_Version2.elf.dir/Virtual_IIC/iic4.c.obj
 .text.sendByte
                0x080057ec       0x70 CMakeFiles/Engineering_UserDefine_Version2.elf.dir/Virtual_IIC/iic4.c.obj
 .text.waitForAck
                0x0800585c       0x4c CMakeFiles/Engineering_UserDefine_Version2.elf.dir/Virtual_IIC/iic4.c.obj
 .text.ackNo    0x080058a8       0x40 CMakeFiles/Engineering_UserDefine_Version2.elf.dir/Virtual_IIC/iic4.c.obj
 .text.ackYes   0x080058e8       0x44 CMakeFiles/Engineering_UserDefine_Version2.elf.dir/Virtual_IIC/iic4.c.obj
 .text.readByte
                0x0800592c       0x54 CMakeFiles/Engineering_UserDefine_Version2.elf.dir/Virtual_IIC/iic4.c.obj
 .text.stop     0x08005980       0x3c CMakeFiles/Engineering_UserDefine_Version2.elf.dir/Virtual_IIC/iic4.c.obj
 .text.IICSoft_ReadBueffer4
                0x080059bc       0x7e CMakeFiles/Engineering_UserDefine_Version2.elf.dir/Virtual_IIC/iic4.c.obj
                0x080059bc                IICSoft_ReadBueffer4
 .text.getRawAngle4
                0x08005a3a       0x2a CMakeFiles/Engineering_UserDefine_Version2.elf.dir/Virtual_IIC/iic4.c.obj
                0x08005a3a                getRawAngle4
 .text.__udivmoddi4
                0x08005a64      0x2bc I:/ARM-GN~1.3/133167~1.3RE/bin/../lib/gcc/arm-none-eabi/13.3.1/thumb/v7e-m+fp/hard\libgcc.a(_udivmoddi4.o)
                0x08005a64                __udivmoddi4
 .text.memset   0x08005d20       0xa4 I:/ARM-GN~1.3/133167~1.3RE/bin/../lib/gcc/arm-none-eabi/13.3.1/thumb/v7e-m+fp/hard\libg.a(libc_a-memset.o)
                0x08005d20                memset
 .text.__libc_init_array
                0x08005dc4       0x50 I:/ARM-GN~1.3/133167~1.3RE/bin/../lib/gcc/arm-none-eabi/13.3.1/thumb/v7e-m+fp/hard\libg.a(libc_a-init.o)
                0x08005dc4                __libc_init_array
 .text.__retarget_lock_acquire_recursive
                0x08005e14        0x4 I:/ARM-GN~1.3/133167~1.3RE/bin/../lib/gcc/arm-none-eabi/13.3.1/thumb/v7e-m+fp/hard\libg.a(libc_a-lock.o)
                0x08005e14                __retarget_lock_acquire_recursive
 .text.__retarget_lock_release_recursive
                0x08005e18        0x4 I:/ARM-GN~1.3/133167~1.3RE/bin/../lib/gcc/arm-none-eabi/13.3.1/thumb/v7e-m+fp/hard\libg.a(libc_a-lock.o)
                0x08005e18                __retarget_lock_release_recursive
 .text.startup.register_fini
                0x08005e1c       0x14 I:/ARM-GN~1.3/133167~1.3RE/bin/../lib/gcc/arm-none-eabi/13.3.1/thumb/v7e-m+fp/hard\libg.a(libc_a-__call_atexit.o)
 .text.atexit   0x08005e30        0xc I:/ARM-GN~1.3/133167~1.3RE/bin/../lib/gcc/arm-none-eabi/13.3.1/thumb/v7e-m+fp/hard\libg.a(libc_a-atexit.o)
                0x08005e30                atexit
 .text.__libc_fini_array
                0x08005e3c       0x28 I:/ARM-GN~1.3/133167~1.3RE/bin/../lib/gcc/arm-none-eabi/13.3.1/thumb/v7e-m+fp/hard\libg.a(libc_a-fini.o)
                0x08005e3c                __libc_fini_array
 .text.__register_exitproc
                0x08005e64       0x80 I:/ARM-GN~1.3/133167~1.3RE/bin/../lib/gcc/arm-none-eabi/13.3.1/thumb/v7e-m+fp/hard\libg.a(libc_a-__atexit.o)
                0x08005e64                __register_exitproc
 *(.glue_7)
 .glue_7        0x08005ee4        0x0 linker stubs
 *(.glue_7t)
 .glue_7t       0x08005ee4        0x0 linker stubs
 *(.eh_frame)
 .eh_frame      0x08005ee4        0x0 I:/ARM-GN~1.3/133167~1.3RE/bin/../lib/gcc/arm-none-eabi/13.3.1/thumb/v7e-m+fp/hard/crtbegin.o
 *(.init)
 .init          0x08005ee4        0x4 I:/ARM-GN~1.3/133167~1.3RE/bin/../lib/gcc/arm-none-eabi/13.3.1/thumb/v7e-m+fp/hard/crti.o
                0x08005ee4                _init
 .init          0x08005ee8        0x8 I:/ARM-GN~1.3/133167~1.3RE/bin/../lib/gcc/arm-none-eabi/13.3.1/thumb/v7e-m+fp/hard/crtn.o
 *(.fini)
 .fini          0x08005ef0        0x4 I:/ARM-GN~1.3/133167~1.3RE/bin/../lib/gcc/arm-none-eabi/13.3.1/thumb/v7e-m+fp/hard/crti.o
                0x08005ef0                _fini
 .fini          0x08005ef4        0x8 I:/ARM-GN~1.3/133167~1.3RE/bin/../lib/gcc/arm-none-eabi/13.3.1/thumb/v7e-m+fp/hard/crtn.o
                0x08005efc                        . = ALIGN (0x4)
                0x08005efc                        _etext = .

.vfp11_veneer   0x08005efc        0x0
 .vfp11_veneer  0x08005efc        0x0 linker stubs

.v4_bx          0x08005efc        0x0
 .v4_bx         0x08005efc        0x0 linker stubs

.iplt           0x08005efc        0x0
 .iplt          0x08005efc        0x0 I:/ARM-GN~1.3/133167~1.3RE/bin/../lib/gcc/arm-none-eabi/13.3.1/thumb/v7e-m+fp/hard/crtbegin.o

.rodata         0x08005efc      0x3a4
                0x08005efc                        . = ALIGN (0x4)
 *(.rodata)
 .rodata        0x08005efc       0x54 CMakeFiles/Engineering_UserDefine_Version2.elf.dir/Core/Src/freertos.c.obj
 *(.rodata*)
 .rodata.str1.4
                0x08005f50       0x2d CMakeFiles/Engineering_UserDefine_Version2.elf.dir/Core/Src/freertos.c.obj
                                 0x28 (size before relaxing)
 *fill*         0x08005f7d        0x3 
 .rodata.APBPrescTable
                0x08005f80        0x8 CMakeFiles/Engineering_UserDefine_Version2.elf.dir/Core/Src/system_stm32f4xx.c.obj
                0x08005f80                APBPrescTable
 .rodata.AHBPrescTable
                0x08005f88       0x10 CMakeFiles/Engineering_UserDefine_Version2.elf.dir/Core/Src/system_stm32f4xx.c.obj
                0x08005f88                AHBPrescTable
 .rodata.flagBitshiftOffset.0
                0x08005f98        0x8 CMakeFiles/Engineering_UserDefine_Version2.elf.dir/Drivers/STM32F4xx_HAL_Driver/Src/stm32f4xx_hal_dma.c.obj
 .rodata.vTaskStartScheduler.str1.4
                0x08005fa0        0x5 CMakeFiles/Engineering_UserDefine_Version2.elf.dir/Middlewares/Third_Party/FreeRTOS/Source/tasks.c.obj
 .rodata.wCRC_table
                0x08005fa0      0x200 CMakeFiles/Engineering_UserDefine_Version2.elf.dir/USER/crc8_crc16.c.obj
                0x08005fa0                wCRC_table
 .rodata.CRC8_table
                0x080061a0      0x100 CMakeFiles/Engineering_UserDefine_Version2.elf.dir/USER/crc8_crc16.c.obj
                0x080061a0                CRC8_table
                0x080062a0                        . = ALIGN (0x4)

.ARM.extab      0x080062a0        0x0
                0x080062a0                        . = ALIGN (0x4)
 *(.ARM.extab* .gnu.linkonce.armextab.*)
                0x080062a0                        . = ALIGN (0x4)

.ARM            0x080062a0        0x8
                0x080062a0                        . = ALIGN (0x4)
                0x080062a0                        __exidx_start = .
 *(.ARM.exidx*)
 .ARM.exidx     0x080062a0        0x8 I:/ARM-GN~1.3/133167~1.3RE/bin/../lib/gcc/arm-none-eabi/13.3.1/thumb/v7e-m+fp/hard\libg.a(libc_a-memcpy.o)
 .ARM.exidx.text.__udivmoddi4
                0x080062a8        0x0 I:/ARM-GN~1.3/133167~1.3RE/bin/../lib/gcc/arm-none-eabi/13.3.1/thumb/v7e-m+fp/hard\libgcc.a(_udivmoddi4.o)
                                  0x8 (size before relaxing)
                0x080062a8                        __exidx_end = .
                0x080062a8                        . = ALIGN (0x4)

.rel.dyn        0x080062a8        0x0
 .rel.iplt      0x080062a8        0x0 I:/ARM-GN~1.3/133167~1.3RE/bin/../lib/gcc/arm-none-eabi/13.3.1/thumb/v7e-m+fp/hard/crtbegin.o

.preinit_array  0x080062a8        0x0
                0x080062a8                        . = ALIGN (0x4)
                0x080062a8                        PROVIDE (__preinit_array_start = .)
 *(.preinit_array*)
                0x080062a8                        PROVIDE (__preinit_array_end = .)
                0x080062a8                        . = ALIGN (0x4)

.init_array     0x080062a8        0x8
                0x080062a8                        . = ALIGN (0x4)
                0x080062a8                        PROVIDE (__init_array_start = .)
 *(SORT_BY_NAME(.init_array.*))
 .init_array.00000
                0x080062a8        0x4 I:/ARM-GN~1.3/133167~1.3RE/bin/../lib/gcc/arm-none-eabi/13.3.1/thumb/v7e-m+fp/hard\libg.a(libc_a-__call_atexit.o)
 *(.init_array*)
 .init_array    0x080062ac        0x4 I:/ARM-GN~1.3/133167~1.3RE/bin/../lib/gcc/arm-none-eabi/13.3.1/thumb/v7e-m+fp/hard/crtbegin.o
                0x080062b0                        PROVIDE (__init_array_end = .)
                0x080062b0                        . = ALIGN (0x4)

.fini_array     0x080062b0        0x4
                0x080062b0                        . = ALIGN (0x4)
                0x080062b0                        PROVIDE (__fini_array_start = .)
 *(SORT_BY_NAME(.fini_array.*))
 *(.fini_array*)
 .fini_array    0x080062b0        0x4 I:/ARM-GN~1.3/133167~1.3RE/bin/../lib/gcc/arm-none-eabi/13.3.1/thumb/v7e-m+fp/hard/crtbegin.o
                0x080062b4                        PROVIDE (__fini_array_end = .)
                0x080062b4                        . = ALIGN (0x4)
                0x080062b4                        _sidata = LOADADDR (.data)

.data           0x20000000       0x18 load address 0x080062b4
                0x20000000                        . = ALIGN (0x4)
                0x20000000                        _sdata = .
 *(.data)
 *(.data*)
 .data.SystemCoreClock
                0x20000000        0x4 CMakeFiles/Engineering_UserDefine_Version2.elf.dir/Core/Src/system_stm32f4xx.c.obj
                0x20000000                SystemCoreClock
 .data.uwTickFreq
                0x20000004        0x1 CMakeFiles/Engineering_UserDefine_Version2.elf.dir/Drivers/STM32F4xx_HAL_Driver/Src/stm32f4xx_hal.c.obj
                0x20000004                uwTickFreq
 *fill*         0x20000005        0x3 
 .data.uwTickPrio
                0x20000008        0x4 CMakeFiles/Engineering_UserDefine_Version2.elf.dir/Drivers/STM32F4xx_HAL_Driver/Src/stm32f4xx_hal.c.obj
                0x20000008                uwTickPrio
 .data.uxCriticalNesting
                0x2000000c        0x4 CMakeFiles/Engineering_UserDefine_Version2.elf.dir/Middlewares/Third_Party/FreeRTOS/Source/portable/GCC/ARM_CM4F/port.c.obj
 .data.CRC16_INIT
                0x20000010        0x2 CMakeFiles/Engineering_UserDefine_Version2.elf.dir/USER/crc8_crc16.c.obj
                0x20000010                CRC16_INIT
 *fill*         0x20000012        0x2 
 .data.__atexit_recursive_mutex
                0x20000014        0x4 I:/ARM-GN~1.3/133167~1.3RE/bin/../lib/gcc/arm-none-eabi/13.3.1/thumb/v7e-m+fp/hard\libg.a(libc_a-__call_atexit.o)
                0x20000014                __atexit_recursive_mutex
 *(.RamFunc)
 *(.RamFunc*)
                0x20000018                        . = ALIGN (0x4)
                0x20000018                        _edata = .
                0x080062cc                        _siccmram = LOADADDR (.ccmram)

.tm_clone_table
                0x20000018        0x0 load address 0x080062cc
 .tm_clone_table
                0x20000018        0x0 I:/ARM-GN~1.3/133167~1.3RE/bin/../lib/gcc/arm-none-eabi/13.3.1/thumb/v7e-m+fp/hard/crtbegin.o
 .tm_clone_table
                0x20000018        0x0 I:/ARM-GN~1.3/133167~1.3RE/bin/../lib/gcc/arm-none-eabi/13.3.1/thumb/v7e-m+fp/hard/crtend.o

.igot.plt       0x20000018        0x0 load address 0x080062cc
 .igot.plt      0x20000018        0x0 I:/ARM-GN~1.3/133167~1.3RE/bin/../lib/gcc/arm-none-eabi/13.3.1/thumb/v7e-m+fp/hard/crtbegin.o

.ccmram         0x10000000        0x0 load address 0x080062cc
                0x10000000                        . = ALIGN (0x4)
                0x10000000                        _sccmram = .
 *(.ccmram)
 *(.ccmram*)
                0x10000000                        . = ALIGN (0x4)
                0x10000000                        _eccmram = .
                0x10000000                        . = ALIGN (0x4)

.bss            0x20000018    0x108f8
                0x20000018                        _sbss = .
                0x20000018                        __bss_start__ = _sbss
 *(.bss)
 *(.bss*)
 .bss.completed.1
                0x20000018        0x1 I:/ARM-GN~1.3/133167~1.3RE/bin/../lib/gcc/arm-none-eabi/13.3.1/thumb/v7e-m+fp/hard/crtbegin.o
 *fill*         0x20000019        0x3 
 .bss.object.0  0x2000001c       0x18 I:/ARM-GN~1.3/133167~1.3RE/bin/../lib/gcc/arm-none-eabi/13.3.1/thumb/v7e-m+fp/hard/crtbegin.o
 .bss.xIdleStack
                0x20000034      0x200 CMakeFiles/Engineering_UserDefine_Version2.elf.dir/Core/Src/freertos.c.obj
 .bss.xIdleTaskTCBBuffer
                0x20000234       0x54 CMakeFiles/Engineering_UserDefine_Version2.elf.dir/Core/Src/freertos.c.obj
 .bss.myTask03Handle
                0x20000288        0x4 CMakeFiles/Engineering_UserDefine_Version2.elf.dir/Core/Src/freertos.c.obj
                0x20000288                myTask03Handle
 .bss.EncoderTaskHandle
                0x2000028c        0x4 CMakeFiles/Engineering_UserDefine_Version2.elf.dir/Core/Src/freertos.c.obj
                0x2000028c                EncoderTaskHandle
 .bss.USART2_SendTaskHandle
                0x20000290        0x4 CMakeFiles/Engineering_UserDefine_Version2.elf.dir/Core/Src/freertos.c.obj
                0x20000290                USART2_SendTaskHandle
 .bss.hi2c3     0x20000294       0x54 CMakeFiles/Engineering_UserDefine_Version2.elf.dir/Core/Src/i2c.c.obj
                0x20000294                hi2c3
 .bss.hi2c2     0x200002e8       0x54 CMakeFiles/Engineering_UserDefine_Version2.elf.dir/Core/Src/i2c.c.obj
                0x200002e8                hi2c2
 .bss.hi2c1     0x2000033c       0x54 CMakeFiles/Engineering_UserDefine_Version2.elf.dir/Core/Src/i2c.c.obj
                0x2000033c                hi2c1
 .bss.xQueue    0x20000390        0x4 CMakeFiles/Engineering_UserDefine_Version2.elf.dir/Core/Src/main.c.obj
                0x20000390                xQueue
 .bss.htim4     0x20000394       0x48 CMakeFiles/Engineering_UserDefine_Version2.elf.dir/Core/Src/stm32f4xx_hal_timebase_tim.c.obj
                0x20000394                htim4
 .bss.htim2     0x200003dc       0x48 CMakeFiles/Engineering_UserDefine_Version2.elf.dir/Core/Src/tim.c.obj
                0x200003dc                htim2
 .bss.hdma_usart2_tx
                0x20000424       0x60 CMakeFiles/Engineering_UserDefine_Version2.elf.dir/Core/Src/usart.c.obj
                0x20000424                hdma_usart2_tx
 .bss.huart2    0x20000484       0x48 CMakeFiles/Engineering_UserDefine_Version2.elf.dir/Core/Src/usart.c.obj
                0x20000484                huart2
 .bss.uwTick    0x200004cc        0x4 CMakeFiles/Engineering_UserDefine_Version2.elf.dir/Drivers/STM32F4xx_HAL_Driver/Src/stm32f4xx_hal.c.obj
                0x200004cc                uwTick
 .bss.ulMaxPRIGROUPValue
                0x200004d0        0x4 CMakeFiles/Engineering_UserDefine_Version2.elf.dir/Middlewares/Third_Party/FreeRTOS/Source/portable/GCC/ARM_CM4F/port.c.obj
 .bss.ucMaxSysCallPriority
                0x200004d4        0x1 CMakeFiles/Engineering_UserDefine_Version2.elf.dir/Middlewares/Third_Party/FreeRTOS/Source/portable/GCC/ARM_CM4F/port.c.obj
 *fill*         0x200004d5        0x3 
 .bss.xBlockAllocatedBit
                0x200004d8        0x4 CMakeFiles/Engineering_UserDefine_Version2.elf.dir/Middlewares/Third_Party/FreeRTOS/Source/portable/MemMang/heap_4.c.obj
 .bss.xNumberOfSuccessfulFrees
                0x200004dc        0x4 CMakeFiles/Engineering_UserDefine_Version2.elf.dir/Middlewares/Third_Party/FreeRTOS/Source/portable/MemMang/heap_4.c.obj
 .bss.xNumberOfSuccessfulAllocations
                0x200004e0        0x4 CMakeFiles/Engineering_UserDefine_Version2.elf.dir/Middlewares/Third_Party/FreeRTOS/Source/portable/MemMang/heap_4.c.obj
 .bss.xMinimumEverFreeBytesRemaining
                0x200004e4        0x4 CMakeFiles/Engineering_UserDefine_Version2.elf.dir/Middlewares/Third_Party/FreeRTOS/Source/portable/MemMang/heap_4.c.obj
 .bss.xFreeBytesRemaining
                0x200004e8        0x4 CMakeFiles/Engineering_UserDefine_Version2.elf.dir/Middlewares/Third_Party/FreeRTOS/Source/portable/MemMang/heap_4.c.obj
 .bss.pxEnd     0x200004ec        0x4 CMakeFiles/Engineering_UserDefine_Version2.elf.dir/Middlewares/Third_Party/FreeRTOS/Source/portable/MemMang/heap_4.c.obj
 .bss.xStart    0x200004f0        0x8 CMakeFiles/Engineering_UserDefine_Version2.elf.dir/Middlewares/Third_Party/FreeRTOS/Source/portable/MemMang/heap_4.c.obj
 .bss.ucHeap    0x200004f8     0xffff CMakeFiles/Engineering_UserDefine_Version2.elf.dir/Middlewares/Third_Party/FreeRTOS/Source/portable/MemMang/heap_4.c.obj
 *fill*         0x200104f7        0x1 
 .bss.uxSchedulerSuspended
                0x200104f8        0x4 CMakeFiles/Engineering_UserDefine_Version2.elf.dir/Middlewares/Third_Party/FreeRTOS/Source/tasks.c.obj
 .bss.xIdleTaskHandle
                0x200104fc        0x4 CMakeFiles/Engineering_UserDefine_Version2.elf.dir/Middlewares/Third_Party/FreeRTOS/Source/tasks.c.obj
 .bss.xNextTaskUnblockTime
                0x20010500        0x4 CMakeFiles/Engineering_UserDefine_Version2.elf.dir/Middlewares/Third_Party/FreeRTOS/Source/tasks.c.obj
 .bss.uxTaskNumber
                0x20010504        0x4 CMakeFiles/Engineering_UserDefine_Version2.elf.dir/Middlewares/Third_Party/FreeRTOS/Source/tasks.c.obj
 .bss.xNumOfOverflows
                0x20010508        0x4 CMakeFiles/Engineering_UserDefine_Version2.elf.dir/Middlewares/Third_Party/FreeRTOS/Source/tasks.c.obj
 .bss.xYieldPending
                0x2001050c        0x4 CMakeFiles/Engineering_UserDefine_Version2.elf.dir/Middlewares/Third_Party/FreeRTOS/Source/tasks.c.obj
 .bss.xPendedTicks
                0x20010510        0x4 CMakeFiles/Engineering_UserDefine_Version2.elf.dir/Middlewares/Third_Party/FreeRTOS/Source/tasks.c.obj
 .bss.xSchedulerRunning
                0x20010514        0x4 CMakeFiles/Engineering_UserDefine_Version2.elf.dir/Middlewares/Third_Party/FreeRTOS/Source/tasks.c.obj
 .bss.uxTopReadyPriority
                0x20010518        0x4 CMakeFiles/Engineering_UserDefine_Version2.elf.dir/Middlewares/Third_Party/FreeRTOS/Source/tasks.c.obj
 .bss.xTickCount
                0x2001051c        0x4 CMakeFiles/Engineering_UserDefine_Version2.elf.dir/Middlewares/Third_Party/FreeRTOS/Source/tasks.c.obj
 .bss.uxCurrentNumberOfTasks
                0x20010520        0x4 CMakeFiles/Engineering_UserDefine_Version2.elf.dir/Middlewares/Third_Party/FreeRTOS/Source/tasks.c.obj
 .bss.xSuspendedTaskList
                0x20010524       0x14 CMakeFiles/Engineering_UserDefine_Version2.elf.dir/Middlewares/Third_Party/FreeRTOS/Source/tasks.c.obj
 .bss.uxDeletedTasksWaitingCleanUp
                0x20010538        0x4 CMakeFiles/Engineering_UserDefine_Version2.elf.dir/Middlewares/Third_Party/FreeRTOS/Source/tasks.c.obj
 .bss.xTasksWaitingTermination
                0x2001053c       0x14 CMakeFiles/Engineering_UserDefine_Version2.elf.dir/Middlewares/Third_Party/FreeRTOS/Source/tasks.c.obj
 .bss.xPendingReadyList
                0x20010550       0x14 CMakeFiles/Engineering_UserDefine_Version2.elf.dir/Middlewares/Third_Party/FreeRTOS/Source/tasks.c.obj
 .bss.pxOverflowDelayedTaskList
                0x20010564        0x4 CMakeFiles/Engineering_UserDefine_Version2.elf.dir/Middlewares/Third_Party/FreeRTOS/Source/tasks.c.obj
 .bss.pxDelayedTaskList
                0x20010568        0x4 CMakeFiles/Engineering_UserDefine_Version2.elf.dir/Middlewares/Third_Party/FreeRTOS/Source/tasks.c.obj
 .bss.xDelayedTaskList2
                0x2001056c       0x14 CMakeFiles/Engineering_UserDefine_Version2.elf.dir/Middlewares/Third_Party/FreeRTOS/Source/tasks.c.obj
 .bss.xDelayedTaskList1
                0x20010580       0x14 CMakeFiles/Engineering_UserDefine_Version2.elf.dir/Middlewares/Third_Party/FreeRTOS/Source/tasks.c.obj
 .bss.pxReadyTasksLists
                0x20010594       0x8c CMakeFiles/Engineering_UserDefine_Version2.elf.dir/Middlewares/Third_Party/FreeRTOS/Source/tasks.c.obj
 .bss.pxCurrentTCB
                0x20010620        0x4 CMakeFiles/Engineering_UserDefine_Version2.elf.dir/Middlewares/Third_Party/FreeRTOS/Source/tasks.c.obj
                0x20010620                pxCurrentTCB
 .bss.filters   0x20010624       0xa8 CMakeFiles/Engineering_UserDefine_Version2.elf.dir/USER/encode_iic.c.obj
 .bss.raw_angle
                0x200106cc        0xc CMakeFiles/Engineering_UserDefine_Version2.elf.dir/USER/encode_iic.c.obj
 .bss.angles_encoder
                0x200106d8       0x18 CMakeFiles/Engineering_UserDefine_Version2.elf.dir/USER/encode_iic.c.obj
 .bss.frame_seq.0
                0x200106f0        0x1 CMakeFiles/Engineering_UserDefine_Version2.elf.dir/USER/usart2_send.c.obj
 *fill*         0x200106f1        0x3 
 .bss.encoder_values
                0x200106f4       0x18 CMakeFiles/Engineering_UserDefine_Version2.elf.dir/USER/usart2_send.c.obj
 .bss.angles    0x2001070c       0x18 CMakeFiles/Engineering_UserDefine_Version2.elf.dir/USER/usart2_send.c.obj
 .bss.dma_busy  0x20010724        0x1 CMakeFiles/Engineering_UserDefine_Version2.elf.dir/USER/usart2_send.c.obj
 .bss.current_buffer
                0x20010725        0x1 CMakeFiles/Engineering_UserDefine_Version2.elf.dir/USER/usart2_send.c.obj
 *fill*         0x20010726        0x2 
 .bss.dma_tx_buffer
                0x20010728       0x4e CMakeFiles/Engineering_UserDefine_Version2.elf.dir/USER/usart2_send.c.obj
 *fill*         0x20010776        0x2 
 .bss.__lock___atexit_recursive_mutex
                0x20010778        0x1 I:/ARM-GN~1.3/133167~1.3RE/bin/../lib/gcc/arm-none-eabi/13.3.1/thumb/v7e-m+fp/hard\libg.a(libc_a-lock.o)
                0x20010778                __lock___atexit_recursive_mutex
 *fill*         0x20010779        0x3 
 .bss.__atexit  0x2001077c        0x4 I:/ARM-GN~1.3/133167~1.3RE/bin/../lib/gcc/arm-none-eabi/13.3.1/thumb/v7e-m+fp/hard\libg.a(libc_a-__call_atexit.o)
                0x2001077c                __atexit
 .bss.__atexit0
                0x20010780      0x190 I:/ARM-GN~1.3/133167~1.3RE/bin/../lib/gcc/arm-none-eabi/13.3.1/thumb/v7e-m+fp/hard\libg.a(libc_a-__atexit.o)
                0x20010780                __atexit0
 *(COMMON)
                0x20010910                        . = ALIGN (0x4)
                0x20010910                        _ebss = .
                0x20010910                        __bss_end__ = _ebss

._user_heap_stack
                0x20010910     0x1400
                0x20010910                        . = ALIGN (0x8)
                [!provide]                        PROVIDE (end = .)
                0x20010910                        PROVIDE (_end = .)
                0x20010d10                        . = (. + _Min_Heap_Size)
 *fill*         0x20010910      0x400 
                0x20011d10                        . = (. + _Min_Stack_Size)
 *fill*         0x20010d10     0x1000 
                0x20011d10                        . = ALIGN (0x8)

/DISCARD/
 libc.a(*)
 libm.a(*)
 libgcc.a(*)

.ARM.attributes
                0x00000000       0x30
 *(.ARM.attributes)
 .ARM.attributes
                0x00000000       0x22 I:/ARM-GN~1.3/133167~1.3RE/bin/../lib/gcc/arm-none-eabi/13.3.1/thumb/v7e-m+fp/hard/crti.o
 .ARM.attributes
                0x00000022       0x34 I:/ARM-GN~1.3/133167~1.3RE/bin/../lib/gcc/arm-none-eabi/13.3.1/thumb/v7e-m+fp/hard/crtbegin.o
 .ARM.attributes
                0x00000056       0x34 CMakeFiles/Engineering_UserDefine_Version2.elf.dir/Core/Src/dma.c.obj
 .ARM.attributes
                0x0000008a       0x34 CMakeFiles/Engineering_UserDefine_Version2.elf.dir/Core/Src/freertos.c.obj
 .ARM.attributes
                0x000000be       0x34 CMakeFiles/Engineering_UserDefine_Version2.elf.dir/Core/Src/gpio.c.obj
 .ARM.attributes
                0x000000f2       0x34 CMakeFiles/Engineering_UserDefine_Version2.elf.dir/Core/Src/i2c.c.obj
 .ARM.attributes
                0x00000126       0x34 CMakeFiles/Engineering_UserDefine_Version2.elf.dir/Core/Src/main.c.obj
 .ARM.attributes
                0x0000015a       0x34 CMakeFiles/Engineering_UserDefine_Version2.elf.dir/Core/Src/stm32f4xx_hal_msp.c.obj
 .ARM.attributes
                0x0000018e       0x34 CMakeFiles/Engineering_UserDefine_Version2.elf.dir/Core/Src/stm32f4xx_hal_timebase_tim.c.obj
 .ARM.attributes
                0x000001c2       0x34 CMakeFiles/Engineering_UserDefine_Version2.elf.dir/Core/Src/stm32f4xx_it.c.obj
 .ARM.attributes
                0x000001f6       0x34 CMakeFiles/Engineering_UserDefine_Version2.elf.dir/Core/Src/system_stm32f4xx.c.obj
 .ARM.attributes
                0x0000022a       0x34 CMakeFiles/Engineering_UserDefine_Version2.elf.dir/Core/Src/tim.c.obj
 .ARM.attributes
                0x0000025e       0x34 CMakeFiles/Engineering_UserDefine_Version2.elf.dir/Core/Src/usart.c.obj
 .ARM.attributes
                0x00000292       0x21 CMakeFiles/Engineering_UserDefine_Version2.elf.dir/Core/Startup/startup_stm32f407vetx.s.obj
 .ARM.attributes
                0x000002b3       0x34 CMakeFiles/Engineering_UserDefine_Version2.elf.dir/Drivers/STM32F4xx_HAL_Driver/Src/stm32f4xx_hal.c.obj
 .ARM.attributes
                0x000002e7       0x34 CMakeFiles/Engineering_UserDefine_Version2.elf.dir/Drivers/STM32F4xx_HAL_Driver/Src/stm32f4xx_hal_cortex.c.obj
 .ARM.attributes
                0x0000031b       0x34 CMakeFiles/Engineering_UserDefine_Version2.elf.dir/Drivers/STM32F4xx_HAL_Driver/Src/stm32f4xx_hal_dma.c.obj
 .ARM.attributes
                0x0000034f       0x34 CMakeFiles/Engineering_UserDefine_Version2.elf.dir/Drivers/STM32F4xx_HAL_Driver/Src/stm32f4xx_hal_gpio.c.obj
 .ARM.attributes
                0x00000383       0x34 CMakeFiles/Engineering_UserDefine_Version2.elf.dir/Drivers/STM32F4xx_HAL_Driver/Src/stm32f4xx_hal_i2c.c.obj
 .ARM.attributes
                0x000003b7       0x34 CMakeFiles/Engineering_UserDefine_Version2.elf.dir/Drivers/STM32F4xx_HAL_Driver/Src/stm32f4xx_hal_rcc.c.obj
 .ARM.attributes
                0x000003eb       0x34 CMakeFiles/Engineering_UserDefine_Version2.elf.dir/Drivers/STM32F4xx_HAL_Driver/Src/stm32f4xx_hal_tim.c.obj
 .ARM.attributes
                0x0000041f       0x34 CMakeFiles/Engineering_UserDefine_Version2.elf.dir/Drivers/STM32F4xx_HAL_Driver/Src/stm32f4xx_hal_tim_ex.c.obj
 .ARM.attributes
                0x00000453       0x34 CMakeFiles/Engineering_UserDefine_Version2.elf.dir/Drivers/STM32F4xx_HAL_Driver/Src/stm32f4xx_hal_uart.c.obj
 .ARM.attributes
                0x00000487       0x34 CMakeFiles/Engineering_UserDefine_Version2.elf.dir/Hardware_IIC/Hardware_i2c1.c.obj
 .ARM.attributes
                0x000004bb       0x34 CMakeFiles/Engineering_UserDefine_Version2.elf.dir/Middlewares/Third_Party/FreeRTOS/Source/CMSIS_RTOS/cmsis_os.c.obj
 .ARM.attributes
                0x000004ef       0x34 CMakeFiles/Engineering_UserDefine_Version2.elf.dir/Middlewares/Third_Party/FreeRTOS/Source/list.c.obj
 .ARM.attributes
                0x00000523       0x34 CMakeFiles/Engineering_UserDefine_Version2.elf.dir/Middlewares/Third_Party/FreeRTOS/Source/portable/GCC/ARM_CM4F/port.c.obj
 .ARM.attributes
                0x00000557       0x34 CMakeFiles/Engineering_UserDefine_Version2.elf.dir/Middlewares/Third_Party/FreeRTOS/Source/portable/MemMang/heap_4.c.obj
 .ARM.attributes
                0x0000058b       0x34 CMakeFiles/Engineering_UserDefine_Version2.elf.dir/Middlewares/Third_Party/FreeRTOS/Source/queue.c.obj
 .ARM.attributes
                0x000005bf       0x34 CMakeFiles/Engineering_UserDefine_Version2.elf.dir/Middlewares/Third_Party/FreeRTOS/Source/tasks.c.obj
 .ARM.attributes
                0x000005f3       0x34 CMakeFiles/Engineering_UserDefine_Version2.elf.dir/USER/crc8_crc16.c.obj
 .ARM.attributes
                0x00000627       0x34 CMakeFiles/Engineering_UserDefine_Version2.elf.dir/USER/encode_iic.c.obj
 .ARM.attributes
                0x0000065b       0x34 CMakeFiles/Engineering_UserDefine_Version2.elf.dir/USER/filter.c.obj
 .ARM.attributes
                0x0000068f       0x34 CMakeFiles/Engineering_UserDefine_Version2.elf.dir/USER/usart2_send.c.obj
 .ARM.attributes
                0x000006c3       0x34 CMakeFiles/Engineering_UserDefine_Version2.elf.dir/Virtual_IIC/iic1.c.obj
 .ARM.attributes
                0x000006f7       0x34 CMakeFiles/Engineering_UserDefine_Version2.elf.dir/Virtual_IIC/iic2.c.obj
 .ARM.attributes
                0x0000072b       0x34 CMakeFiles/Engineering_UserDefine_Version2.elf.dir/Virtual_IIC/iic3.c.obj
 .ARM.attributes
                0x0000075f       0x34 CMakeFiles/Engineering_UserDefine_Version2.elf.dir/Virtual_IIC/iic4.c.obj
 .ARM.attributes
                0x00000793       0x22 I:/ARM-GN~1.3/133167~1.3RE/bin/../lib/gcc/arm-none-eabi/13.3.1/thumb/v7e-m+fp/hard\libgcc.a(_arm_addsubdf3.o)
 .ARM.attributes
                0x000007b5       0x22 I:/ARM-GN~1.3/133167~1.3RE/bin/../lib/gcc/arm-none-eabi/13.3.1/thumb/v7e-m+fp/hard\libgcc.a(_arm_muldivdf3.o)
 .ARM.attributes
                0x000007d7       0x22 I:/ARM-GN~1.3/133167~1.3RE/bin/../lib/gcc/arm-none-eabi/13.3.1/thumb/v7e-m+fp/hard\libgcc.a(_arm_truncdfsf2.o)
 .ARM.attributes
                0x000007f9       0x22 I:/ARM-GN~1.3/133167~1.3RE/bin/../lib/gcc/arm-none-eabi/13.3.1/thumb/v7e-m+fp/hard\libgcc.a(_aeabi_uldivmod.o)
 .ARM.attributes
                0x0000081b       0x34 I:/ARM-GN~1.3/133167~1.3RE/bin/../lib/gcc/arm-none-eabi/13.3.1/thumb/v7e-m+fp/hard\libgcc.a(_udivmoddi4.o)
 .ARM.attributes
                0x0000084f       0x22 I:/ARM-GN~1.3/133167~1.3RE/bin/../lib/gcc/arm-none-eabi/13.3.1/thumb/v7e-m+fp/hard\libgcc.a(_dvmd_tls.o)
 .ARM.attributes
                0x00000871       0x34 I:/ARM-GN~1.3/133167~1.3RE/bin/../lib/gcc/arm-none-eabi/13.3.1/thumb/v7e-m+fp/hard\libg.a(libc_a-memset.o)
 .ARM.attributes
                0x000008a5       0x34 I:/ARM-GN~1.3/133167~1.3RE/bin/../lib/gcc/arm-none-eabi/13.3.1/thumb/v7e-m+fp/hard\libg.a(libc_a-init.o)
 .ARM.attributes
                0x000008d9       0x34 I:/ARM-GN~1.3/133167~1.3RE/bin/../lib/gcc/arm-none-eabi/13.3.1/thumb/v7e-m+fp/hard\libg.a(libc_a-lock.o)
 .ARM.attributes
                0x0000090d       0x20 I:/ARM-GN~1.3/133167~1.3RE/bin/../lib/gcc/arm-none-eabi/13.3.1/thumb/v7e-m+fp/hard\libg.a(libc_a-memcpy.o)
 .ARM.attributes
                0x0000092d       0x34 I:/ARM-GN~1.3/133167~1.3RE/bin/../lib/gcc/arm-none-eabi/13.3.1/thumb/v7e-m+fp/hard\libg.a(libc_a-__call_atexit.o)
 .ARM.attributes
                0x00000961       0x34 I:/ARM-GN~1.3/133167~1.3RE/bin/../lib/gcc/arm-none-eabi/13.3.1/thumb/v7e-m+fp/hard\libg.a(libc_a-atexit.o)
 .ARM.attributes
                0x00000995       0x34 I:/ARM-GN~1.3/133167~1.3RE/bin/../lib/gcc/arm-none-eabi/13.3.1/thumb/v7e-m+fp/hard\libg.a(libc_a-fini.o)
 .ARM.attributes
                0x000009c9       0x34 I:/ARM-GN~1.3/133167~1.3RE/bin/../lib/gcc/arm-none-eabi/13.3.1/thumb/v7e-m+fp/hard\libg.a(libc_a-__atexit.o)
 .ARM.attributes
                0x000009fd       0x34 I:/ARM-GN~1.3/133167~1.3RE/bin/../lib/gcc/arm-none-eabi/13.3.1/thumb/v7e-m+fp/hard/crtend.o
 .ARM.attributes
                0x00000a31       0x22 I:/ARM-GN~1.3/133167~1.3RE/bin/../lib/gcc/arm-none-eabi/13.3.1/thumb/v7e-m+fp/hard/crtn.o
OUTPUT(Engineering_UserDefine_Version2.elf elf32-littlearm)
LOAD linker stubs
LOAD I:/ARM-GN~1.3/133167~1.3RE/bin/../lib/gcc/arm-none-eabi/13.3.1/thumb/v7e-m+fp/hard\libc.a
LOAD I:/ARM-GN~1.3/133167~1.3RE/bin/../lib/gcc/arm-none-eabi/13.3.1/thumb/v7e-m+fp/hard\libm.a
LOAD I:/ARM-GN~1.3/133167~1.3RE/bin/../lib/gcc/arm-none-eabi/13.3.1/thumb/v7e-m+fp/hard\libgcc.a

.debug_info     0x00000000    0x22e76
 .debug_info    0x00000000      0x4ee CMakeFiles/Engineering_UserDefine_Version2.elf.dir/Core/Src/dma.c.obj
 .debug_info    0x000004ee      0x5c2 CMakeFiles/Engineering_UserDefine_Version2.elf.dir/Core/Src/freertos.c.obj
 .debug_info    0x00000ab0      0x501 CMakeFiles/Engineering_UserDefine_Version2.elf.dir/Core/Src/gpio.c.obj
 .debug_info    0x00000fb1      0xbdc CMakeFiles/Engineering_UserDefine_Version2.elf.dir/Core/Src/i2c.c.obj
 .debug_info    0x00001b8d      0xdbe CMakeFiles/Engineering_UserDefine_Version2.elf.dir/Core/Src/main.c.obj
 .debug_info    0x0000294b      0x4e6 CMakeFiles/Engineering_UserDefine_Version2.elf.dir/Core/Src/stm32f4xx_hal_msp.c.obj
 .debug_info    0x00002e31      0xc8e CMakeFiles/Engineering_UserDefine_Version2.elf.dir/Core/Src/stm32f4xx_hal_timebase_tim.c.obj
 .debug_info    0x00003abf      0x9be CMakeFiles/Engineering_UserDefine_Version2.elf.dir/Core/Src/stm32f4xx_it.c.obj
 .debug_info    0x0000447d      0x527 CMakeFiles/Engineering_UserDefine_Version2.elf.dir/Core/Src/system_stm32f4xx.c.obj
 .debug_info    0x000049a4      0xa3c CMakeFiles/Engineering_UserDefine_Version2.elf.dir/Core/Src/tim.c.obj
 .debug_info    0x000053e0      0xcb0 CMakeFiles/Engineering_UserDefine_Version2.elf.dir/Core/Src/usart.c.obj
 .debug_info    0x00006090       0x30 CMakeFiles/Engineering_UserDefine_Version2.elf.dir/Core/Startup/startup_stm32f407vetx.s.obj
 .debug_info    0x000060c0      0x9e2 CMakeFiles/Engineering_UserDefine_Version2.elf.dir/Drivers/STM32F4xx_HAL_Driver/Src/stm32f4xx_hal.c.obj
 .debug_info    0x00006aa2      0xff5 CMakeFiles/Engineering_UserDefine_Version2.elf.dir/Drivers/STM32F4xx_HAL_Driver/Src/stm32f4xx_hal_cortex.c.obj
 .debug_info    0x00007a97      0xad9 CMakeFiles/Engineering_UserDefine_Version2.elf.dir/Drivers/STM32F4xx_HAL_Driver/Src/stm32f4xx_hal_dma.c.obj
 .debug_info    0x00008570      0x704 CMakeFiles/Engineering_UserDefine_Version2.elf.dir/Drivers/STM32F4xx_HAL_Driver/Src/stm32f4xx_hal_gpio.c.obj
 .debug_info    0x00008c74     0x3805 CMakeFiles/Engineering_UserDefine_Version2.elf.dir/Drivers/STM32F4xx_HAL_Driver/Src/stm32f4xx_hal_i2c.c.obj
 .debug_info    0x0000c479      0xa6d CMakeFiles/Engineering_UserDefine_Version2.elf.dir/Drivers/STM32F4xx_HAL_Driver/Src/stm32f4xx_hal_rcc.c.obj
 .debug_info    0x0000cee6     0x3c53 CMakeFiles/Engineering_UserDefine_Version2.elf.dir/Drivers/STM32F4xx_HAL_Driver/Src/stm32f4xx_hal_tim.c.obj
 .debug_info    0x00010b39     0x1aec CMakeFiles/Engineering_UserDefine_Version2.elf.dir/Drivers/STM32F4xx_HAL_Driver/Src/stm32f4xx_hal_tim_ex.c.obj
 .debug_info    0x00012625     0x4000 CMakeFiles/Engineering_UserDefine_Version2.elf.dir/Drivers/STM32F4xx_HAL_Driver/Src/stm32f4xx_hal_uart.c.obj
 .debug_info    0x00016625      0x944 CMakeFiles/Engineering_UserDefine_Version2.elf.dir/Hardware_IIC/Hardware_i2c1.c.obj
 .debug_info    0x00016f69     0x2434 CMakeFiles/Engineering_UserDefine_Version2.elf.dir/Middlewares/Third_Party/FreeRTOS/Source/CMSIS_RTOS/cmsis_os.c.obj
 .debug_info    0x0001939d      0x2bf CMakeFiles/Engineering_UserDefine_Version2.elf.dir/Middlewares/Third_Party/FreeRTOS/Source/list.c.obj
 .debug_info    0x0001965c      0x55a CMakeFiles/Engineering_UserDefine_Version2.elf.dir/Middlewares/Third_Party/FreeRTOS/Source/portable/GCC/ARM_CM4F/port.c.obj
 .debug_info    0x00019bb6      0x593 CMakeFiles/Engineering_UserDefine_Version2.elf.dir/Middlewares/Third_Party/FreeRTOS/Source/portable/MemMang/heap_4.c.obj
 .debug_info    0x0001a149     0x229b CMakeFiles/Engineering_UserDefine_Version2.elf.dir/Middlewares/Third_Party/FreeRTOS/Source/queue.c.obj
 .debug_info    0x0001c3e4     0x287c CMakeFiles/Engineering_UserDefine_Version2.elf.dir/Middlewares/Third_Party/FreeRTOS/Source/tasks.c.obj
 .debug_info    0x0001ec60      0x3bf CMakeFiles/Engineering_UserDefine_Version2.elf.dir/USER/crc8_crc16.c.obj
 .debug_info    0x0001f01f      0x3bc CMakeFiles/Engineering_UserDefine_Version2.elf.dir/USER/encode_iic.c.obj
 .debug_info    0x0001f3db      0x3a7 CMakeFiles/Engineering_UserDefine_Version2.elf.dir/USER/filter.c.obj
 .debug_info    0x0001f782      0x98e CMakeFiles/Engineering_UserDefine_Version2.elf.dir/USER/usart2_send.c.obj
 .debug_info    0x00020110      0x11d CMakeFiles/Engineering_UserDefine_Version2.elf.dir/Virtual_IIC/iic1.c.obj
 .debug_info    0x0002022d      0xec3 CMakeFiles/Engineering_UserDefine_Version2.elf.dir/Virtual_IIC/iic2.c.obj
 .debug_info    0x000210f0      0xec3 CMakeFiles/Engineering_UserDefine_Version2.elf.dir/Virtual_IIC/iic3.c.obj
 .debug_info    0x00021fb3      0xec3 CMakeFiles/Engineering_UserDefine_Version2.elf.dir/Virtual_IIC/iic4.c.obj

.debug_abbrev   0x00000000     0x4e41
 .debug_abbrev  0x00000000      0x12b CMakeFiles/Engineering_UserDefine_Version2.elf.dir/Core/Src/dma.c.obj
 .debug_abbrev  0x0000012b      0x183 CMakeFiles/Engineering_UserDefine_Version2.elf.dir/Core/Src/freertos.c.obj
 .debug_abbrev  0x000002ae      0x164 CMakeFiles/Engineering_UserDefine_Version2.elf.dir/Core/Src/gpio.c.obj
 .debug_abbrev  0x00000412      0x213 CMakeFiles/Engineering_UserDefine_Version2.elf.dir/Core/Src/i2c.c.obj
 .debug_abbrev  0x00000625      0x2a1 CMakeFiles/Engineering_UserDefine_Version2.elf.dir/Core/Src/main.c.obj
 .debug_abbrev  0x000008c6      0x120 CMakeFiles/Engineering_UserDefine_Version2.elf.dir/Core/Src/stm32f4xx_hal_msp.c.obj
 .debug_abbrev  0x000009e6      0x232 CMakeFiles/Engineering_UserDefine_Version2.elf.dir/Core/Src/stm32f4xx_hal_timebase_tim.c.obj
 .debug_abbrev  0x00000c18      0x191 CMakeFiles/Engineering_UserDefine_Version2.elf.dir/Core/Src/stm32f4xx_it.c.obj
 .debug_abbrev  0x00000da9      0x11e CMakeFiles/Engineering_UserDefine_Version2.elf.dir/Core/Src/system_stm32f4xx.c.obj
 .debug_abbrev  0x00000ec7      0x1f3 CMakeFiles/Engineering_UserDefine_Version2.elf.dir/Core/Src/tim.c.obj
 .debug_abbrev  0x000010ba      0x24a CMakeFiles/Engineering_UserDefine_Version2.elf.dir/Core/Src/usart.c.obj
 .debug_abbrev  0x00001304       0x24 CMakeFiles/Engineering_UserDefine_Version2.elf.dir/Core/Startup/startup_stm32f407vetx.s.obj
 .debug_abbrev  0x00001328      0x240 CMakeFiles/Engineering_UserDefine_Version2.elf.dir/Drivers/STM32F4xx_HAL_Driver/Src/stm32f4xx_hal.c.obj
 .debug_abbrev  0x00001568      0x391 CMakeFiles/Engineering_UserDefine_Version2.elf.dir/Drivers/STM32F4xx_HAL_Driver/Src/stm32f4xx_hal_cortex.c.obj
 .debug_abbrev  0x000018f9      0x2c0 CMakeFiles/Engineering_UserDefine_Version2.elf.dir/Drivers/STM32F4xx_HAL_Driver/Src/stm32f4xx_hal_dma.c.obj
 .debug_abbrev  0x00001bb9      0x202 CMakeFiles/Engineering_UserDefine_Version2.elf.dir/Drivers/STM32F4xx_HAL_Driver/Src/stm32f4xx_hal_gpio.c.obj
 .debug_abbrev  0x00001dbb      0x2c3 CMakeFiles/Engineering_UserDefine_Version2.elf.dir/Drivers/STM32F4xx_HAL_Driver/Src/stm32f4xx_hal_i2c.c.obj
 .debug_abbrev  0x0000207e      0x2c7 CMakeFiles/Engineering_UserDefine_Version2.elf.dir/Drivers/STM32F4xx_HAL_Driver/Src/stm32f4xx_hal_rcc.c.obj
 .debug_abbrev  0x00002345      0x271 CMakeFiles/Engineering_UserDefine_Version2.elf.dir/Drivers/STM32F4xx_HAL_Driver/Src/stm32f4xx_hal_tim.c.obj
 .debug_abbrev  0x000025b6      0x26f CMakeFiles/Engineering_UserDefine_Version2.elf.dir/Drivers/STM32F4xx_HAL_Driver/Src/stm32f4xx_hal_tim_ex.c.obj
 .debug_abbrev  0x00002825      0x32f CMakeFiles/Engineering_UserDefine_Version2.elf.dir/Drivers/STM32F4xx_HAL_Driver/Src/stm32f4xx_hal_uart.c.obj
 .debug_abbrev  0x00002b54      0x236 CMakeFiles/Engineering_UserDefine_Version2.elf.dir/Hardware_IIC/Hardware_i2c1.c.obj
 .debug_abbrev  0x00002d8a      0x3f1 CMakeFiles/Engineering_UserDefine_Version2.elf.dir/Middlewares/Third_Party/FreeRTOS/Source/CMSIS_RTOS/cmsis_os.c.obj
 .debug_abbrev  0x0000317b      0x10a CMakeFiles/Engineering_UserDefine_Version2.elf.dir/Middlewares/Third_Party/FreeRTOS/Source/list.c.obj
 .debug_abbrev  0x00003285      0x293 CMakeFiles/Engineering_UserDefine_Version2.elf.dir/Middlewares/Third_Party/FreeRTOS/Source/portable/GCC/ARM_CM4F/port.c.obj
 .debug_abbrev  0x00003518      0x263 CMakeFiles/Engineering_UserDefine_Version2.elf.dir/Middlewares/Third_Party/FreeRTOS/Source/portable/MemMang/heap_4.c.obj
 .debug_abbrev  0x0000377b      0x3ea CMakeFiles/Engineering_UserDefine_Version2.elf.dir/Middlewares/Third_Party/FreeRTOS/Source/queue.c.obj
 .debug_abbrev  0x00003b65      0x38d CMakeFiles/Engineering_UserDefine_Version2.elf.dir/Middlewares/Third_Party/FreeRTOS/Source/tasks.c.obj
 .debug_abbrev  0x00003ef2      0x103 CMakeFiles/Engineering_UserDefine_Version2.elf.dir/USER/crc8_crc16.c.obj
 .debug_abbrev  0x00003ff5      0x197 CMakeFiles/Engineering_UserDefine_Version2.elf.dir/USER/encode_iic.c.obj
 .debug_abbrev  0x0000418c      0x17e CMakeFiles/Engineering_UserDefine_Version2.elf.dir/USER/filter.c.obj
 .debug_abbrev  0x0000430a      0x23f CMakeFiles/Engineering_UserDefine_Version2.elf.dir/USER/usart2_send.c.obj
 .debug_abbrev  0x00004549       0x94 CMakeFiles/Engineering_UserDefine_Version2.elf.dir/Virtual_IIC/iic1.c.obj
 .debug_abbrev  0x000045dd      0x2cc CMakeFiles/Engineering_UserDefine_Version2.elf.dir/Virtual_IIC/iic2.c.obj
 .debug_abbrev  0x000048a9      0x2cc CMakeFiles/Engineering_UserDefine_Version2.elf.dir/Virtual_IIC/iic3.c.obj
 .debug_abbrev  0x00004b75      0x2cc CMakeFiles/Engineering_UserDefine_Version2.elf.dir/Virtual_IIC/iic4.c.obj
